warning: manifest out of date: git revision of dependency 'mathlib' changed; use `lake update mathlib` to update it
✖ [1148/1149] Building Disproof
trace: .> LEAN_PATH=././.lake/packages/Cli/.lake/build/lib/lean:././.lake/packages/batteries/.lake/build/lib/lean:././.lake/packages/Qq/.lake/build/lib/lean:././.lake/packages/aesop/.lake/build/lib/lean:././.lake/packages/proofwidgets/.lake/build/lib/lean:././.lake/packages/importGraph/.lake/build/lib/lean:././.lake/packages/LeanSearchClient/.lake/build/lib/lean:././.lake/packages/plausible/.lake/build/lib/lean:././.lake/packages/mathlib/.lake/build/lib/lean:././.lake/build/lib/lean /private/tmp/tlmc310-runtime/lean-4.19.0-darwin_aarch64/bin/lean -DautoImplicit=false -DwarningAsError=true ././././Disproof.lean -R ./././. -o ././.lake/build/lib/lean/Disproof.olean -i ././.lake/build/lib/lean/Disproof.ilean -c ././.lake/build/ir/Disproof.c --json
error: ././././Disproof.lean:15:37: unknown identifier 'ℝ'
error: ././././Disproof.lean:15:58: unknown identifier 'ℝ'
error: ././././Disproof.lean:15:62: unknown identifier 'ℝ'
error: ././././Disproof.lean:16:22: unknown identifier 'ℝ'
error: ././././Disproof.lean:28:47: unknown identifier 'ℝ'
error: ././././Disproof.lean:29:12: unknown identifier 'ℝ'
error: ././././Disproof.lean:29:16: unknown identifier 'ℝ'
error: ././././Disproof.lean:30:15: unknown identifier 'ℝ'
error: ././././Disproof.lean:44:27: unknown identifier 'ℝ'
error: ././././Disproof.lean:44:35: unknown identifier 'ℝ'
error: ././././Disproof.lean:44:39: unknown identifier 'ℝ'
error: ././././Disproof.lean:45:11: unknown identifier 'ℝ'
error: ././././Disproof.lean:52:35: unknown identifier 'ℝ'
error: ././././Disproof.lean:53:12: unknown identifier 'ℝ'
error: ././././Disproof.lean:53:16: unknown identifier 'ℝ'
error: Lean exited with code 1
Some required builds logged failures:
- Disproof
error: build failed
