✔ [2814/2817] Built Conjecture2187
✖ [2816/2817] Building AuthorAudit
trace: .> LEAN_PATH=././.lake/packages/Cli/.lake/build/lib/lean:././.lake/packages/batteries/.lake/build/lib/lean:././.lake/packages/Qq/.lake/build/lib/lean:././.lake/packages/aesop/.lake/build/lib/lean:././.lake/packages/proofwidgets/.lake/build/lib/lean:././.lake/packages/importGraph/.lake/build/lib/lean:././.lake/packages/LeanSearchClient/.lake/build/lib/lean:././.lake/packages/plausible/.lake/build/lib/lean:././.lake/packages/mathlib/.lake/build/lib/lean:././.lake/build/lib/lean /private/tmp/tlmc310-runtime/lean-4.19.0-darwin_aarch64/bin/lean ././././AuthorAudit.lean -R ./././. -o ././.lake/build/lib/lean/AuthorAudit.olean -i ././.lake/build/lib/lean/AuthorAudit.ilean -c ././.lake/build/ir/AuthorAudit.c --json
error: ././././AuthorAudit.lean:28:4: failed to synthesize
  Decidable safe

Additional diagnostic information may be available using the `set_option diagnostics true` command.
info: ././././AuthorAudit.lean:37:0: def Conjecture2187.Contains.{u_1, u_2} : {V : Type u_1} → {W : Type u_2} → SimpleGraph V → SimpleGraph W → Prop :=
fun {V} {W} H G => ∃ f, Function.Injective ⇑f
info: ././././AuthorAudit.lean:38:0: def Conjecture2187.Attainable : {V : Type} → SimpleGraph V → ℕ → Prop :=
fun {V} H m => ∃ W G, Finite ↑G.edgeSet ∧ Conjecture2187.Contains H G ∧ Nat.card ↑G.edgeSet = m
info: ././././AuthorAudit.lean:39:0: def Conjecture2187.minimumEdges : {V : Type} → (H : SimpleGraph V) → [inst : Finite ↑H.edgeSet] → ℕ :=
fun {V} H [Finite ↑H.edgeSet] => Nat.find ⋯
info: ././././AuthorAudit.lean:40:0: def Conjecture2187.ClaimedAsymptotic : Prop :=
∃ ε,
  Filter.Tendsto ε Filter.atTop (nhds 0) ∧ ∀ᶠ (n : ℕ) in Filter.atTop, ↑(Conjecture2187.pathMinimum n) = (3 + ε n) * ↑n
info: ././././AuthorAudit.lean:41:0: Conjecture2187.minimumEdges_attained {V : Type} (H : SimpleGraph V) [Finite ↑H.edgeSet] :
  Conjecture2187.Attainable H (Conjecture2187.minimumEdges H)
info: ././././AuthorAudit.lean:42:0: Conjecture2187.minimumEdges_le {V : Type} (H : SimpleGraph V) [Finite ↑H.edgeSet] {m : ℕ}
  (hm : Conjecture2187.Attainable H m) : Conjecture2187.minimumEdges H ≤ m
info: ././././AuthorAudit.lean:43:0: Conjecture2187.minimumEdges_eq {V : Type} (H : SimpleGraph V) [Finite ↑H.edgeSet] :
  Conjecture2187.minimumEdges H = Nat.card ↑H.edgeSet
info: ././././AuthorAudit.lean:44:0: Conjecture2187.pathMinimum_eq (n : ℕ) : Conjecture2187.pathMinimum n = n - 1
info: ././././AuthorAudit.lean:45:0: Conjecture2187.pathMinimum_succ (n : ℕ) : Conjecture2187.pathMinimum (n + 1) = n
info: ././././AuthorAudit.lean:46:0: Conjecture2187.pathMinimum_ratio_tendsto_one :
  Filter.Tendsto (fun n => ↑(Conjecture2187.pathMinimum n) / ↑n) Filter.atTop (nhds 1)
info: ././././AuthorAudit.lean:47:0: Conjecture2187.pathMinimum_ratio_not_tendsto_three :
  ¬Filter.Tendsto (fun n => ↑(Conjecture2187.pathMinimum n) / ↑n) Filter.atTop (nhds 3)
info: ././././AuthorAudit.lean:48:0: Conjecture2187.conjecture_false : ¬Conjecture2187.ClaimedAsymptotic
info: ././././AuthorAudit.lean:50:0: 'Conjecture2187.minimumEdges_eq' depends on axioms: [propext, Classical.choice, Quot.sound]
info: ././././AuthorAudit.lean:51:0: 'Conjecture2187.pathMinimum_eq' depends on axioms: [propext, Classical.choice, Quot.sound]
info: ././././AuthorAudit.lean:52:0: 'Conjecture2187.pathMinimum_ratio_tendsto_one' depends on axioms: [propext, Classical.choice, Quot.sound]
info: ././././AuthorAudit.lean:53:0: 'Conjecture2187.pathMinimum_ratio_not_tendsto_three' depends on axioms: [propext, Classical.choice, Quot.sound]
info: ././././AuthorAudit.lean:54:0: 'Conjecture2187.conjecture_false' depends on axioms: [propext, Classical.choice, Quot.sound]
error: Lean exited with code 1
Some required builds logged failures:
- AuthorAudit
error: build failed
