test_audit_failure_fields_each_rejected (__main__.ReplayTests.test_audit_failure_fields_each_rejected) ... ok
test_changed_input_rejected (__main__.ReplayTests.test_changed_input_rejected) ... ok
test_changed_package_pin_rejected (__main__.ReplayTests.test_changed_package_pin_rejected) ... ok
test_changed_toolchain_rejected (__main__.ReplayTests.test_changed_toolchain_rejected) ... ok
test_control_fixture_passes (__main__.ReplayTests.test_control_fixture_passes) ... ok
test_dirty_package_source_rejected (__main__.ReplayTests.test_dirty_package_source_rejected) ... ok
test_live_prohibited_source_rejected (__main__.ReplayTests.test_live_prohibited_source_rejected) ... ok
test_malformed_audit_rejected (__main__.ReplayTests.test_malformed_audit_rejected) ... ok
test_missing_input_digest_rejected (__main__.ReplayTests.test_missing_input_digest_rejected) ... ok
test_real_failed_command_rejected_and_logged (__main__.ReplayTests.test_real_failed_command_rejected_and_logged) ... ok
test_real_success_output_is_recorded (__main__.ReplayTests.test_real_success_output_is_recorded) ... ok
test_real_warning_rejected_even_with_zero_exit (__main__.ReplayTests.test_real_warning_rejected_even_with_zero_exit) ... ok
test_redirected_package_directory_rejected (__main__.ReplayTests.test_redirected_package_directory_rejected) ... ok
test_scanner_ignores_nested_comments_strings_but_preserves_live_text (__main__.ReplayTests.test_scanner_ignores_nested_comments_strings_but_preserves_live_text) ... ok
test_scanner_separates_adjacent_tokens_and_rejects_unterminated_input (__main__.ReplayTests.test_scanner_separates_adjacent_tokens_and_rejects_unterminated_input) ... ok
test_self_consistent_changed_input_and_digest_rejected (__main__.ReplayTests.test_self_consistent_changed_input_and_digest_rejected) ... ok
test_stale_pass_report_cannot_replace_new_audit (__main__.ReplayTests.test_stale_pass_report_cannot_replace_new_audit) ... ok
test_symlinked_audit_rejected (__main__.ReplayTests.test_symlinked_audit_rejected) ... ok
test_symlinked_owned_build_rejected_before_deletion (__main__.ReplayTests.test_symlinked_owned_build_rejected_before_deletion) ... ok
test_wrong_checkout_revision_rejected (__main__.ReplayTests.test_wrong_checkout_revision_rejected) ... ok

----------------------------------------------------------------------
Ran 20 tests in 0.129s

OK
