before-mathlib-revision | exit 0 | ["git", "-C", "/private/tmp/tlmc7914-independent-engineering/lean/.lake/packages/mathlib", "rev-parse", "HEAD"]
c44e0c8ee63ca166450922a373c7409c5d26b00b


before-mathlib-tracked-status | exit 0 | ["git", "-C", "/private/tmp/tlmc7914-independent-engineering/lean/.lake/packages/mathlib", "status", "--porcelain", "--untracked-files=no"]


before-plausible-revision | exit 0 | ["git", "-C", "/private/tmp/tlmc7914-independent-engineering/lean/.lake/packages/plausible", "rev-parse", "HEAD"]
77e08eddc486491d7b9e470926b3dbe50319451a


before-plausible-tracked-status | exit 0 | ["git", "-C", "/private/tmp/tlmc7914-independent-engineering/lean/.lake/packages/plausible", "status", "--porcelain", "--untracked-files=no"]


before-LeanSearchClient-revision | exit 0 | ["git", "-C", "/private/tmp/tlmc7914-independent-engineering/lean/.lake/packages/LeanSearchClient", "rev-parse", "HEAD"]
25078369972d295301f5a1e53c3e5850cf6d9d4c


before-LeanSearchClient-tracked-status | exit 0 | ["git", "-C", "/private/tmp/tlmc7914-independent-engineering/lean/.lake/packages/LeanSearchClient", "status", "--porcelain", "--untracked-files=no"]


before-importGraph-revision | exit 0 | ["git", "-C", "/private/tmp/tlmc7914-independent-engineering/lean/.lake/packages/importGraph", "rev-parse", "HEAD"]
e6a9f0f5ee3ccf7443a0070f92b62f8db12ae82b


before-importGraph-tracked-status | exit 0 | ["git", "-C", "/private/tmp/tlmc7914-independent-engineering/lean/.lake/packages/importGraph", "status", "--porcelain", "--untracked-files=no"]


before-proofwidgets-revision | exit 0 | ["git", "-C", "/private/tmp/tlmc7914-independent-engineering/lean/.lake/packages/proofwidgets", "rev-parse", "HEAD"]
c4919189477c3221e6a204008998b0d724f49904


before-proofwidgets-tracked-status | exit 0 | ["git", "-C", "/private/tmp/tlmc7914-independent-engineering/lean/.lake/packages/proofwidgets", "status", "--porcelain", "--untracked-files=no"]


before-aesop-revision | exit 0 | ["git", "-C", "/private/tmp/tlmc7914-independent-engineering/lean/.lake/packages/aesop", "rev-parse", "HEAD"]
5d50b08dedd7d69b3d9b3176e0d58a23af228884


before-aesop-tracked-status | exit 0 | ["git", "-C", "/private/tmp/tlmc7914-independent-engineering/lean/.lake/packages/aesop", "status", "--porcelain", "--untracked-files=no"]


before-Qq-revision | exit 0 | ["git", "-C", "/private/tmp/tlmc7914-independent-engineering/lean/.lake/packages/Qq", "rev-parse", "HEAD"]
fa4f7f15d97591a9cf3aa7724ba371c7fc6dda02


before-Qq-tracked-status | exit 0 | ["git", "-C", "/private/tmp/tlmc7914-independent-engineering/lean/.lake/packages/Qq", "status", "--porcelain", "--untracked-files=no"]


before-batteries-revision | exit 0 | ["git", "-C", "/private/tmp/tlmc7914-independent-engineering/lean/.lake/packages/batteries", "rev-parse", "HEAD"]
f5d04a9c4973d401c8c92500711518f7c656f034


before-batteries-tracked-status | exit 0 | ["git", "-C", "/private/tmp/tlmc7914-independent-engineering/lean/.lake/packages/batteries", "status", "--porcelain", "--untracked-files=no"]


before-Cli-revision | exit 0 | ["git", "-C", "/private/tmp/tlmc7914-independent-engineering/lean/.lake/packages/Cli", "rev-parse", "HEAD"]
02dbd02bc00ec4916e99b04b2245b30200e200d0


before-Cli-tracked-status | exit 0 | ["git", "-C", "/private/tmp/tlmc7914-independent-engineering/lean/.lake/packages/Cli", "status", "--porcelain", "--untracked-files=no"]


lean-version | exit 0 | ["lake", "env", "lean", "--version"]
Lean (version 4.19.0, arm64-apple-darwin23.6.0, commit 6caaee842e94, Release)


lake-version | exit 0 | ["lake", "--version"]
Lake version 5.0.0-6caaee8 (Lean version 4.19.0)


build | exit 0 | ["lake", "build"]
✔ [2793/2794] Built CovolumeSpectrum
Build completed successfully.


strict-proof | exit 0 | ["lake", "env", "lean", "-DwarningAsError=true", "CovolumeSpectrum.lean"]


axioms | exit 0 | ["lake", "env", "lean", "-DwarningAsError=true", "Audit.lean"]
'CovolumeSpectrum.scale_tendsto_zero' depends on axioms: [propext, Classical.choice, Quot.sound]
'CovolumeSpectrum.asymptotic_iff_ratio' depends on axioms: [propext, Classical.choice, Quot.sound]
'CovolumeSpectrum.rank_strictMono' depends on axioms: [propext, Classical.choice, Quot.sound]
'CovolumeSpectrum.no_rankedAsymptotic' depends on axioms: [propext, Classical.choice, Quot.sound]
'CovolumeSpectrum.limit_spectrum_nonnegative' depends on axioms: [propext, Classical.choice, Quot.sound]
'CovolumeSpectrum.limit_nonnegative' depends on axioms: [propext, Classical.choice, Quot.sound]
'CovolumeSpectrum.no_numericalConjecture' depends on axioms: [propext, Classical.choice, Quot.sound]
'CovolumeSpectrum.no_full_conjunction' depends on axioms: [propext, Classical.choice, Quot.sound]
'CovolumeSpectrum.finiteMeasureValues_nonnegative' depends on axioms: [propext, Classical.choice, Quot.sound]
'CovolumeSpectrum.no_measure_spectrum_conjunction' depends on axioms: [propext, Classical.choice, Quot.sound]
'CovolumeSpectrum.finite_liminf_nonnegative' depends on axioms: [propext, Classical.choice, Quot.sound]
'CovolumeSpectrum.no_liminf_spectrum_conjunction' depends on axioms: [propext, Classical.choice, Quot.sound]


types | exit 0 | ["lake", "env", "lean", "-DwarningAsError=true", ".lake/verification/TypeAudit.lean"]
CovolumeSpectrum.scale_tendsto_zero : ∀ (c : Real),
  Filter.Tendsto.{0, 0} (CovolumeSpectrum.scale c) Filter.atTop.{0} (nhds.{0} 0)
@CovolumeSpectrum.asymptotic_iff_ratio : ∀ {v : Nat → Real} {c : Real},
  Ne.{1} c 0 →
    Iff (Asymptotics.IsEquivalent.{0, 0} Filter.atTop.{0} v (CovolumeSpectrum.scale c))
      (Filter.Tendsto.{0, 0} (fun k => HDiv.hDiv.{0, 0, 0} (v k) (CovolumeSpectrum.scale c k)) Filter.atTop.{0}
        (nhds.{0} 1))
@CovolumeSpectrum.rank_strictMono : ∀ {S : Set.{0} Real} {v : Nat → Real},
  (∀ (n : Nat), CovolumeSpectrum.HasRank S n (v n)) → StrictMono.{0, 0} v
@CovolumeSpectrum.no_rankedAsymptotic : ∀ {S : Set.{0} Real},
  HasSubset.Subset.{0} S (Set.Ici.{0} 0) → Not (CovolumeSpectrum.RankedAsymptotic S)
@CovolumeSpectrum.limit_spectrum_nonnegative : ∀ {C S : Set.{0} Real},
  HasSubset.Subset.{0} C (Set.Ici.{0} 0) →
    HasSubset.Subset.{0} S (closure.{0} C) → HasSubset.Subset.{0} S (Set.Ici.{0} 0)
@CovolumeSpectrum.limit_nonnegative.{u_1} : ∀ {ι : Type u_1} {l : Filter.{u_1} ι} [inst : Filter.NeBot.{u_1} l]
  {f : ι → Real} {x : Real},
  (∀ᶠ (i : ι) in l, LE.le.{0} 0 (f i)) → Filter.Tendsto.{u_1, 0} f l (nhds.{0} x) → LE.le.{0} 0 x
@CovolumeSpectrum.no_numericalConjecture : ∀ {S : Set.{0} Real},
  HasSubset.Subset.{0} S (Set.Ici.{0} 0) → Not (CovolumeSpectrum.NumericalConjecture S)
@CovolumeSpectrum.no_full_conjunction : ∀ {C S : Set.{0} Real},
  HasSubset.Subset.{0} C (Set.Ici.{0} 0) →
    HasSubset.Subset.{0} S (closure.{0} C) → ∀ (rest : Prop), Not (And (CovolumeSpectrum.NumericalConjecture S) rest)
@CovolumeSpectrum.finiteMeasureValues_nonnegative.{u_1,
    u_2} : ∀ {ι : Type u_1} {X : ι → Type u_2} [inst : (i : ι) → MeasurableSpace.{u_2} (X i)]
  (μ : (i : ι) → MeasureTheory.Measure.{u_2} (X i)),
  HasSubset.Subset.{0} (CovolumeSpectrum.finiteMeasureValues.{u_1, u_2} μ) (Set.Ici.{0} 0)
@CovolumeSpectrum.no_measure_spectrum_conjunction.{u_1,
    u_2} : ∀ {ι : Type u_1} {X : ι → Type u_2} [inst : (i : ι) → MeasurableSpace.{u_2} (X i)]
  (μ : (i : ι) → MeasureTheory.Measure.{u_2} (X i)) {S : Set.{0} Real},
  HasSubset.Subset.{0} S (closure.{0} (CovolumeSpectrum.finiteMeasureValues.{u_1, u_2} μ)) →
    ∀ (rest : Prop), Not (And (CovolumeSpectrum.NumericalConjecture S) rest)
@CovolumeSpectrum.finite_liminf_nonnegative.{u_1} : ∀ {ι : Type u_1} {l : Filter.{u_1} ι} {f : ι → Real} {x : Real},
  (∀ᶠ (i : ι) in l, LE.le.{0} 0 (f i)) → Eq.{1} (Filter.liminf.{0, u_1} (fun i => ↑(f i)) l) ↑x → LE.le.{0} 0 x
@CovolumeSpectrum.no_liminf_spectrum_conjunction : ∀ {C S : Set.{0} Real},
  HasSubset.Subset.{0} C (Set.Ici.{0} 0) →
    (∀ (x : Real),
        Membership.mem.{0, 0} S x →
          ∃ f,
            And (∀ (n : Nat), Membership.mem.{0, 0} C (f n))
              (Eq.{1} (Filter.liminf.{0, 0} (fun n => ↑(f n)) Filter.atTop.{0}) ↑x)) →
      ∀ (rest : Prop), Not (And (CovolumeSpectrum.NumericalConjecture S) rest)


after-mathlib-revision | exit 0 | ["git", "-C", "/private/tmp/tlmc7914-independent-engineering/lean/.lake/packages/mathlib", "rev-parse", "HEAD"]
c44e0c8ee63ca166450922a373c7409c5d26b00b


after-mathlib-tracked-status | exit 0 | ["git", "-C", "/private/tmp/tlmc7914-independent-engineering/lean/.lake/packages/mathlib", "status", "--porcelain", "--untracked-files=no"]


after-plausible-revision | exit 0 | ["git", "-C", "/private/tmp/tlmc7914-independent-engineering/lean/.lake/packages/plausible", "rev-parse", "HEAD"]
77e08eddc486491d7b9e470926b3dbe50319451a


after-plausible-tracked-status | exit 0 | ["git", "-C", "/private/tmp/tlmc7914-independent-engineering/lean/.lake/packages/plausible", "status", "--porcelain", "--untracked-files=no"]


after-LeanSearchClient-revision | exit 0 | ["git", "-C", "/private/tmp/tlmc7914-independent-engineering/lean/.lake/packages/LeanSearchClient", "rev-parse", "HEAD"]
25078369972d295301f5a1e53c3e5850cf6d9d4c


after-LeanSearchClient-tracked-status | exit 0 | ["git", "-C", "/private/tmp/tlmc7914-independent-engineering/lean/.lake/packages/LeanSearchClient", "status", "--porcelain", "--untracked-files=no"]


after-importGraph-revision | exit 0 | ["git", "-C", "/private/tmp/tlmc7914-independent-engineering/lean/.lake/packages/importGraph", "rev-parse", "HEAD"]
e6a9f0f5ee3ccf7443a0070f92b62f8db12ae82b


after-importGraph-tracked-status | exit 0 | ["git", "-C", "/private/tmp/tlmc7914-independent-engineering/lean/.lake/packages/importGraph", "status", "--porcelain", "--untracked-files=no"]


after-proofwidgets-revision | exit 0 | ["git", "-C", "/private/tmp/tlmc7914-independent-engineering/lean/.lake/packages/proofwidgets", "rev-parse", "HEAD"]
c4919189477c3221e6a204008998b0d724f49904


after-proofwidgets-tracked-status | exit 0 | ["git", "-C", "/private/tmp/tlmc7914-independent-engineering/lean/.lake/packages/proofwidgets", "status", "--porcelain", "--untracked-files=no"]


after-aesop-revision | exit 0 | ["git", "-C", "/private/tmp/tlmc7914-independent-engineering/lean/.lake/packages/aesop", "rev-parse", "HEAD"]
5d50b08dedd7d69b3d9b3176e0d58a23af228884


after-aesop-tracked-status | exit 0 | ["git", "-C", "/private/tmp/tlmc7914-independent-engineering/lean/.lake/packages/aesop", "status", "--porcelain", "--untracked-files=no"]


after-Qq-revision | exit 0 | ["git", "-C", "/private/tmp/tlmc7914-independent-engineering/lean/.lake/packages/Qq", "rev-parse", "HEAD"]
fa4f7f15d97591a9cf3aa7724ba371c7fc6dda02


after-Qq-tracked-status | exit 0 | ["git", "-C", "/private/tmp/tlmc7914-independent-engineering/lean/.lake/packages/Qq", "status", "--porcelain", "--untracked-files=no"]


after-batteries-revision | exit 0 | ["git", "-C", "/private/tmp/tlmc7914-independent-engineering/lean/.lake/packages/batteries", "rev-parse", "HEAD"]
f5d04a9c4973d401c8c92500711518f7c656f034


after-batteries-tracked-status | exit 0 | ["git", "-C", "/private/tmp/tlmc7914-independent-engineering/lean/.lake/packages/batteries", "status", "--porcelain", "--untracked-files=no"]


after-Cli-revision | exit 0 | ["git", "-C", "/private/tmp/tlmc7914-independent-engineering/lean/.lake/packages/Cli", "rev-parse", "HEAD"]
02dbd02bc00ec4916e99b04b2245b30200e200d0


after-Cli-tracked-status | exit 0 | ["git", "-C", "/private/tmp/tlmc7914-independent-engineering/lean/.lake/packages/Cli", "status", "--porcelain", "--untracked-files=no"]

