Lean (version 4.19.0, arm64-apple-darwin23.6.0, commit 6caaee842e94, Release)
Lake version 5.0.0-6caaee8 (Lean version 4.19.0)
✔ [2821/2827] Built TLMC69.Kernel
✔ [2822/2827] Built TLMC69.Primitive
✔ [2823/2827] Built TLMC69.KernelIntegrals
✔ [2824/2827] Built TLMC69.Approximation
ℹ [2825/2827] Built TLMC69.Main
info: ././././TLMC69/Main.lean:92:0: 'TLMC69.conjecture69_disproof' depends on axioms: [propext, Classical.choice, Quot.sound]
info: ././././TLMC69/Main.lean:93:0: 'TLMC69.bestError_subsequence_bound' depends on axioms: [propext, Classical.choice, Quot.sound]
info: ././././TLMC69/Main.lean:94:0: 'TLMC69.approximant_error_exact' depends on axioms: [propext, Classical.choice, Quot.sound]
✔ [2826/2827] Built TLMC69
Build completed successfully.

Checking TLMC69/Kernel.lean with warnings as errors

Checking TLMC69/Primitive.lean with warnings as errors

Checking TLMC69/KernelIntegrals.lean with warnings as errors

Checking TLMC69/Approximation.lean with warnings as errors

Checking TLMC69/Main.lean with warnings as errors
'TLMC69.conjecture69_disproof' depends on axioms: [propext, Classical.choice, Quot.sound]
'TLMC69.bestError_subsequence_bound' depends on axioms: [propext, Classical.choice, Quot.sound]
'TLMC69.approximant_error_exact' depends on axioms: [propext, Classical.choice, Quot.sound]

Checking TLMC69.lean with warnings as errors

Checking verification/Axioms.lean with warnings as errors
'TLMC69.approximant_eval' depends on axioms: [propext, Classical.choice, Quot.sound]
'TLMC69.approximant_degree' depends on axioms: [propext, Classical.choice, Quot.sound]
'TLMC69.approximant_even' depends on axioms: [propext, Classical.choice, Quot.sound]
'TLMC69.primitive_kernel_bounds' depends on axioms: [propext, Classical.choice, Quot.sound]
'TLMC69.approximant_le' depends on axioms: [propext, Classical.choice, Quot.sound]
'TLMC69.even_integral' depends on axioms: [propext, Classical.choice, Quot.sound]
'TLMC69.approximant_error_exact' depends on axioms: [propext, Classical.choice, Quot.sound]
'TLMC69.Q_even' depends on axioms: [propext, Classical.choice, Quot.sound]
'TLMC69.Q_zero' depends on axioms: [propext, Classical.choice, Quot.sound]
'TLMC69.quad_degree' depends on axioms: [propext, Classical.choice, Quot.sound]
'TLMC69.Q_degree' depends on axioms: [propext, Classical.choice, Quot.sound]
'TLMC69.Q_sin' depends on axioms: [propext, Classical.choice, Quot.sound]
'TLMC69.abs_sin_nat_mul_le' depends on axioms: [propext, Classical.choice, Quot.sound]
'TLMC69.Q_mul_bound' depends on axioms: [propext, Classical.choice, Quot.sound]
'TLMC69.Q_bound' depends on axioms: [propext, Classical.choice, Quot.sound]
'TLMC69.arcsin_le_twice' depends on axioms: [propext, Classical.choice, Quot.sound]
'TLMC69.Q_lower' depends on axioms: [propext, Classical.choice, Quot.sound]
'TLMC69.kernel_eval' depends on axioms: [propext, Classical.choice, Quot.sound]
'TLMC69.kernel_nonneg' depends on axioms: [propext, Classical.choice, Quot.sound]
'TLMC69.kernel_even' depends on axioms: [propext, Classical.choice, Quot.sound]
'TLMC69.kernel_degree' depends on axioms: [propext, Classical.choice, Quot.sound]
'TLMC69.kernel_bound' depends on axioms: [propext, Classical.choice, Quot.sound]
'TLMC69.kernel_weight_bound' depends on axioms: [propext, Classical.choice, Quot.sound]
'TLMC69.mass_lower' depends on axioms: [propext, Classical.choice, Quot.sound]
'TLMC69.mass_pos' depends on axioms: [propext, Classical.choice, Quot.sound]
'TLMC69.moment_nonneg' depends on axioms: [propext, Classical.choice, Quot.sound]
'TLMC69.moment_upper' depends on axioms: [propext, Classical.choice, Quot.sound]
'TLMC69.l1Error_nonneg' depends on axioms: [propext, Classical.choice, Quot.sound]
'TLMC69.errors_nonempty' depends on axioms: [propext, Classical.choice, Quot.sound]
'TLMC69.errors_bddBelow' depends on axioms: [propext, Classical.choice, Quot.sound]
'TLMC69.bestError_nonneg' depends on axioms: [propext, Classical.choice, Quot.sound]
'TLMC69.bestError_le' depends on axioms: [propext, Classical.choice, Quot.sound]
'TLMC69.approximant_error_bound' depends on axioms: [propext, Classical.choice, Quot.sound]
'TLMC69.bestError_subsequence_bound' depends on axioms: [propext, Classical.choice, Quot.sound]
'TLMC69.scaled_bound' depends on axioms: [propext, Classical.choice, Quot.sound]
'TLMC69.scaled_subsequence_tendsto_zero' depends on axioms: [propext, Classical.choice, Quot.sound]
'TLMC69.no_nonzero_scaled_limit' depends on axioms: [propext, Classical.choice, Quot.sound]
'TLMC69.conjecture69_disproof' depends on axioms: [propext, Classical.choice, Quot.sound]
'TLMC69.derivative_primitive' depends on axioms: [propext, Classical.choice, Quot.sound]
'TLMC69.primitive_zero' depends on axioms: [propext, Classical.choice, Quot.sound]
'TLMC69.primitive_deriv' depends on axioms: [propext, Classical.choice, Quot.sound]
'TLMC69.primitive_integral' depends on axioms: [propext, Classical.choice, Quot.sound]
'TLMC69.primitive_degree' depends on axioms: [propext, Classical.choice, Quot.sound]
'TLMC69.primitive_odd' depends on axioms: [propext, Classical.choice, Quot.sound]
All 5 inventoried input copies match the supplied SHA-256 inventory.
40606ff32866c89b94e3938b97cffb98e3fe4490d6ef8dcddf4640860633c37f  TLMC69/Approximation.lean
fd4100de0bc33531bbf9e5dcbd15b7b15266fc7b166dc20daafca4a6a8ccf1d0  TLMC69/Kernel.lean
22ac4b312bd6e477671134113a5749e68fd5aa699517db77f16630a77fdb3d6b  TLMC69/KernelIntegrals.lean
741fffe3302251bd6d3579d5bca31ff25e36a2044a0625b805fafbc714407cbf  TLMC69/Main.lean
327a8dada63845c5cb4ad8693f4be3a039bb6bc86f4a71490373cb53a7ab13dd  TLMC69/Primitive.lean
3fb13bfdb36c346a480c93608a92fb2889ae9e91cb9599232bbc946bb349e77c  TLMC69.lean
No prohibited proof placeholder, custom axiom, or native_decide token found.
