# 00000000214

**English.** Definition: The third difference of log p(n). Conjecture: The third difference is eventually negative, a strengthening of the proven log-concavity; and the negativity is settled by the convexification layer. (partition log third difference negative)

**中文。** 定义：log p(n) 的三阶差分。猜想：三阶差分最终为负且强于已证对数凹性；且负的组合为凸化层。（分拆对数凸化层三阶差分负）
## Rules

### Rules for Problem Solvers

1. Each problem solver may submit, for any conjecture, all materials constituting a complete proof or disproof, in the form of a pull request placed in the folder with the corresponding number (e.g., `./solutions/00000000001/[my_GitHub_ID]_submission_20260912041426`). Each submission must include the LaTeX source code, a PDF document, and a Lean 4 project, together with any additional source code and materials (e.g., Python scripts, Matlab, Mathematica, Fortran, Julia, or C programs). Please strictly follow the path naming convention.

2. Before opening a pull request, each problem solver should make sure that the conjecture has not already been solved; otherwise, please refrain from submitting the pull request. If a previous submission for that conjecture is wrong, the description of your new pull request must give a complete account of the error in the previous submission, together with the correct solution in the present one.

3. Each problem solver may only submit personal submissions under the corresponding problem folder; for any other matter, please open a new issue. Please do not include modifications to the conjecture descriptions, the README, the leaderboard, the metadata, or any other files in the pull request.

### Rules for Reviewers

1. As a reviewer, you must review the entire LaTeX report in full, make sure the Lean project compiles and runs completely and contains no `sorry` or anything else that would make the proof or disproof of the conjecture incomplete, and make sure the Lean project and the LaTeX report match the definition and requirements of the conjecture. You must also make sure that all auxiliary code compiles, runs, and produces the expected results — fully covering the parts that require computation — including Python scripts, Matlab, Mathematica, Fortran, Julia, and C programs.

2. Once a reviewer considers the proof or disproof of the conjecture complete and valid, please create a `review` folder under the corresponding solutions folder `./solutions/[number_ID]` and add a complete solution review — either as a Markdown document, or in the form of a LaTeX source file plus a PDF document. If needed, include in the solution review any additional Lean 4 projects, source code in other languages, and configuration files it requires, so as to constitute a complete review. Finally, merge the pull request into the main branch, and fully update the leaderboard, the metadata, and the leaderboard sections of both the Chinese and the English READMEs.

3. Once a reviewer considers the proof or disproof invalid, incomplete, or not conforming to the definition of the conjecture, the pull request should be closed, together with a complete explanation.

### Rules for Maintainers

1. As a maintainer, your responsibility is to periodically add 10,000 new conjectures and to produce those 10,000 conjectures yourselves, ensuring that the problems are of the highest possible quality — original, and with the potential for breakthroughs and disruption — mathematical conjectures that push forward the frontier of mathematical research or inspire an entirely new field of mathematics. Save them as `[number_ID].md` files in the `./conjectures` folder, where `number_ID` is an 11-digit number giving the conjecture's ID.

2. Before each submission, make sure that both the Chinese and the English versions exist, and that every conjecture has a complete and clear definition with all the necessary conditions.
{
  "candidate": "00000000214",
  "source_sha256": "101ccf808d4022fc597cef8e3c222960742ea86822643ef052f6b1cb62437347",
  "lean": "4.19.0",
  "mathlib_revision": "c44e0c8ee63ca166450922a373c7409c5d26b00b",
  "input_scope": "Exact bilingual source, both repository contribution-rule sections, and pinned toolchain configuration only. No mathematical argument or prior solution supplied.",
  "files": {
    "ORIGINAL.md": "101ccf808d4022fc597cef8e3c222960742ea86822643ef052f6b1cb62437347",
    "RULES.en.md": "200d9a783c08a5edfd1b508e6942b3b851a63c726506291f6de6a59773f1163a",
    "RULES.zh-CN.md": "7c5b49bb84403feea1eb14d23d48491400c7749d58db345cd317231949a9e82b",
    "lake-manifest.json": "56f7aa9722d120b38ffe868179164054411be9398660939609cb8a0c55e48637",
    "lean-toolchain": "55e97be96000b5e9e290c9e74482e5e317861499a5540353ce845471bded8cea"
  }
}
leanprover/lean4:v4.19.0
{
  "version": "1.1.0",
  "packagesDir": ".lake/packages",
  "packages": [
    {
      "url": "https://github.com/leanprover-community/mathlib4.git",
      "type": "git",
      "subDir": null,
      "scope": "",
      "rev": "c44e0c8ee63ca166450922a373c7409c5d26b00b",
      "name": "mathlib",
      "manifestFile": "lake-manifest.json",
      "inputRev": "v4.19.0",
      "inherited": false,
      "configFile": "lakefile.lean"
    },
    {
      "url": "https://github.com/leanprover-community/plausible",
      "type": "git",
      "subDir": null,
      "scope": "leanprover-community",
      "rev": "77e08eddc486491d7b9e470926b3dbe50319451a",
      "name": "plausible",
      "manifestFile": "lake-manifest.json",
      "inputRev": "main",
      "inherited": true,
      "configFile": "lakefile.toml"
    },
    {
      "url": "https://github.com/leanprover-community/LeanSearchClient",
      "type": "git",
      "subDir": null,
      "scope": "leanprover-community",
      "rev": "25078369972d295301f5a1e53c3e5850cf6d9d4c",
      "name": "LeanSearchClient",
      "manifestFile": "lake-manifest.json",
      "inputRev": "main",
      "inherited": true,
      "configFile": "lakefile.toml"
    },
    {
      "url": "https://github.com/leanprover-community/import-graph",
      "type": "git",
      "subDir": null,
      "scope": "leanprover-community",
      "rev": "e6a9f0f5ee3ccf7443a0070f92b62f8db12ae82b",
      "name": "importGraph",
      "manifestFile": "lake-manifest.json",
      "inputRev": "main",
      "inherited": true,
      "configFile": "lakefile.toml"
    },
    {
      "url": "https://github.com/leanprover-community/ProofWidgets4",
      "type": "git",
      "subDir": null,
      "scope": "leanprover-community",
      "rev": "c4919189477c3221e6a204008998b0d724f49904",
      "name": "proofwidgets",
      "manifestFile": "lake-manifest.json",
      "inputRev": "v0.0.57",
      "inherited": true,
      "configFile": "lakefile.lean"
    },
    {
      "url": "https://github.com/leanprover-community/aesop",
      "type": "git",
      "subDir": null,
      "scope": "leanprover-community",
      "rev": "5d50b08dedd7d69b3d9b3176e0d58a23af228884",
      "name": "aesop",
      "manifestFile": "lake-manifest.json",
      "inputRev": "master",
      "inherited": true,
      "configFile": "lakefile.toml"
    },
    {
      "url": "https://github.com/leanprover-community/quote4",
      "type": "git",
      "subDir": null,
      "scope": "leanprover-community",
      "rev": "fa4f7f15d97591a9cf3aa7724ba371c7fc6dda02",
      "name": "Qq",
      "manifestFile": "lake-manifest.json",
      "inputRev": "master",
      "inherited": true,
      "configFile": "lakefile.toml"
    },
    {
      "url": "https://github.com/leanprover-community/batteries",
      "type": "git",
      "subDir": null,
      "scope": "leanprover-community",
      "rev": "f5d04a9c4973d401c8c92500711518f7c656f034",
      "name": "batteries",
      "manifestFile": "lake-manifest.json",
      "inputRev": "main",
      "inherited": true,
      "configFile": "lakefile.toml"
    },
    {
      "url": "https://github.com/leanprover/lean4-cli",
      "type": "git",
      "subDir": null,
      "scope": "leanprover",
      "rev": "02dbd02bc00ec4916e99b04b2245b30200e200d0",
      "name": "Cli",
      "manifestFile": "lake-manifest.json",
      "inputRev": "main",
      "inherited": true,
      "configFile": "lakefile.toml"
    }
  ],
  "name": "tlmc_neutral",
  "lakeDir": ".lake"
}
