Fri Oct  9 19:12:55 UTC 2026
Lean (version 4.31.0, x86_64-unknown-linux-gnu, commit 68218e876d2a38b1985b8590fff244a83c321783, Release)
Lake version 5.0.0-src+68218e8 (Lean version 4.31.0)
✔ [2/2] Built Basic (496ms)
Build completed successfully (2 jobs).
✔ [3/3] Built Cert00 (6.1s)
Build completed successfully (3 jobs).
✔ [3/3] Built Cert01 (6.8s)
Build completed successfully (3 jobs).
✔ [3/3] Built Cert02 (7.2s)
Build completed successfully (3 jobs).
✔ [3/3] Built Cert03 (9.5s)
Build completed successfully (3 jobs).
✔ [3/3] Built Cert04 (12s)
Build completed successfully (3 jobs).
✔ [3/3] Built Cert05 (16s)
Build completed successfully (3 jobs).
✔ [3/3] Built Cert06 (19s)
Build completed successfully (3 jobs).
✔ [3/3] Built Cert07 (20s)
Build completed successfully (3 jobs).
✔ [3/3] Built Cert08 (24s)
Build completed successfully (3 jobs).
✔ [3/3] Built Cert09 (27s)
Build completed successfully (3 jobs).
✔ [3/3] Built Cert10 (29s)
Build completed successfully (3 jobs).
✔ [3/3] Built Cert11 (35s)
Build completed successfully (3 jobs).
✔ [3/3] Built Cert12 (38s)
Build completed successfully (3 jobs).
✔ [3/3] Built Cert13 (41s)
Build completed successfully (3 jobs).
✔ [3/3] Built Cert14 (48s)
Build completed successfully (3 jobs).
✔ [3/3] Built Cert15 (50s)
Build completed successfully (3 jobs).
✔ [3/3] Built Cert16 (68s)
Build completed successfully (3 jobs).
✔ [3/3] Built Cert17 (62s)
Build completed successfully (3 jobs).
✔ [3/3] Built Cert18 (60s)
Build completed successfully (3 jobs).
✔ [3/3] Built Cert19 (68s)
Build completed successfully (3 jobs).
ℹ [23/24] Built Main (634ms)
info: Main.lean:62:0: 'TLMC2222.conjecture2222' depends on axioms: [propext, Classical.choice, Quot.sound]
Build completed successfully (24 jobs).
Fri Oct  9 19:24:00 UTC 2026
CLEAN_BUILD_EXIT=0
