Thu Oct  8 19:52:25 UTC 2026
info: tlmc2222: no previous manifest, creating one from scratch
info: toolchain not updated; already up-to-date
✔ [2/2] Built Basic (516ms)
Build completed successfully (2 jobs).
✔ [3/3] Built Cert00 (5.9s)
Build completed successfully (3 jobs).
✔ [3/3] Built Cert01 (6.9s)
Build completed successfully (3 jobs).
✔ [3/3] Built Cert02 (7.7s)
Build completed successfully (3 jobs).
✔ [3/3] Built Cert03 (9.2s)
Build completed successfully (3 jobs).
✔ [3/3] Built Cert04 (13s)
Build completed successfully (3 jobs).
✔ [3/3] Built Cert05 (14s)
Build completed successfully (3 jobs).
✔ [3/3] Built Cert06 (17s)
Build completed successfully (3 jobs).
✔ [3/3] Built Cert07 (25s)
Build completed successfully (3 jobs).
✔ [3/3] Built Cert08 (26s)
Build completed successfully (3 jobs).
✔ [3/3] Built Cert09 (31s)
Build completed successfully (3 jobs).
✔ [3/3] Built Cert10 (33s)
Build completed successfully (3 jobs).
✔ [3/3] Built Cert11 (38s)
Build completed successfully (3 jobs).
✔ [3/3] Built Cert12 (39s)
Build completed successfully (3 jobs).
