{
  "status": "RUNNING",
  "controls": [
    {
      "name": "axiom",
      "injection": "\naxiom EngineeringControl.forbidden : True\n",
      "mutated_source_sha256": "c839d6cbc7894e6a45a6d51d98a2305f90981b7489a52d9711864992d1ca4b98",
      "expected_rejection_observed": true
    },
    {
      "name": "unsafe",
      "injection": "\nunsafe def EngineeringControl.unsafeRoot : Nat := 1\n",
      "mutated_source_sha256": "d1d5bf548b30ca5bf1724197034c160f011b6a92e1fdfd75086b8f55153f4931"
    }
  ],
  "restored_positive_audit": true,
  "source_restored": true
}
Traceback (most recent call last):
  File "/private/tmp/tlmc1624-verifier-engineering/tests/run_lean_controls.py", line 80, in <module>
    raise RuntimeError(f'{label} injection did not produce the expected actual audit rejection')
RuntimeError: unsafe injection did not produce the expected actual audit rejection
