✔ [2797/2800] Built Solution
ℹ [2799/2800] Built Audit
info: ././././Audit.lean:6:0: Compiled declaration: Conjecture1569.configuration_card
info: ././././Audit.lean:6:0: Compiled declaration: Conjecture1569.axisPoint
info: ././././Audit.lean:6:0: Compiled declaration: Conjecture1569.configuration_angle_zero_or_pi._proof_3
info: ././././Audit.lean:6:0: Compiled declaration: Conjecture1569.configuration_angleSet_card_le._proof_2
info: ././././Audit.lean:6:0: Compiled declaration: Conjecture1569.axis_collinear
info: ././././Audit.lean:6:0: Compiled declaration: Conjecture1569.configuration_angle_zero_or_pi._proof_2
info: ././././Audit.lean:6:0: Compiled declaration: Conjecture1569.Plane
info: ././././Audit.lean:6:0: Compiled declaration: Conjecture1569.mem_angleSet_iff._proof_2
info: ././././Audit.lean:6:0: Compiled declaration: Conjecture1569.configuration_mem_axis
info: ././././Audit.lean:6:0: Compiled declaration: Conjecture1569.configuration.eq_1
info: ././././Audit.lean:6:0: Compiled declaration: Conjecture1569.mem_angleSet_iff
info: ././././Audit.lean:6:0: Compiled declaration: Conjecture1569.configuration
info: ././././Audit.lean:6:0: Compiled declaration: Conjecture1569.mem_angleSet_iff._proof_3
info: ././././Audit.lean:6:0: Compiled declaration: Conjecture1569.configuration_angleSet_subset
info: ././././Audit.lean:6:0: Compiled declaration: Conjecture1569.UniformQuadraticLowerBound
info: ././././Audit.lean:6:0: Compiled declaration: Conjecture1569.arbitrarily_large_counterexamples
info: ././././Audit.lean:6:0: Compiled declaration: Conjecture1569.configuration_angle_zero_or_pi
info: ././././Audit.lean:6:0: Compiled declaration: Conjecture1569.axisPoint_injective
info: ././././Audit.lean:6:0: Compiled declaration: Conjecture1569.not_uniformQuadraticLowerBound
info: ././././Audit.lean:6:0: Compiled declaration: Conjecture1569.angleSet.eq_1
info: ././././Audit.lean:6:0: Compiled declaration: Conjecture1569.angleSet
info: ././././Audit.lean:6:0: Compiled declaration: Conjecture1569.configuration_angleSet_card_le
info: ././././Audit.lean:6:0: Compiled declaration: Conjecture1569.original_conjunction_false
info: ././././Audit.lean:6:0: Compiled declaration: Conjecture1569.axisPoint.eq_1
info: ././././Audit.lean:6:0: Compiled declaration: Conjecture1569.axisPoint._proof_1
info: ././././Audit.lean:6:0: Compiled declaration: Conjecture1569.mem_angleSet_iff._proof_1
info: ././././Audit.lean:12:0: 'Conjecture1569.Plane' depends on axioms: [propext, Classical.choice, Quot.sound]
info: ././././Audit.lean:13:0: 'Conjecture1569.UniformQuadraticLowerBound' depends on axioms: [propext, Classical.choice, Quot.sound]
info: ././././Audit.lean:14:0: 'Conjecture1569.angleSet' depends on axioms: [propext, Classical.choice, Quot.sound]
info: ././././Audit.lean:15:0: 'Conjecture1569.angleSet.eq_1' depends on axioms: [propext, Classical.choice, Quot.sound]
info: ././././Audit.lean:16:0: 'Conjecture1569.arbitrarily_large_counterexamples' depends on axioms: [propext, Classical.choice, Quot.sound]
info: ././././Audit.lean:17:0: 'Conjecture1569.axisPoint' depends on axioms: [propext, Classical.choice, Quot.sound]
info: ././././Audit.lean:18:0: 'Conjecture1569.axisPoint._proof_1' does not depend on any axioms
info: ././././Audit.lean:19:0: 'Conjecture1569.axisPoint.eq_1' depends on axioms: [propext, Classical.choice, Quot.sound]
info: ././././Audit.lean:20:0: 'Conjecture1569.axisPoint_injective' depends on axioms: [propext, Classical.choice, Quot.sound]
info: ././././Audit.lean:21:0: 'Conjecture1569.axis_collinear' depends on axioms: [propext, Classical.choice, Quot.sound]
info: ././././Audit.lean:22:0: 'Conjecture1569.configuration' depends on axioms: [propext, Classical.choice, Quot.sound]
info: ././././Audit.lean:23:0: 'Conjecture1569.configuration.eq_1' depends on axioms: [propext, Classical.choice, Quot.sound]
info: ././././Audit.lean:24:0: 'Conjecture1569.configuration_angleSet_card_le' depends on axioms: [propext, Classical.choice, Quot.sound]
info: ././././Audit.lean:25:0: 'Conjecture1569.configuration_angleSet_card_le._proof_2' depends on axioms: [propext, Classical.choice, Quot.sound]
info: ././././Audit.lean:26:0: 'Conjecture1569.configuration_angleSet_subset' depends on axioms: [propext, Classical.choice, Quot.sound]
info: ././././Audit.lean:27:0: 'Conjecture1569.configuration_angle_zero_or_pi' depends on axioms: [propext, Classical.choice, Quot.sound]
info: ././././Audit.lean:28:0: 'Conjecture1569.configuration_angle_zero_or_pi._proof_2' depends on axioms: [propext]
info: ././././Audit.lean:29:0: 'Conjecture1569.configuration_angle_zero_or_pi._proof_3' depends on axioms: [propext]
info: ././././Audit.lean:30:0: 'Conjecture1569.configuration_card' depends on axioms: [propext, Classical.choice, Quot.sound]
info: ././././Audit.lean:31:0: 'Conjecture1569.configuration_mem_axis' depends on axioms: [propext, Classical.choice, Quot.sound]
info: ././././Audit.lean:32:0: 'Conjecture1569.mem_angleSet_iff' depends on axioms: [propext, Classical.choice, Quot.sound]
info: ././././Audit.lean:33:0: 'Conjecture1569.mem_angleSet_iff._proof_1' depends on axioms: [propext, Classical.choice, Quot.sound]
info: ././././Audit.lean:34:0: 'Conjecture1569.mem_angleSet_iff._proof_2' depends on axioms: [propext, Quot.sound]
info: ././././Audit.lean:35:0: 'Conjecture1569.mem_angleSet_iff._proof_3' depends on axioms: [propext, Classical.choice, Quot.sound]
info: ././././Audit.lean:36:0: 'Conjecture1569.not_uniformQuadraticLowerBound' depends on axioms: [propext, Classical.choice, Quot.sound]
info: ././././Audit.lean:37:0: 'Conjecture1569.original_conjunction_false' depends on axioms: [propext, Classical.choice, Quot.sound]
info: ././././Audit.lean:39:0: Conjecture1569.mem_angleSet_iff (S : Finset Conjecture1569.Plane) (θ : ℝ) :
  θ ∈ Conjecture1569.angleSet S ↔ ∃ a ∈ S, ∃ b ∈ S, ∃ c ∈ S, a ≠ b ∧ b ≠ c ∧ a ≠ c ∧ EuclideanGeometry.angle a b c = θ
info: ././././Audit.lean:40:0: Conjecture1569.configuration_card (n : ℕ) : (Conjecture1569.configuration n).card = n
info: ././././Audit.lean:41:0: Conjecture1569.configuration_angleSet_card_le (n : ℕ) :
  (Conjecture1569.angleSet (Conjecture1569.configuration n)).card ≤ 2
info: ././././Audit.lean:42:0: Conjecture1569.arbitrarily_large_counterexamples (C : ℝ) (N : ℕ) :
  ∃ n, N ≤ n ∧ ∃ S, S.card = n ∧ ↑(Conjecture1569.angleSet S).card < ↑n ^ 2 - C * ↑n
info: ././././Audit.lean:43:0: Conjecture1569.not_uniformQuadraticLowerBound : ¬Conjecture1569.UniformQuadraticLowerBound
info: ././././Audit.lean:44:0: Conjecture1569.original_conjunction_false (LatticeAttainment : Prop) :
  ¬(Conjecture1569.UniformQuadraticLowerBound ∧ LatticeAttainment)
Build completed successfully.
