✔ [2243/2247] Built NuclearNorm
✔ [2244/2247] Built Solution
ℹ [2246/2247] Built AuthorAudit
info: ././././AuthorAudit.lean:5:0: 'TLMC1478.Vector' depends on axioms: [propext, Classical.choice, Quot.sound]
info: ././././AuthorAudit.lean:6:0: 'TLMC1478.Tensor' depends on axioms: [propext, Classical.choice, Quot.sound]
info: ././././AuthorAudit.lean:7:0: 'TLMC1478.FactorTriple' depends on axioms: [propext, Classical.choice, Quot.sound]
info: ././././AuthorAudit.lean:8:0: 'TLMC1478.rankOne' depends on axioms: [propext, Classical.choice, Quot.sound]
info: ././././AuthorAudit.lean:9:0: 'TLMC1478.termTensor' depends on axioms: [propext, Classical.choice, Quot.sound]
info: ././././AuthorAudit.lean:10:0: 'TLMC1478.termCost' depends on axioms: [propext, Classical.choice, Quot.sound]
info: ././././AuthorAudit.lean:11:0: 'TLMC1478.decompositionCosts' depends on axioms: [propext, Classical.choice, Quot.sound]
info: ././././AuthorAudit.lean:12:0: 'TLMC1478.nuclearNorm' depends on axioms: [propext, Classical.choice, Quot.sound]
info: ././././AuthorAudit.lean:13:0: 'TLMC1478.nuclearBall' depends on axioms: [propext, Classical.choice, Quot.sound]
info: ././././AuthorAudit.lean:14:0: 'TLMC1478.termCost_nonneg' depends on axioms: [propext, Classical.choice, Quot.sound]
info: ././././AuthorAudit.lean:15:0: 'TLMC1478.decompositionCosts_bddBelow' depends on axioms: [propext, Classical.choice, Quot.sound]
info: ././././AuthorAudit.lean:16:0: 'TLMC1478.coordinateTerm' depends on axioms: [propext, Classical.choice, Quot.sound]
info: ././././AuthorAudit.lean:17:0: 'TLMC1478.coordinate_expansion' depends on axioms: [propext, Classical.choice, Quot.sound]
info: ././././AuthorAudit.lean:18:0: 'TLMC1478.decompositionCosts_nonempty' depends on axioms: [propext, Classical.choice, Quot.sound]
info: ././././AuthorAudit.lean:19:0: 'TLMC1478.norm_termTensor_le' depends on axioms: [propext, Classical.choice, Quot.sound]
info: ././././AuthorAudit.lean:20:0: 'TLMC1478.norm_list_sum_coordinate_le' depends on axioms: [propext, Classical.choice, Quot.sound]
info: ././././AuthorAudit.lean:21:0: 'TLMC1478.coordinate_le_nuclearNorm' depends on axioms: [propext, Classical.choice, Quot.sound]
info: ././././AuthorAudit.lean:22:0: 'TLMC1478.nuclearNorm_nonneg' depends on axioms: [propext, Classical.choice, Quot.sound]
info: ././././AuthorAudit.lean:23:0: 'TLMC1478.nuclearNorm_eq_minimum' depends on axioms: [propext, Classical.choice, Quot.sound]
info: ././././AuthorAudit.lean:24:0: 'TLMC1478.nuclearNorm_rankOne_le' depends on axioms: [propext, Classical.choice, Quot.sound]
info: ././././AuthorAudit.lean:25:0: 'TLMC1478.nuclearNorm_zero' depends on axioms: [propext, Classical.choice, Quot.sound]
info: ././././AuthorAudit.lean:26:0: 'TLMC1478.basisTensor' depends on axioms: [propext, Classical.choice, Quot.sound]
info: ././././AuthorAudit.lean:27:0: 'TLMC1478.basisTensor_origin' depends on axioms: [propext, Classical.choice, Quot.sound]
info: ././././AuthorAudit.lean:28:0: 'TLMC1478.nuclearNorm_basisTensor' depends on axioms: [propext, Classical.choice, Quot.sound]
info: ././././AuthorAudit.lean:29:0: 'TLMC1478.zero_mem_nuclearBall' depends on axioms: [propext, Classical.choice, Quot.sound]
info: ././././AuthorAudit.lean:30:0: 'TLMC1478.basisTensor_mem_nuclearBall' depends on axioms: [propext, Classical.choice, Quot.sound]
info: ././././AuthorAudit.lean:31:0: 'TLMC1478.nuclearBall_coordinate_bound' depends on axioms: [propext, Classical.choice, Quot.sound]
info: ././././AuthorAudit.lean:32:0: 'TLMC1478.termTensor_eq_zero_iff' depends on axioms: [propext, Classical.choice, Quot.sound]
info: ././././AuthorAudit.lean:33:0: 'TLMC1478.termCost_eq_zero_of_tensor_zero' depends on axioms: [propext, Classical.choice, Quot.sound]
info: ././././AuthorAudit.lean:34:0: 'TLMC1478.remove_zero_terms' depends on axioms: [propext, Classical.choice, Quot.sound]
info: ././././AuthorAudit.lean:35:0: 'TLMC1478.mem_decompositionCosts_iff_nonzero_terms' depends on axioms: [propext, Classical.choice, Quot.sound]
info: ././././AuthorAudit.lean:36:0: 'TLMC1478.minimumNuclearBall' depends on axioms: [propext, Classical.choice, Quot.sound]
info: ././././AuthorAudit.lean:37:0: 'TLMC1478.minimumNuclearBall_subset' depends on axioms: [propext, Classical.choice, Quot.sound]
info: ././././AuthorAudit.lean:38:0: 'TLMC1478.isLeast_cost_of_mem_of_norm_eq' depends on axioms: [propext, Classical.choice, Quot.sound]
info: ././././AuthorAudit.lean:39:0: 'TLMC1478.zero_mem_minimumNuclearBall' depends on axioms: [propext, Classical.choice, Quot.sound]
info: ././././AuthorAudit.lean:40:0: 'TLMC1478.basisTensor_mem_minimumNuclearBall' depends on axioms: [propext, Classical.choice, Quot.sound]
info: ././././AuthorAudit.lean:41:0: 'PolynomialCone.polynomial_eval_eq_eval_zero_of_bounded_nonneg' depends on axioms: [propext,
 Classical.choice,
 Quot.sound]
info: ././././AuthorAudit.lean:42:0: 'PolynomialCone.rayPolynomial' depends on axioms: [propext, Classical.choice, Quot.sound]
info: ././././AuthorAudit.lean:43:0: 'PolynomialCone.eval_rayPolynomial' depends on axioms: [propext, Classical.choice, Quot.sound]
info: ././././AuthorAudit.lean:44:0: 'PolynomialCone.eval_eq_eval_zero_of_bounded_on_cone' depends on axioms: [propext, Classical.choice, Quot.sound]
info: ././././AuthorAudit.lean:45:0: 'PolynomialCone.polynomial_map_eq_zero_of_bounded_on_cone' depends on axioms: [propext, Classical.choice, Quot.sound]
info: ././././AuthorAudit.lean:46:0: 'PolynomialCone.exists_real_imag_polynomials' depends on axioms: [propext, Classical.choice, Quot.sound]
info: ././././AuthorAudit.lean:47:0: 'TLMC1478.TensorPolynomialMap' depends on axioms: [propext, Classical.choice, Quot.sound]
info: ././././AuthorAudit.lean:48:0: 'TLMC1478.TensorPolynomialMap.eval' depends on axioms: [propext, Classical.choice, Quot.sound]
info: ././././AuthorAudit.lean:49:0: 'TLMC1478.complex_polynomials_represented' depends on axioms: [propext, Classical.choice, Quot.sound]
info: ././././AuthorAudit.lean:50:0: 'TLMC1478.IsCone' depends on axioms: [propext, Classical.choice, Quot.sound]
info: ././././AuthorAudit.lean:51:0: 'TLMC1478.no_polynomial_cone_image_between' depends on axioms: [propext, Classical.choice, Quot.sound]
info: ././././AuthorAudit.lean:52:0: 'TLMC1478.nuclearBall_not_polynomial_image_of_cone' depends on axioms: [propext, Classical.choice, Quot.sound]
info: ././././AuthorAudit.lean:53:0: 'TLMC1478.minimumNuclearBall_not_polynomial_image_of_cone' depends on axioms: [propext, Classical.choice, Quot.sound]
info: ././././AuthorAudit.lean:54:0: 'TLMC1478.spectrahedralCone4' depends on axioms: [propext, Classical.choice, Quot.sound]
info: ././././AuthorAudit.lean:55:0: 'TLMC1478.posSemidef_smul_nonneg' depends on axioms: [propext, Classical.choice, Quot.sound]
info: ././././AuthorAudit.lean:56:0: 'TLMC1478.spectrahedralCone4_isCone' depends on axioms: [propext, Classical.choice, Quot.sound]
info: ././././AuthorAudit.lean:57:0: 'TLMC1478.nuclearBall_not_polynomial_image_of_spectrahedralCone4' depends on axioms: [propext,
 Classical.choice,
 Quot.sound]
info: ././././AuthorAudit.lean:58:0: 'TLMC1478.conjecture00000001478_false' depends on axioms: [propext, Classical.choice, Quot.sound]
Build completed successfully.
