✔ [2406/2407] Built Solution
Build completed successfully.
PASS clean-input manifest 1b6ce2a1de00707fe55bf3fba767f834d139b546ffbb005d30b191eb502a4da6
PASS input ORIGINAL.md efa0ad90c2a2d6e560019106dbb313192078fcd6769972eabc53c179a283c52a
PASS input RULES.en.md 7b6e2849295d33e9e6553e308602c00b20ba67c41e89680d41b528753a64952a
PASS input RULES.zh-CN.md 1df008e93734c3a4b676d027fc1f7e3e2d090cee784470a26ddf8d1514e0b101
PASS input lake-manifest.json e878dc305e653df9abe0d98cba7c1423804555f529d4a82700fd8de019b8b70c
PASS input lean-toolchain 55e97be96000b5e9e290c9e74482e5e317861499a5540353ce845471bded8cea
PASS dependency mathlib c44e0c8ee63ca166450922a373c7409c5d26b00b tracked-source-clean
PASS dependency plausible 77e08eddc486491d7b9e470926b3dbe50319451a tracked-source-clean
PASS dependency LeanSearchClient 25078369972d295301f5a1e53c3e5850cf6d9d4c tracked-source-clean
PASS dependency importGraph e6a9f0f5ee3ccf7443a0070f92b62f8db12ae82b tracked-source-clean
PASS dependency proofwidgets c4919189477c3221e6a204008998b0d724f49904 tracked-source-clean
PASS dependency aesop 5d50b08dedd7d69b3d9b3176e0d58a23af228884 tracked-source-clean
PASS dependency Qq fa4f7f15d97591a9cf3aa7724ba371c7fc6dda02 tracked-source-clean
PASS dependency batteries f5d04a9c4973d401c8c92500711518f7c656f034 tracked-source-clean
PASS dependency Cli 02dbd02bc00ec4916e99b04b2245b30200e200d0 tracked-source-clean
OWNED Conjecture934.Circle
TYPE Type
AXIOMS [propext, Quot.sound, Classical.choice]
OWNED Conjecture934.IsSignChoice
TYPE (ℕ → ℂ) → Prop
AXIOMS [propext, Quot.sound, Classical.choice]
OWNED Conjecture934.L1
TYPE AddSubgroup (Conjecture934.Circle →ₘ[Conjecture934.μ] ℂ)
AXIOMS [propext, Quot.sound, Classical.choice]
OWNED Conjecture934.L1_norm_integral
TYPE ∀ (f : ↥Conjecture934.L1), ‖f‖ = ∫ (x : Conjecture934.Circle), ‖↑↑f x‖ ∂Conjecture934.μ
AXIOMS [propext, Quot.sound, Classical.choice]
OWNED Conjecture934.L2
TYPE AddSubgroup (Conjecture934.Circle →ₘ[Conjecture934.μ] ℂ)
AXIOMS [propext, Quot.sound, Classical.choice]
OWNED Conjecture934.conjecture
TYPE ∃ f,
  Summable f ∧
    (∀ (ε : ℕ → ℂ), Conjecture934.IsSignChoice ε → Summable fun n => ε n • f n) ∧
      ∀ (π : Equiv.Perm ℕ), ¬Summable fun n => ‖f (π n)‖
AXIOMS [propext, Quot.sound, Classical.choice]
OWNED Conjecture934.fourier_L1_norm
TYPE ∀ (n : ℤ), ‖fourierLp 1 n‖ = 1
AXIOMS [propext, Quot.sound, Classical.choice]
OWNED Conjecture934.inclusion
TYPE ↥Conjecture934.L2 →L[ℂ] ↥Conjecture934.L1
AXIOMS [propext, Quot.sound, Classical.choice]
OWNED Conjecture934.inclusionLinear
TYPE ↥Conjecture934.L2 →ₗ[ℂ] ↥Conjecture934.L1
AXIOMS [propext, Quot.sound, Classical.choice]
OWNED Conjecture934.inclusionLinear_apply
TYPE ∀ (f : ↥Conjecture934.L2), Conjecture934.inclusionLinear f = ⟨↑f, ⋯⟩
AXIOMS [propext, Quot.sound, Classical.choice]
OWNED Conjecture934.inclusionLinear_exists
TYPE ∃ L, ∀ (f : ↥Conjecture934.L2), L f = ⟨↑f, ⋯⟩
AXIOMS [propext, Quot.sound, Classical.choice]
OWNED Conjecture934.inclusion_apply
TYPE ∀ (f : ↥Conjecture934.L2), Conjecture934.inclusion f = Conjecture934.inclusionLinear f
AXIOMS [propext, Quot.sound, Classical.choice]
OWNED Conjecture934.inclusion_exists
TYPE ∃ L, ∀ (f : ↥Conjecture934.L2), L f = Conjecture934.inclusionLinear f
AXIOMS [propext, Quot.sound, Classical.choice]
OWNED Conjecture934.inclusion_fourier
TYPE ∀ (n : ℤ), Conjecture934.inclusion (fourierLp 2 n) = fourierLp 1 n
AXIOMS [propext, Quot.sound, Classical.choice]
OWNED Conjecture934.inclusion_norm_le
TYPE ∀ (f : ↥Conjecture934.L2), ‖Conjecture934.inclusionLinear f‖ ≤ ‖f‖
AXIOMS [propext, Quot.sound, Classical.choice]
OWNED Conjecture934.measure_eq_volume
TYPE Conjecture934.μ = MeasureTheory.volume
AXIOMS [propext, Quot.sound, Classical.choice]
OWNED Conjecture934.no_absolute_rearrangement
TYPE ∀ (π : Equiv.Perm ℕ), ¬Summable fun n => ‖Conjecture934.term (π n)‖
AXIOMS [Quot.sound, propext, Classical.choice]
OWNED Conjecture934.phase_L2_summable
TYPE ∀ (ε : ℕ → ℂ), (∀ (n : ℕ), ‖ε n‖ = 1) → Summable fun n => (ε n * (↑n)⁻¹) • fourierLp 2 ↑n
AXIOMS [propext, Quot.sound, Classical.choice]
OWNED Conjecture934.phase_no_absolute_rearrangement
TYPE ∀ (ε : ℕ → ℂ),
  (∀ (n : ℕ), ‖ε n‖ = 1) → ∀ (π : Equiv.Perm ℕ), ¬Summable fun n => ‖ε (π n) • Conjecture934.term (π n)‖
AXIOMS [propext, Quot.sound, Classical.choice]
OWNED Conjecture934.phase_norm_partial_sums_diverge
TYPE ∀ (ε : ℕ → ℂ),
  (∀ (n : ℕ), ‖ε n‖ = 1) →
    ∀ (π : Equiv.Perm ℕ),
      Filter.Tendsto (fun N => ∑ n ∈ Finset.range N, ‖ε (π n) • Conjecture934.term (π n)‖) Filter.atTop Filter.atTop
AXIOMS [propext, Quot.sound, Classical.choice]
OWNED Conjecture934.phase_permutation_norm
TYPE ∀ (ε : ℕ → ℂ),
  (∀ (n : ℕ), ‖ε n‖ = 1) →
    ∃ s,
      ∀ (π : Equiv.Perm ℕ),
        Filter.Tendsto (fun N => ‖∑ n ∈ Finset.range N, ε (π n) • Conjecture934.term (π n) - s‖) Filter.atTop (nhds 0)
AXIOMS [propext, Quot.sound, Classical.choice]
OWNED Conjecture934.phase_summable
TYPE ∀ (ε : ℕ → ℂ), (∀ (n : ℕ), ‖ε n‖ = 1) → Summable fun n => ε n • Conjecture934.term n
AXIOMS [propext, Quot.sound, Classical.choice]
OWNED Conjecture934.phase_unconditional_norm
TYPE ∀ (ε : ℕ → ℂ),
  (∀ (n : ℕ), ‖ε n‖ = 1) →
    ∃ s, Filter.Tendsto (fun F => ‖∑ n ∈ F, ε n • Conjecture934.term n - s‖) Filter.atTop (nhds 0)
AXIOMS [propext, Quot.sound, Classical.choice]
OWNED Conjecture934.representative_on_real
TYPE ∀ (n : ℕ) (x : ℝ), (↑n)⁻¹ * (fourier ↑n) ↑x = (↑n)⁻¹ * Complex.exp (2 * ↑Real.pi * Complex.I * ↑n * ↑x)
AXIOMS [propext, Quot.sound, Classical.choice]
OWNED Conjecture934.sign_summable
TYPE ∀ (ε : ℕ → ℂ), Conjecture934.IsSignChoice ε → Summable fun n => ε n • Conjecture934.term n
AXIOMS [propext, Quot.sound, Classical.choice]
OWNED Conjecture934.strengthened_conjecture
TYPE ∃ f,
  Summable f ∧
    ∀ (ε : ℕ → ℂ),
      (∀ (n : ℕ), ‖ε n‖ = 1) →
        (Summable fun n => ε n • f n) ∧ ∀ (π : Equiv.Perm ℕ), ¬Summable fun n => ‖ε (π n) • f (π n)‖
AXIOMS [propext, Quot.sound, Classical.choice]
OWNED Conjecture934.term
TYPE ℕ → ↥Conjecture934.L1
AXIOMS [propext, Quot.sound, Classical.choice]
OWNED Conjecture934.term_ae
TYPE ∀ (n : ℕ), ↑↑(Conjecture934.term n) =ᵐ[Conjecture934.μ] fun x => (↑n)⁻¹ * (fourier ↑n) x
AXIOMS [propext, Quot.sound, Classical.choice]
OWNED Conjecture934.term_norm
TYPE ∀ (n : ℕ), ‖Conjecture934.term n‖ = (↑n)⁻¹
AXIOMS [propext, Quot.sound, Classical.choice]
OWNED Conjecture934.term_summable
TYPE Summable Conjecture934.term
AXIOMS [Quot.sound, propext, Classical.choice]
OWNED Conjecture934.μ
TYPE MeasureTheory.Measure Conjecture934.Circle
AXIOMS [propext, Quot.sound, Classical.choice]
OWNED Conjecture934.L2._proof_1
TYPE (0 + 2).AtLeastTwo
AXIOMS []
OWNED Conjecture934.inclusionLinear._proof_2
TYPE IsTopologicalAddGroup ℂ
AXIOMS [Quot.sound, propext, Classical.choice]
OWNED Conjecture934.inclusionLinear._proof_3
TYPE ∀ (f : ↥Conjecture934.L2), ↑f ∈ MeasureTheory.Lp ℂ 1 Conjecture934.μ
AXIOMS [propext, Quot.sound, Classical.choice]
OWNED Conjecture934.phase_L2_summable._proof_4
TYPE ∀ {α : Type u_1} [inst : DivisionMonoid α] (a : α) (n : ℕ), (a ^ n)⁻¹ = a⁻¹ ^ n
AXIOMS [propext]
OWNED Conjecture934.term.eq_1
TYPE ∀ (n : ℕ), Conjecture934.term n = (↑n)⁻¹ • fourierLp 1 ↑n
AXIOMS [propext, Quot.sound, Classical.choice]
PASS: inspected 36 owned declarations, including generated helpers
PASS: 30946 transitive declarations have no unsafe constant and only propext/Classical.choice/Quot.sound axioms
PASS: every owned declaration also passed Lean.collectAxioms independently
PASS: build, fresh mathematical-source replay, and full declaration audit
