OWNED Conjecture934.Circle
TYPE Type
AXIOMS [propext, Quot.sound, Classical.choice]
OWNED Conjecture934.IsSignChoice
TYPE (ℕ → ℂ) → Prop
AXIOMS [propext, Quot.sound, Classical.choice]
OWNED Conjecture934.L1
TYPE AddSubgroup (Conjecture934.Circle →ₘ[Conjecture934.μ] ℂ)
AXIOMS [propext, Quot.sound, Classical.choice]
OWNED Conjecture934.L1_norm_integral
TYPE ∀ (f : ↥Conjecture934.L1), ‖f‖ = ∫ (x : Conjecture934.Circle), ‖↑↑f x‖ ∂Conjecture934.μ
AXIOMS [propext, Quot.sound, Classical.choice]
OWNED Conjecture934.L2
TYPE AddSubgroup (Conjecture934.Circle →ₘ[Conjecture934.μ] ℂ)
AXIOMS [propext, Quot.sound, Classical.choice]
OWNED Conjecture934.conjecture
TYPE ∃ f,
  Summable f ∧
    (∀ (ε : ℕ → ℂ), Conjecture934.IsSignChoice ε → Summable fun n => ε n • f n) ∧
      ∀ (π : Equiv.Perm ℕ), ¬Summable fun n => ‖f (π n)‖
AXIOMS [propext, Quot.sound, Classical.choice]
OWNED Conjecture934.fourier_L1_norm
TYPE ∀ (n : ℤ), ‖fourierLp 1 n‖ = 1
AXIOMS [propext, Quot.sound, Classical.choice]
OWNED Conjecture934.inclusion
TYPE ↥Conjecture934.L2 →L[ℂ] ↥Conjecture934.L1
AXIOMS [propext, Quot.sound, Classical.choice]
OWNED Conjecture934.inclusionLinear
TYPE ↥Conjecture934.L2 →ₗ[ℂ] ↥Conjecture934.L1
AXIOMS [propext, Quot.sound, Classical.choice]
OWNED Conjecture934.inclusion_apply
TYPE ∀ (f : ↥Conjecture934.L2), Conjecture934.inclusion f = Conjecture934.inclusionLinear f
AXIOMS [propext, Quot.sound, Classical.choice]
OWNED Conjecture934.inclusion_exists
TYPE ∃ L, ∀ (f : ↥Conjecture934.L2), L f = Conjecture934.inclusionLinear f
AXIOMS [propext, Quot.sound, Classical.choice]
OWNED Conjecture934.inclusion_fourier
TYPE ∀ (n : ℤ), Conjecture934.inclusion (fourierLp 2 n) = fourierLp 1 n
AXIOMS [propext, Quot.sound, Classical.choice]
OWNED Conjecture934.inclusion_norm_le
TYPE ∀ (f : ↥Conjecture934.L2), ‖Conjecture934.inclusionLinear f‖ ≤ ‖f‖
AXIOMS [propext, Quot.sound, Classical.choice]
OWNED Conjecture934.measure_eq_volume
TYPE Conjecture934.μ = MeasureTheory.volume
AXIOMS [propext, Quot.sound, Classical.choice]
OWNED Conjecture934.no_absolute_rearrangement
TYPE ∀ (π : Equiv.Perm ℕ), ¬Summable fun n => ‖Conjecture934.term (π n)‖
AXIOMS [Quot.sound, propext, Classical.choice]
OWNED Conjecture934.phase_L2_summable
TYPE ∀ (ε : ℕ → ℂ), (∀ (n : ℕ), ‖ε n‖ = 1) → Summable fun n => (ε n * (↑n)⁻¹) • fourierLp 2 ↑n
AXIOMS [propext, Quot.sound, Classical.choice]
OWNED Conjecture934.phase_no_absolute_rearrangement
TYPE ∀ (ε : ℕ → ℂ),
  (∀ (n : ℕ), ‖ε n‖ = 1) → ∀ (π : Equiv.Perm ℕ), ¬Summable fun n => ‖ε (π n) • Conjecture934.term (π n)‖
AXIOMS [propext, Quot.sound, Classical.choice]
OWNED Conjecture934.phase_norm_partial_sums_diverge
TYPE ∀ (ε : ℕ → ℂ),
  (∀ (n : ℕ), ‖ε n‖ = 1) →
    ∀ (π : Equiv.Perm ℕ),
      Filter.Tendsto (fun N => ∑ n ∈ Finset.range N, ‖ε (π n) • Conjecture934.term (π n)‖) Filter.atTop Filter.atTop
AXIOMS [propext, Quot.sound, Classical.choice]
OWNED Conjecture934.phase_permutation_norm
TYPE ∀ (ε : ℕ → ℂ),
  (∀ (n : ℕ), ‖ε n‖ = 1) →
    ∃ s,
      ∀ (π : Equiv.Perm ℕ),
        Filter.Tendsto (fun N => ‖∑ n ∈ Finset.range N, ε (π n) • Conjecture934.term (π n) - s‖) Filter.atTop (nhds 0)
AXIOMS [propext, Quot.sound, Classical.choice]
OWNED Conjecture934.phase_summable
TYPE ∀ (ε : ℕ → ℂ), (∀ (n : ℕ), ‖ε n‖ = 1) → Summable fun n => ε n • Conjecture934.term n
AXIOMS [propext, Quot.sound, Classical.choice]
OWNED Conjecture934.phase_unconditional_norm
TYPE ∀ (ε : ℕ → ℂ),
  (∀ (n : ℕ), ‖ε n‖ = 1) →
    ∃ s, Filter.Tendsto (fun F => ‖∑ n ∈ F, ε n • Conjecture934.term n - s‖) Filter.atTop (nhds 0)
AXIOMS [propext, Quot.sound, Classical.choice]
OWNED Conjecture934.representative_on_real
TYPE ∀ (n : ℕ) (x : ℝ), (↑n)⁻¹ * (fourier ↑n) ↑x = (↑n)⁻¹ * Complex.exp (2 * ↑Real.pi * Complex.I * ↑n * ↑x)
AXIOMS [propext, Quot.sound, Classical.choice]
OWNED Conjecture934.sign_summable
TYPE ∀ (ε : ℕ → ℂ), Conjecture934.IsSignChoice ε → Summable fun n => ε n • Conjecture934.term n
AXIOMS [propext, Quot.sound, Classical.choice]
OWNED Conjecture934.strengthened_conjecture
TYPE ∃ f,
  Summable f ∧
    ∀ (ε : ℕ → ℂ),
      (∀ (n : ℕ), ‖ε n‖ = 1) →
        (Summable fun n => ε n • f n) ∧ ∀ (π : Equiv.Perm ℕ), ¬Summable fun n => ‖ε (π n) • f (π n)‖
AXIOMS [propext, Quot.sound, Classical.choice]
OWNED Conjecture934.term
TYPE ℕ → ↥Conjecture934.L1
AXIOMS [propext, Quot.sound, Classical.choice]
OWNED Conjecture934.term_ae
TYPE ∀ (n : ℕ), ↑↑(Conjecture934.term n) =ᵐ[Conjecture934.μ] fun x => (↑n)⁻¹ * (fourier ↑n) x
AXIOMS [propext, Quot.sound, Classical.choice]
OWNED Conjecture934.term_norm
TYPE ∀ (n : ℕ), ‖Conjecture934.term n‖ = (↑n)⁻¹
AXIOMS [propext, Quot.sound, Classical.choice]
OWNED Conjecture934.term_summable
TYPE Summable Conjecture934.term
AXIOMS [Quot.sound, propext, Classical.choice]
OWNED Conjecture934.μ
TYPE MeasureTheory.Measure Conjecture934.Circle
AXIOMS [propext, Quot.sound, Classical.choice]
OWNED Conjecture934.L2._proof_1
TYPE (0 + 2).AtLeastTwo
AXIOMS []
Audit.lean:10:0: error: Unsafe owned declaration: Conjecture934.inclusionLinear._cstage1
