Lean.EnvironmentHeader.moduleNames (self : Lean.EnvironmentHeader) : Array Lean.Name
Lean.ConstantInfo.all : Lean.ConstantInfo → List Lean.Name
Lean.NameSet : Type
attempts/006-audit-api-probe.lean:7:7: error: unknown constant 'Lean.NameSet.toArray'
attempts/006-audit-api-probe.lean:8:7: error: unknown constant 'Lean.NameSet.toList'
Lean.Name.quickLt (n₁ n₂ : Lean.Name) : Bool
attempts/006-audit-api-probe.lean:10:7: error: unknown constant 'Lean.ConstMap.toList'
Lean.Json.mkObj (o : List (String × Lean.Json)) : Lean.Json
Lean.Json.arr (elems : Array Lean.Json) : Lean.Json
Lean.Json.compress (j : Lean.Json) : String
Lean.Elab.Command.liftCoreM {α : Type} (x : Lean.CoreM α) : Lean.Elab.Command.CommandElabM α
opaque Lean.CollectAxioms.collect : Lean.Name → Lean.CollectAxioms.M Unit
inductive Lean.ConstantInfo : Type
number of parameters: 0
constructors:
Lean.ConstantInfo.axiomInfo : Lean.AxiomVal → Lean.ConstantInfo
Lean.ConstantInfo.defnInfo : Lean.DefinitionVal → Lean.ConstantInfo
Lean.ConstantInfo.thmInfo : Lean.TheoremVal → Lean.ConstantInfo
Lean.ConstantInfo.opaqueInfo : Lean.OpaqueVal → Lean.ConstantInfo
Lean.ConstantInfo.quotInfo : Lean.QuotVal → Lean.ConstantInfo
Lean.ConstantInfo.inductInfo : Lean.InductiveVal → Lean.ConstantInfo
Lean.ConstantInfo.ctorInfo : Lean.ConstructorVal → Lean.ConstantInfo
Lean.ConstantInfo.recInfo : Lean.RecursorVal → Lean.ConstantInfo
inductive Lean.DefinitionSafety : Type
number of parameters: 0
constructors:
Lean.DefinitionSafety.unsafe : Lean.DefinitionSafety
Lean.DefinitionSafety.safe : Lean.DefinitionSafety
Lean.DefinitionSafety.partial : Lean.DefinitionSafety
