@[reducible] def Lean.ConstMap : Type :=
Lean.SMap Lean.Name Lean.ConstantInfo
def Lean.NameSet : Type :=
Lean.RBTree Lean.Name Lean.Name.quickCmp
Lean.SMap.fold.{u, v, w} {α : Type u} {β : Type v} [BEq α] [Hashable α] {σ : Type w} (f : σ → α → β → σ) (init : σ)
  (m : Lean.SMap α β) : σ
Lean.SMap.toList.{u, v} {α : Type u} {β : Type v} [BEq α] [Hashable α] (m : Lean.SMap α β) : List (α × β)
attempts/008-audit-api-probe-two.lean:7:7: error: unknown constant 'Lean.SMap.toArray'
Lean.RBTree.toArray.{u} {α : Type u} {cmp : α → α → Ordering} (t : Lean.RBTree α cmp) : Array α
Lean.RBTree.toList.{u} {α : Type u} {cmp : α → α → Ordering} (t : Lean.RBTree α cmp) : List α
Lean.RBTree.toList.{u} {α : Type u} {cmp : α → α → Ordering} (t : Lean.RBTree α cmp) : List α
Lean.RecursorVal.rules (self : Lean.RecursorVal) : List Lean.RecursorRule
Lean.RecursorRule.rhs (self : Lean.RecursorRule) : Lean.Expr
Lean.InductiveVal.ctors (self : Lean.InductiveVal) : List Lean.Name
Lean.RecursorVal.all (self : Lean.RecursorVal) : List Lean.Name
Lean.Name.isPrefixOf : Lean.Name → Lean.Name → Bool
Lean.Core.CoreM (α : Type) : Type
Lean.Environment.find? (env : Lean.Environment) (n : Lean.Name) (skipRealize : Bool := false) : Option Lean.ConstantInfo
IO.FS.writeFile (fname : System.FilePath) (content : String) : IO Unit
attempts/008-audit-api-probe-two.lean:19:7: error: unknown identifier 'Lean.liftIO'
