This is pdfTeX, Version 3.141592653-2.6-1.40.26 (TeX Live 2025/dev/Debian) (INITEX)
 restricted \write18 enabled.
entering extended mode
(/usr/share/texlive/texmf-dist/tex/latex/base/latex.ltx
(/usr/share/texlive/texmf-dist/tex/latex/base/texsys.cfg)
./texsys.aux found


\@currdir set to: ./.


Assuming \openin and \input 
have the same search path.


Defining UNIX/DOS style filename parser.

catcodes, registers, parameters,
LaTeX2e <2024-11-01> patch level 2
(/usr/share/texlive/texmf-dist/tex/latex/l3kernel/expl3.ltx
(/usr/share/texlive/texmf-dist/tex/latex/l3kernel/expl3-code.tex)) hacks,
document commands, templates, control, par, spacing, files, font encodings,
lengths, NFSS base, NFSS axes, NFSS tracing, NFSS declarative interface,
NFSS initialization,
====================================

Local config file fonttext.cfg used

====================================
(/usr/share/texlive/texmf-dist/tex/latex/base/fonttext.cfg
(/usr/share/texlive/texmf-dist/tex/latex/base/fonttext.ltx
=== Don't modify this file, use a .cfg file instead ===

(/usr/share/texlive/texmf-dist/tex/latex/base/omlenc.def)
(/usr/share/texlive/texmf-dist/tex/latex/base/omsenc.def)
(/usr/share/texlive/texmf-dist/tex/latex/base/ot1enc.def)
(/usr/share/texlive/texmf-dist/tex/latex/base/t1enc.def)
(/usr/share/texlive/texmf-dist/tex/latex/base/ts1enc.def)
(/usr/share/texlive/texmf-dist/tex/latex/base/ts1cmr.fd)
(/usr/share/texlive/texmf-dist/tex/latex/base/t1cmr.fd)
(/usr/share/texlive/texmf-dist/tex/latex/base/ot1cmr.fd)
(/usr/share/texlive/texmf-dist/tex/latex/base/ts1cmr.fd)
(/usr/share/texlive/texmf-dist/tex/latex/base/t1cmss.fd)
(/usr/share/texlive/texmf-dist/tex/latex/base/t1cmtt.fd)
(/usr/share/texlive/texmf-dist/tex/latex/base/ot1cmss.fd)
(/usr/share/texlive/texmf-dist/tex/latex/base/ot1cmtt.fd)
(/usr/share/texlive/texmf-dist/tex/latex/base/ts1cmss.fd)
(/usr/share/texlive/texmf-dist/tex/latex/base/ts1cmtt.fd)))
====================================

Local config file fontmath.cfg used

====================================
(/usr/share/texlive/texmf-dist/tex/latex/base/fontmath.cfg
(/usr/share/texlive/texmf-dist/tex/latex/base/fontmath.ltx
=== Don't modify this file, use a .cfg file instead ===

(/usr/share/texlive/texmf-dist/tex/latex/base/omlcmm.fd)
(/usr/share/texlive/texmf-dist/tex/latex/base/omscmsy.fd)
(/usr/share/texlive/texmf-dist/tex/latex/base/omxcmex.fd)
(/usr/share/texlive/texmf-dist/tex/latex/base/ucmr.fd)))
====================================

Local config file preload.cfg used

=====================================
(/usr/share/texlive/texmf-dist/tex/latex/base/preload.cfg
(/usr/share/texlive/texmf-dist/tex/latex/base/preload.ltx)) page nos., x-ref,
environments, center, verbatim, math definitions, boxes, title, sectioning,
contents, floats, footnotes, index, bibliography, output,
===========================================
Local configuration file hyphen.cfg used
===========================================
(/usr/share/texlive/texmf-dist/tex/generic/babel/hyphen.cfg
I couldn't find the file language.dat, I will try the file hyphen.tex
(/usr/share/texlive/texmf-dist/tex/generic/hyphen/hyphen.tex))
(/usr/share/texlive/texmf-dist/tex/generic/pdftex/glyphtounicode.tex)
(/usr/share/texlive/texmf-dist/tex/latex/base/utf8.def
(/usr/share/texlive/texmf-dist/tex/latex/base/omsenc.dfu)
(/usr/share/texlive/texmf-dist/tex/latex/base/ot1enc.dfu)
(/usr/share/texlive/texmf-dist/tex/latex/base/t1enc.dfu)
(/usr/share/texlive/texmf-dist/tex/latex/base/ts1enc.dfu))
(/usr/share/texlive/texmf-dist/tex/latex/firstaid/latex2e-first-aid-for-externa
l-files.ltx)
 )
Beginning to dump on file pdflatex.fmt
 (preloaded format=pdflatex 2026.10.9)
24799 strings of total length 482721
385886 memory locations dumped; current usage is 204&378741
23092 multiletter control sequences
\font\nullfont=nullfont
\font\c__fp_exp_intarray=cmr10 at 0.00002pt
\font\c__fp_trig_intarray=cmr10 at 0.00003pt
\font\c_initex_cctab=cmr10 at 0.00005pt
\font\c_other_cctab=cmr10 at 0.00006pt
\font\c_str_cctab=cmr10 at 0.00008pt
\font\g_tmpa_cctab=cmr10 at 0.00009pt
\font\g_tmpb_cctab=cmr10 at 0.0001pt
\font\g__regex_state_active_intarray=cmr10 at 0.00012pt
\font\g__regex_thread_info_intarray=cmr10 at 0.00014pt
\font\g__regex_submatch_prev_intarray=cmr10 at 0.00015pt
\font\g__regex_submatch_begin_intarray=cmr10 at 0.00017pt
\font\g__regex_submatch_end_intarray=cmr10 at 0.00018pt
\font\g__regex_submatch_case_intarray=cmr10 at 0.0002pt
\font\g__regex_balance_intarray=cmr10 at 0.00021pt
\font\g__codepoint_category_index_intarray=cmr10 at 0.00023pt
\font\g__codepoint_uppercase_index_intarray=cmr10 at 0.00024pt
\font\g__codepoint_lowercase_index_intarray=cmr10 at 0.00026pt
\font\g__codepoint_category_blocks_intarray=cmr10 at 0.00027pt
\font\g__codepoint_uppercase_blocks_intarray=cmr10 at 0.00029pt
\font\g__codepoint_lowercase_blocks_intarray=cmr10 at 0.0003pt
\font\OMX/cmex/m/n/10=cmex10
\font\tenln=line10
\font\tenlnw=linew10
\font\tencirc=lcircle10
\font\tencircw=lcirclew10
\font\OT1/cmr/m/n/5=cmr5
\font\OT1/cmr/m/n/7=cmr7
\font\OT1/cmr/m/n/10=cmr10
\font\OML/cmm/m/it/5=cmmi5
\font\OML/cmm/m/it/7=cmmi7
\font\OML/cmm/m/it/10=cmmi10
\font\OMS/cmsy/m/n/5=cmsy5
\font\OMS/cmsy/m/n/7=cmsy7
\font\OMS/cmsy/m/n/10=cmsy10
\font\c_code_cctab=cmr10 at 0.00032pt
\font\c_document_cctab=cmr10 at 0.00034pt
558830 words of font info for 36 preloaded fonts
14 hyphenation exceptions
Hyphenation trie of length 6075 has 181 ops out of 35111
  181 for language 0
0 words of pdfTeX memory
0 indirect objects
No pages of output.
Transcript written on pdflatex.log.
