Lean (version 4.31.0, x86_64-unknown-linux-gnu, commit 68218e876d2a38b1985b8590fff244a83c321783, Release)
info: tlmc1043: no previous manifest, creating one from scratch
info: toolchain not updated; already up-to-date
✔ [2/7] Built Base (2.4s)
✔ [3/7] Built FieldModel (533ms)
✔ [4/7] Built Certificate (81s)
✔ [5/7] Built Final (372ms)
✔ [6/7] Built Main (309ms)
Build completed successfully (7 jobs).
'TLMC1043.inv_power' depends on axioms: [propext]
'TLMC1043.witness_bijective' depends on axioms: [propext]
'TLMC1043.complete_normal_form' depends on axioms: [propext]
'TLMC1043.strip_normal' depends on axioms: [propext, Quot.sound]
'TLMC1043.certificate3' depends on axioms: [propext, Quot.sound]
'TLMC1043.certificate4' depends on axioms: [propext, Quot.sound]
'TLMC1043.rank_exceeds_four' depends on axioms: [propext, Quot.sound]
'TLMC1043.standard_carlitz_bound_false' depends on axioms: [propext, Quot.sound]
'TLMC1043.eleven_prime' depends on axioms: [propext, Quot.sound]
'TLMC1043.polynomial_represents_witness' depends on axioms: [propext]
'TLMC1043.polynomial_counterexample' depends on axioms: [propext, Quot.sound]
3 layers: 1331 tuples, zero affine survivors; first-failure counts [0, 0, 1182, 103, 16, 10, 8, 10, 0, 2, 0]
4 layers: 14641 tuples, zero affine survivors; first-failure counts [0, 0, 13010, 1118, 150, 68, 40, 249, 6, 0, 0]
Every exact check passed. These auxiliary checks do not replace the complete Lean proof.
PASS: clean Lake build, principal-theorem axiom audit, and independent exact checker.
