OWNED_MODULE	ControlUnsafe
IMPORTED_MODULE	Init.Prelude
IMPORTED_MODULE	Init.Coe
IMPORTED_MODULE	Init.Notation
IMPORTED_MODULE	Init.Tactics
IMPORTED_MODULE	Init.SizeOf
IMPORTED_MODULE	Init.Core
IMPORTED_MODULE	Init.BinderNameHint
IMPORTED_MODULE	Init.Control.Basic
IMPORTED_MODULE	Init.Control.Id
IMPORTED_MODULE	Init.Control.Except
IMPORTED_MODULE	Init.Control.State
IMPORTED_MODULE	Init.Data.Cast
IMPORTED_MODULE	Init.SimpLemmas
IMPORTED_MODULE	Init.Data.Zero
IMPORTED_MODULE	Init.Data.NeZero
IMPORTED_MODULE	Init.Data.Nat.Basic
IMPORTED_MODULE	Init.WF
IMPORTED_MODULE	Init.MetaTypes
IMPORTED_MODULE	Init.WFTactics
IMPORTED_MODULE	Init.Data.Nat.Div.Basic
IMPORTED_MODULE	Init.Data.Int.Basic
IMPORTED_MODULE	Init.Data.List.Notation
IMPORTED_MODULE	Init.Data.List.Basic
IMPORTED_MODULE	Init.Data.Nat.Bitwise.Basic
IMPORTED_MODULE	Init.Data.Fin.Basic
IMPORTED_MODULE	Init.Data.BitVec.BasicAux
IMPORTED_MODULE	Init.Data.UInt.BasicAux
IMPORTED_MODULE	Init.Data.Char.Basic
IMPORTED_MODULE	Init.Data.String.Basic
IMPORTED_MODULE	Init.Data.Format.Basic
IMPORTED_MODULE	Init.Data.Repr
IMPORTED_MODULE	Init.Data.Option.Basic
IMPORTED_MODULE	Init.Data.ToString.Basic
IMPORTED_MODULE	Init.Util
IMPORTED_MODULE	Init.GetElem
IMPORTED_MODULE	Init.Data.List.ToArrayImpl
IMPORTED_MODULE	Init.Data.Array.Set
IMPORTED_MODULE	Init.Data.Array.Basic
IMPORTED_MODULE	Init.Data.Array.Subarray
IMPORTED_MODULE	Init.Syntax
IMPORTED_MODULE	Init.Data.Array.GetLit
IMPORTED_MODULE	Init.Data.Option.BasicAux
IMPORTED_MODULE	Init.Meta
IMPORTED_MODULE	Init.Conv
IMPORTED_MODULE	Init.While
IMPORTED_MODULE	Init.NotationExtra
IMPORTED_MODULE	Init.TacticsExtra
IMPORTED_MODULE	Init.PropLemmas
IMPORTED_MODULE	Init.Classical
IMPORTED_MODULE	Init.ByCases
IMPORTED_MODULE	Init.RCases
IMPORTED_MODULE	Init.Control.EState
IMPORTED_MODULE	Init.Control.Reader
IMPORTED_MODULE	Init.System.ST
IMPORTED_MODULE	Init.Control.StateRef
IMPORTED_MODULE	Init.Control.Option
IMPORTED_MODULE	Init.Control.Lawful.Basic
IMPORTED_MODULE	Init.Data.ToString.Macro
IMPORTED_MODULE	Init.Ext
IMPORTED_MODULE	Init.Control.Lawful.Instances
IMPORTED_MODULE	Init.Control.Lawful.Lemmas
IMPORTED_MODULE	Init.Control.Lawful
IMPORTED_MODULE	Init.Control.StateCps
IMPORTED_MODULE	Init.Control.ExceptCps
IMPORTED_MODULE	Init.Control
IMPORTED_MODULE	Init.Data.Bool
IMPORTED_MODULE	Init.Data.Int.Lemmas
IMPORTED_MODULE	Init.Data.Nat.MinMax
IMPORTED_MODULE	Init.Data.Prod
IMPORTED_MODULE	Init.Data.RArray
IMPORTED_MODULE	Init.Data.Nat.Linear
IMPORTED_MODULE	Init.Data.Nat.Log2
IMPORTED_MODULE	Init.Data.Nat.Power2
IMPORTED_MODULE	Init.Data.Int.DivMod.Basic
IMPORTED_MODULE	Init.Data.Int.Order
IMPORTED_MODULE	Init.Data.Nat.Dvd
IMPORTED_MODULE	Init.Data.Int.DivMod.Bootstrap
IMPORTED_MODULE	Init.Omega.Int
IMPORTED_MODULE	Init.Data.Option.Instances
IMPORTED_MODULE	Init.Data.BEq
IMPORTED_MODULE	Init.Data.Option.Lemmas
IMPORTED_MODULE	Init.Data.List.BasicAux
IMPORTED_MODULE	Init.Data.List.Control
IMPORTED_MODULE	Init.BinderPredicates
IMPORTED_MODULE	Init.Data.List.Lemmas
IMPORTED_MODULE	Init.Data.List.TakeDrop
IMPORTED_MODULE	Init.Data.Function
IMPORTED_MODULE	Init.Data.List.Zip
IMPORTED_MODULE	Init.Data.Nat.Gcd
IMPORTED_MODULE	Init.Omega.IntList
IMPORTED_MODULE	Init.Omega.Coeffs
IMPORTED_MODULE	Init.Omega.LinearCombo
IMPORTED_MODULE	Init.Omega.Constraint
IMPORTED_MODULE	Init.Omega.Logic
IMPORTED_MODULE	Init.Omega
IMPORTED_MODULE	Init.Data.Nat.Lemmas
IMPORTED_MODULE	Init.Data.Int.Pow
IMPORTED_MODULE	Init.Data.Nat.Simproc
IMPORTED_MODULE	Init.Data.Nat.Bitwise.Lemmas
IMPORTED_MODULE	Init.Data.Int.Bitwise.Basic
IMPORTED_MODULE	Init.Data.Nat.Div.Lemmas
IMPORTED_MODULE	Init.Data.Int.DivMod.Lemmas
IMPORTED_MODULE	Init.Data.Int.Bitwise.Lemmas
IMPORTED_MODULE	Init.Data.Int.Bitwise
IMPORTED_MODULE	Init.Data.BitVec.Basic
IMPORTED_MODULE	Init.Data.UInt.Basic
IMPORTED_MODULE	Init.Data.Fin.Log2
IMPORTED_MODULE	Init.Data.UInt.Log2
IMPORTED_MODULE	Init.Data.Fin.Lemmas
IMPORTED_MODULE	Init.Data.Nat.Bitwise
IMPORTED_MODULE	Init.Data.Fin.Bitwise
IMPORTED_MODULE	Init.Data.Nat.Mod
IMPORTED_MODULE	Init.Data.Int.LemmasAux
IMPORTED_MODULE	Init.Data.BitVec.Lemmas
IMPORTED_MODULE	Init.Data.Fin.Iterate
IMPORTED_MODULE	Init.Data.BitVec.Folds
IMPORTED_MODULE	Init.Data.BitVec.Bitblast
IMPORTED_MODULE	Init.System.Platform
IMPORTED_MODULE	Init.Data.UInt.Lemmas
IMPORTED_MODULE	Init.Data.UInt.Bitwise
IMPORTED_MODULE	Init.Data.UInt
IMPORTED_MODULE	Init.Data.ByteArray.Basic
IMPORTED_MODULE	Init.Data.ByteArray
IMPORTED_MODULE	Init.Data.String.Extra
IMPORTED_MODULE	Init.Data.Basic
IMPORTED_MODULE	Init.Data.Nat.Control
IMPORTED_MODULE	Init.Data.Nat.SOM
IMPORTED_MODULE	Init.Data.Nat.Lcm
IMPORTED_MODULE	Init.Data.Char.Lemmas
IMPORTED_MODULE	Init.Data.List.Sublist
IMPORTED_MODULE	Init.Data.List.Count
IMPORTED_MODULE	Init.Data.Subtype
IMPORTED_MODULE	Init.Data.List.Attach
IMPORTED_MODULE	Init.Data.List.Pairwise
IMPORTED_MODULE	Init.Data.List.Range
IMPORTED_MODULE	Init.Data.List.Find
IMPORTED_MODULE	Init.Data.List.Nat.TakeDrop
IMPORTED_MODULE	Init.Data.List.Lex
IMPORTED_MODULE	Init.Data.String.Lemmas
IMPORTED_MODULE	Init.Data.String
IMPORTED_MODULE	Init.Data.SInt.Basic
IMPORTED_MODULE	Init.Data.List.Erase
IMPORTED_MODULE	Init.Data.List.Nat.Erase
IMPORTED_MODULE	Init.Data.List.Nat.Modify
IMPORTED_MODULE	Init.Data.List.MinMax
IMPORTED_MODULE	Init.Data.List.Nat.Basic
IMPORTED_MODULE	Init.Data.List.Monadic
IMPORTED_MODULE	Init.Data.Fin.Fold
IMPORTED_MODULE	Init.Data.List.OfFn
IMPORTED_MODULE	Init.Data.Array.Mem
IMPORTED_MODULE	Init.Data.List.Nat.BEq
IMPORTED_MODULE	Init.Data.Array.DecidableEq
IMPORTED_MODULE	Init.Data.Range.Basic
IMPORTED_MODULE	Init.Data.Range.Lemmas
IMPORTED_MODULE	Init.Data.Range
IMPORTED_MODULE	Init.Data.Array.Lex.Basic
IMPORTED_MODULE	Init.Data.Array.Bootstrap
IMPORTED_MODULE	Init.Data.List.Impl
IMPORTED_MODULE	Init.Data.List.Nat.InsertIdx
IMPORTED_MODULE	Init.Data.List.ToArray
IMPORTED_MODULE	Init.Data.Array.Lemmas
IMPORTED_MODULE	Init.Data.List.Nat.Count
IMPORTED_MODULE	Init.Data.Array.Count
IMPORTED_MODULE	Init.Data.Array.Attach
IMPORTED_MODULE	Init.Data.Array.OfFn
IMPORTED_MODULE	Init.Data.List.Nat.Range
IMPORTED_MODULE	Init.Data.Option.List
IMPORTED_MODULE	Init.Data.Option.Attach
IMPORTED_MODULE	Init.Data.List.MapIdx
IMPORTED_MODULE	Init.Data.Array.MapIdx
IMPORTED_MODULE	Init.Data.Array.InsertIdx
IMPORTED_MODULE	Init.Data.Array.TakeDrop
IMPORTED_MODULE	Init.Data.Array.Zip
IMPORTED_MODULE	Init.Data.Array.Range
IMPORTED_MODULE	Init.Data.Stream
IMPORTED_MODULE	Init.Data.Vector.Basic
IMPORTED_MODULE	Init.Data.List.Nat.Find
IMPORTED_MODULE	Init.Data.Array.Find
IMPORTED_MODULE	Init.Data.Vector.Lemmas
IMPORTED_MODULE	Init.Data.Array.Lex.Lemmas
IMPORTED_MODULE	Init.Data.Vector.Lex
IMPORTED_MODULE	Init.Data.Vector.Attach
IMPORTED_MODULE	Init.Data.Vector.MapIdx
IMPORTED_MODULE	Init.Data.Vector.Count
IMPORTED_MODULE	Init.Data.Vector.DecidableEq
IMPORTED_MODULE	Init.Data.Vector.Zip
IMPORTED_MODULE	Init.Data.Vector.OfFn
IMPORTED_MODULE	Init.Data.Vector.Range
IMPORTED_MODULE	Init.Data.Array.Erase
IMPORTED_MODULE	Init.Data.Vector.Erase
IMPORTED_MODULE	Init.Data.Array.Monadic
IMPORTED_MODULE	Init.Data.Vector.Monadic
IMPORTED_MODULE	Init.Data.Vector.InsertIdx
IMPORTED_MODULE	Init.Data.List.FinRange
IMPORTED_MODULE	Init.Data.Array.FinRange
IMPORTED_MODULE	Init.Data.Vector.FinRange
IMPORTED_MODULE	Init.Data.Array.Extract
IMPORTED_MODULE	Init.Data.Vector.Extract
IMPORTED_MODULE	Init.Data.Vector
IMPORTED_MODULE	Init.Data.Ord
IMPORTED_MODULE	Init.Data.Nat.Compare
IMPORTED_MODULE	Init.Data.Nat.Fold
IMPORTED_MODULE	Init.Data.Nat
IMPORTED_MODULE	Init.Data.BitVec
IMPORTED_MODULE	Init.Data.Char
IMPORTED_MODULE	Init.Data.List.Nat.Pairwise
IMPORTED_MODULE	Init.Data.List.Nat.Sublist
IMPORTED_MODULE	Init.Data.List.Perm
IMPORTED_MODULE	Init.Data.List.Nat.Perm
IMPORTED_MODULE	Init.Data.List.Nat
IMPORTED_MODULE	Init.Data.List.Sort.Basic
IMPORTED_MODULE	Init.Data.List.Sort.Lemmas
IMPORTED_MODULE	Init.Data.List.Sort.Impl
IMPORTED_MODULE	Init.Data.List.Sort
IMPORTED_MODULE	Init.Data.List
IMPORTED_MODULE	Init.Data.Int.DivMod
IMPORTED_MODULE	Init.Data.Int.Gcd
IMPORTED_MODULE	Init.Data.Int.Cooper
IMPORTED_MODULE	Init.Data.AC
IMPORTED_MODULE	Init.Data.Int.Linear
IMPORTED_MODULE	Init.Data.Int.OfNat
IMPORTED_MODULE	Init.Data.Int
IMPORTED_MODULE	Init.Data.Array.QSort
IMPORTED_MODULE	Init.Data.Array.BinSearch
IMPORTED_MODULE	Init.Data.Array.InsertionSort
IMPORTED_MODULE	Init.Data.Array.BasicAux
IMPORTED_MODULE	Init.Data.Array.Perm
IMPORTED_MODULE	Init.Data.Array.Lex
IMPORTED_MODULE	Init.Data.Array
IMPORTED_MODULE	Init.Data.Array.Subarray.Split
IMPORTED_MODULE	Init.Data.Float
IMPORTED_MODULE	Init.Data.FloatArray.Basic
IMPORTED_MODULE	Init.Data.FloatArray
IMPORTED_MODULE	Init.Data.Fin
IMPORTED_MODULE	Init.Data.SInt.Float
IMPORTED_MODULE	Init.Data.Float32
IMPORTED_MODULE	Init.Data.SInt.Float32
IMPORTED_MODULE	Init.Data.SInt.Lemmas
IMPORTED_MODULE	Init.Data.SInt.Bitwise
IMPORTED_MODULE	Init.Data.SInt
IMPORTED_MODULE	Init.Data.Option.Monadic
IMPORTED_MODULE	Init.Data.Option
IMPORTED_MODULE	Init.System.IOError
IMPORTED_MODULE	Init.System.FilePath
IMPORTED_MODULE	Init.System.IO
IMPORTED_MODULE	Init.Data.Random
IMPORTED_MODULE	Init.Data.ToString
IMPORTED_MODULE	Init.Data.Hashable
IMPORTED_MODULE	Init.Data.OfScientific
IMPORTED_MODULE	Init.Data.Format.Macro
IMPORTED_MODULE	Init.Data.Format.Instances
IMPORTED_MODULE	Init.Data.Format.Syntax
IMPORTED_MODULE	Init.Data.Format
IMPORTED_MODULE	Init.Data.Queue
IMPORTED_MODULE	Init.System.Promise
IMPORTED_MODULE	Init.System.Mutex
IMPORTED_MODULE	Init.Data.Channel
IMPORTED_MODULE	Init.Data.Sum.Basic
IMPORTED_MODULE	Init.Data.Sum.Lemmas
IMPORTED_MODULE	Init.Data.Sum
IMPORTED_MODULE	Init.Data.ULift
IMPORTED_MODULE	Init.Data.PLift
IMPORTED_MODULE	Init.Data
IMPORTED_MODULE	Init.System.Uri
IMPORTED_MODULE	Init.System
IMPORTED_MODULE	Init.Dynamic
IMPORTED_MODULE	Init.ShareCommon
IMPORTED_MODULE	Init.Hints
IMPORTED_MODULE	Init.Guard
IMPORTED_MODULE	Init.Simproc
IMPORTED_MODULE	Init.SizeOfLemmas
IMPORTED_MODULE	Init.MacroTrace
IMPORTED_MODULE	Init.Grind.Norm
IMPORTED_MODULE	Init.Grind.Tactics
IMPORTED_MODULE	Init.Grind.Util
IMPORTED_MODULE	Init.Grind.Lemmas
IMPORTED_MODULE	Init.Grind.Cases
IMPORTED_MODULE	Init.Grind.Propagator
IMPORTED_MODULE	Init.Grind.Offset
IMPORTED_MODULE	Init.Grind.PP
IMPORTED_MODULE	Init.Grind
IMPORTED_MODULE	Init.Internal.Order.Basic
IMPORTED_MODULE	Init.Internal.Order.Lemmas
IMPORTED_MODULE	Init.Internal.Order.Tactic
IMPORTED_MODULE	Init.Internal.Order
IMPORTED_MODULE	Init.Internal
IMPORTED_MODULE	Init.Try
IMPORTED_MODULE	Init.Task
IMPORTED_MODULE	Init
IMPORTED_MODULE	ControlUnsafe
IMPORTED_MODULE	Lean.Data.AssocList
IMPORTED_MODULE	Lean.ImportingFlag
IMPORTED_MODULE	Lean.Data.KVMap
IMPORTED_MODULE	Std.Data.DHashMap.Internal.AssocList.Basic
IMPORTED_MODULE	Std.Data.DHashMap.RawDef
IMPORTED_MODULE	Std.Data.Internal.List.Defs
IMPORTED_MODULE	Std.Data.DHashMap.Internal.Index
IMPORTED_MODULE	Std.Data.DHashMap.Internal.Defs
IMPORTED_MODULE	Std.Data.DHashMap.Raw
IMPORTED_MODULE	Std.Data.DHashMap.Basic
IMPORTED_MODULE	Std.Data.HashMap.Basic
IMPORTED_MODULE	Std.Data.HashSet.Basic
IMPORTED_MODULE	Lean.Data.RBMap
IMPORTED_MODULE	Lean.Data.RBTree
IMPORTED_MODULE	Lean.Data.PersistentHashMap
IMPORTED_MODULE	Lean.Data.SMap
IMPORTED_MODULE	Lean.Data.SSet
IMPORTED_MODULE	Lean.Data.Name
IMPORTED_MODULE	Lean.Data.NameMap
IMPORTED_MODULE	Lean.Data.Options
IMPORTED_MODULE	Lean.Data.Format
IMPORTED_MODULE	Lean.Data.Json.Basic
IMPORTED_MODULE	Std.Internal.Parsec.Basic
IMPORTED_MODULE	Std.Internal.Parsec.String
IMPORTED_MODULE	Std.Internal.Parsec.ByteArray
IMPORTED_MODULE	Std.Internal.Parsec
IMPORTED_MODULE	Lean.Data.Json.Parser
IMPORTED_MODULE	Lean.Data.Json.Printer
IMPORTED_MODULE	Lean.Data.Json.FromToJson
IMPORTED_MODULE	Lean.Data.Json.Stream
IMPORTED_MODULE	Lean.Syntax
IMPORTED_MODULE	Lean.Data.Json.Elab
IMPORTED_MODULE	Lean.Data.Json
IMPORTED_MODULE	Lean.Data.JsonRpc
IMPORTED_MODULE	Lean.Data.LBool
IMPORTED_MODULE	Lean.Data.LOption
IMPORTED_MODULE	Lean.Data.Lsp.Basic
IMPORTED_MODULE	Lean.Data.Lsp.CancelParams
IMPORTED_MODULE	Lean.Data.Lsp.TextSync
IMPORTED_MODULE	Lean.Data.Lsp.LanguageFeatures
IMPORTED_MODULE	Lean.Data.PersistentHashSet
IMPORTED_MODULE	Lean.Hygiene
IMPORTED_MODULE	Lean.Level
IMPORTED_MODULE	Lean.Expr
IMPORTED_MODULE	Lean.ToLevel
IMPORTED_MODULE	Lean.ToExpr
IMPORTED_MODULE	Lean.Data.Position
IMPORTED_MODULE	Lean.Data.DeclarationRange
IMPORTED_MODULE	Lean.Data.PrefixTree
IMPORTED_MODULE	Lean.Data.NameTrie
IMPORTED_MODULE	Lean.Declaration
IMPORTED_MODULE	Lean.Data.PersistentArray
IMPORTED_MODULE	Lean.LocalContext
IMPORTED_MODULE	Lean.Util.Path
IMPORTED_MODULE	Lean.Util.FindExpr
IMPORTED_MODULE	Lean.Util.Profile
IMPORTED_MODULE	Lean.Util.PtrSet
IMPORTED_MODULE	Lean.Util.ReplaceExpr
IMPORTED_MODULE	Lean.Util.InstantiateLevelParams
IMPORTED_MODULE	Lean.Util.FoldConsts
IMPORTED_MODULE	Lean.PrivateName
IMPORTED_MODULE	Lean.LoadDynlib
IMPORTED_MODULE	Lean.Environment
IMPORTED_MODULE	Lean.Data.OpenDecl
IMPORTED_MODULE	Lean.Util.MonadCache
IMPORTED_MODULE	Lean.MetavarContext
IMPORTED_MODULE	Lean.Server.Rpc.Basic
IMPORTED_MODULE	Lean.Widget.Types
IMPORTED_MODULE	Lean.Elab.InfoTree.Types
IMPORTED_MODULE	Lean.Util.PPExt
IMPORTED_MODULE	Lean.Util.Sorry
IMPORTED_MODULE	Lean.Message
IMPORTED_MODULE	Lean.InternalExceptionId
IMPORTED_MODULE	Lean.Exception
IMPORTED_MODULE	Lean.Log
IMPORTED_MODULE	Lean.AuxRecursor
IMPORTED_MODULE	Lean.Compiler.Old
IMPORTED_MODULE	Lean.MonadEnv
IMPORTED_MODULE	Lean.DeclarationRange
IMPORTED_MODULE	Lean.Data.Lsp.Utf16
IMPORTED_MODULE	Lean.Data.Lsp.Diagnostics
IMPORTED_MODULE	Lean.Data.Lsp.CodeActions
IMPORTED_MODULE	Lean.Data.Lsp.Capabilities
IMPORTED_MODULE	Lean.Data.Lsp.Client
IMPORTED_MODULE	Lean.Data.Lsp.Communication
IMPORTED_MODULE	Lean.Data.Lsp.Extra
IMPORTED_MODULE	Lean.Data.Lsp.Workspace
IMPORTED_MODULE	Lean.Data.Lsp.InitShutdown
IMPORTED_MODULE	Std.Classes.Ord
IMPORTED_MODULE	Std.Data.DTreeMap.Internal.Def
IMPORTED_MODULE	Std.Data.DTreeMap.Internal.Balanced
IMPORTED_MODULE	Std.Data.DTreeMap.Internal.Balancing
IMPORTED_MODULE	Std.Data.Internal.Cut
IMPORTED_MODULE	Std.Data.DTreeMap.Internal.Ordered
IMPORTED_MODULE	Std.Data.DTreeMap.Internal.Queries
IMPORTED_MODULE	Std.Data.DTreeMap.Internal.Operations
IMPORTED_MODULE	Std.Data.DTreeMap.Internal.WF.Defs
IMPORTED_MODULE	Std.Data.DTreeMap.Basic
IMPORTED_MODULE	Std.Data.TreeMap.Basic
IMPORTED_MODULE	Std.Data.DTreeMap.Raw.Basic
IMPORTED_MODULE	Std.Data.TreeMap.Raw.Basic
IMPORTED_MODULE	Std.Data.Internal.List.Associative
IMPORTED_MODULE	Std.Data.DTreeMap.Internal.Cell
IMPORTED_MODULE	Std.Data.DTreeMap.Internal.Model
IMPORTED_MODULE	Std.Data.DTreeMap.Internal.WF.Lemmas
IMPORTED_MODULE	Std.Data.DTreeMap.AdditionalOperations
IMPORTED_MODULE	Std.Data.TreeMap.AdditionalOperations
IMPORTED_MODULE	Std.Data.TreeMap
IMPORTED_MODULE	Lean.Data.Lsp.Internal
IMPORTED_MODULE	Lean.Data.Lsp.Ipc
IMPORTED_MODULE	Lean.Data.Lsp.Window
IMPORTED_MODULE	Lean.Data.Lsp
IMPORTED_MODULE	Lean.Data.Trie
IMPORTED_MODULE	Lean.Data.Xml.Basic
IMPORTED_MODULE	Lean.Data.Xml.Parser
IMPORTED_MODULE	Lean.Data.Xml
IMPORTED_MODULE	Lean.Data.RArray
IMPORTED_MODULE	Lean.Data
IMPORTED_MODULE	Lean.Util.RecDepth
IMPORTED_MODULE	Lean.Elab.Exception
IMPORTED_MODULE	Lean.Util.Trace
IMPORTED_MODULE	Lean.Modifiers
IMPORTED_MODULE	Lean.Namespace
IMPORTED_MODULE	Lean.ResolveName
IMPORTED_MODULE	Lean.DocString.Links
IMPORTED_MODULE	Lean.DocString.Extension
IMPORTED_MODULE	Lean.Parser.Types
IMPORTED_MODULE	Lean.Language.Basic
IMPORTED_MODULE	Lean.CoreM
IMPORTED_MODULE	Lean.Attributes
IMPORTED_MODULE	Lean.Compiler.InlineAttrs
IMPORTED_MODULE	Lean.Class
IMPORTED_MODULE	Lean.ScopedEnvExtension
IMPORTED_MODULE	Lean.ReducibilityAttrs
IMPORTED_MODULE	Lean.Util.MonadBacktrack
IMPORTED_MODULE	Lean.Meta.TransparencyMode
IMPORTED_MODULE	Lean.Meta.Basic
IMPORTED_MODULE	Lean.Compiler.Specialize
IMPORTED_MODULE	Lean.Compiler.ConstFolding
IMPORTED_MODULE	Lean.Compiler.ClosedTermCache
IMPORTED_MODULE	Lean.ProjFns
IMPORTED_MODULE	Lean.Compiler.ExternAttr
IMPORTED_MODULE	Lean.Meta.InferType
IMPORTED_MODULE	Lean.Meta.PPGoal
IMPORTED_MODULE	Lean.ReservedNameAction
IMPORTED_MODULE	Lean.Elab.InfoTree.Main
IMPORTED_MODULE	Lean.Elab.InfoTree
IMPORTED_MODULE	Lean.Compiler.ImplementedByAttr
IMPORTED_MODULE	Lean.Compiler.NeverExtractAttr
IMPORTED_MODULE	Lean.Compiler.IR.Basic
IMPORTED_MODULE	Lean.Compiler.IR.Format
IMPORTED_MODULE	Lean.Compiler.IR.CompilerM
IMPORTED_MODULE	Lean.Compiler.IR.FreeVars
IMPORTED_MODULE	Lean.Compiler.IR.NormIds
IMPORTED_MODULE	Lean.Compiler.IR.PushProj
IMPORTED_MODULE	Lean.Compiler.IR.ElimDeadVars
IMPORTED_MODULE	Lean.Compiler.IR.SimpCase
IMPORTED_MODULE	Lean.Compiler.IR.LiveVars
IMPORTED_MODULE	Lean.Compiler.IR.ResetReuse
IMPORTED_MODULE	Lean.Compiler.IR.Checker
IMPORTED_MODULE	Lean.Compiler.ExportAttr
IMPORTED_MODULE	Lean.Compiler.IR.Borrow
IMPORTED_MODULE	Lean.Runtime
IMPORTED_MODULE	Lean.Compiler.IR.Boxing
IMPORTED_MODULE	Lean.Compiler.IR.RC
IMPORTED_MODULE	Lean.Compiler.IR.ExpandResetReuse
IMPORTED_MODULE	Lean.Compiler.IR.UnboxResult
IMPORTED_MODULE	Lean.Compiler.IR.ElimDeadBranches
IMPORTED_MODULE	Lean.Compiler.NameMangling
IMPORTED_MODULE	Lean.AddDecl
IMPORTED_MODULE	Lean.Compiler.InitAttr
IMPORTED_MODULE	Lean.Compiler.IR.EmitUtil
IMPORTED_MODULE	Lean.Compiler.IR.EmitC
IMPORTED_MODULE	Lean.Compiler.IR.CtorLayout
IMPORTED_MODULE	Lean.Compiler.IR.Sorry
IMPORTED_MODULE	Lean.Compiler.IR
IMPORTED_MODULE	Lean.Util.Recognizers
IMPORTED_MODULE	Lean.Compiler.CSimpAttr
IMPORTED_MODULE	Lean.Compiler.FFI
IMPORTED_MODULE	Lean.Compiler.NoncomputableAttr
IMPORTED_MODULE	Lean.Meta.GlobalInstances
IMPORTED_MODULE	Lean.Structure
IMPORTED_MODULE	Lean.Util.SafeExponentiation
IMPORTED_MODULE	Lean.Meta.GetUnfoldableConst
IMPORTED_MODULE	Lean.Meta.FunInfo
IMPORTED_MODULE	Lean.Meta.NatInstTesters
IMPORTED_MODULE	Lean.Meta.Offset
IMPORTED_MODULE	Lean.Meta.LitValues
IMPORTED_MODULE	Lean.Meta.CtorRecognizer
IMPORTED_MODULE	Lean.Meta.Match.MatcherInfo
IMPORTED_MODULE	Lean.Meta.Match.MatchPatternAttr
IMPORTED_MODULE	Lean.Meta.Transform
IMPORTED_MODULE	Lean.Meta.WHNF
IMPORTED_MODULE	Lean.Meta.DiscrTreeTypes
IMPORTED_MODULE	Lean.Meta.DiscrTree
IMPORTED_MODULE	Lean.Util.CollectMVars
IMPORTED_MODULE	Lean.Meta.CollectMVars
IMPORTED_MODULE	Lean.Meta.Instances
IMPORTED_MODULE	Lean.Compiler.LCNF.Types
IMPORTED_MODULE	Lean.Compiler.LCNF.Basic
IMPORTED_MODULE	Lean.Compiler.LCNF.AlphaEqv
IMPORTED_MODULE	Lean.Compiler.LCNF.LCtx
IMPORTED_MODULE	Lean.Compiler.LCNF.ConfigOptions
IMPORTED_MODULE	Lean.Compiler.LCNF.CompilerM
IMPORTED_MODULE	Lean.Compiler.LCNF.PassManager
IMPORTED_MODULE	Lean.Compiler.LCNF.PhaseExt
IMPORTED_MODULE	Lean.Compiler.LCNF.BaseTypes
IMPORTED_MODULE	Lean.Compiler.LCNF.Util
IMPORTED_MODULE	Lean.Compiler.LCNF.MonoTypes
IMPORTED_MODULE	Lean.Compiler.LCNF.OtherDecl
IMPORTED_MODULE	Lean.Compiler.LCNF.InferType
IMPORTED_MODULE	Lean.Compiler.LCNF.Bind
IMPORTED_MODULE	Lean.PrettyPrinter.Delaborator.Options
IMPORTED_MODULE	Lean.Compiler.LCNF.Internalize
IMPORTED_MODULE	Lean.Compiler.LCNF.PrettyPrinter
IMPORTED_MODULE	Lean.Compiler.LCNF.CompatibleTypes
IMPORTED_MODULE	Lean.Compiler.LCNF.Check
IMPORTED_MODULE	Lean.Compiler.LCNF.ToExpr
IMPORTED_MODULE	Lean.Compiler.LCNF.CSE
IMPORTED_MODULE	Lean.Compiler.LCNF.DependsOn
IMPORTED_MODULE	Lean.Compiler.LCNF.ElimDead
IMPORTED_MODULE	Lean.Compiler.LCNF.FixedParams
IMPORTED_MODULE	Lean.Compiler.LCNF.PullFunDecls
IMPORTED_MODULE	Lean.Compiler.LCNF.FVarUtil
IMPORTED_MODULE	Lean.Compiler.LCNF.ScopeM
IMPORTED_MODULE	Lean.Compiler.LCNF.JoinPoints
IMPORTED_MODULE	Lean.Util.CollectLevelParams
IMPORTED_MODULE	Lean.Compiler.LCNF.Level
IMPORTED_MODULE	Lean.Compiler.Options
IMPORTED_MODULE	Lean.Compiler.LCNF.PullLetDecls
IMPORTED_MODULE	Lean.Compiler.LCNF.ReduceJpArity
IMPORTED_MODULE	Lean.Compiler.LCNF.Renaming
IMPORTED_MODULE	Lean.Compiler.LCNF.Simp.Basic
IMPORTED_MODULE	Lean.Compiler.LCNF.Simp.FunDeclInfo
IMPORTED_MODULE	Lean.Compiler.LCNF.Simp.DiscrM
IMPORTED_MODULE	Lean.Compiler.LCNF.Simp.JpCases
IMPORTED_MODULE	Lean.Compiler.LCNF.Simp.Config
IMPORTED_MODULE	Lean.Compiler.LCNF.Simp.SimpM
IMPORTED_MODULE	Lean.Compiler.LCNF.Simp.InlineCandidate
IMPORTED_MODULE	Lean.Compiler.LCNF.Simp.InlineProj
IMPORTED_MODULE	Lean.Compiler.LCNF.Simp.Used
IMPORTED_MODULE	Lean.Compiler.LCNF.Simp.DefaultAlt
IMPORTED_MODULE	Lean.Compiler.LCNF.Simp.SimpValue
IMPORTED_MODULE	Lean.Compiler.LCNF.Simp.ConstantFold
IMPORTED_MODULE	Lean.Compiler.LCNF.Simp.Main
IMPORTED_MODULE	Lean.Compiler.LCNF.Simp
IMPORTED_MODULE	Lean.Compiler.LCNF.SpecInfo
IMPORTED_MODULE	Lean.Compiler.LCNF.MonadScope
IMPORTED_MODULE	Lean.Util.ForEachExprWhere
IMPORTED_MODULE	Lean.Compiler.LCNF.Closure
IMPORTED_MODULE	Lean.Compiler.LCNF.Specialize
IMPORTED_MODULE	Lean.Compiler.LCNF.ToMono
IMPORTED_MODULE	Lean.Compiler.LCNF.DeclHash
IMPORTED_MODULE	Lean.Compiler.LCNF.AuxDeclCache
IMPORTED_MODULE	Lean.Compiler.LCNF.LambdaLifting
IMPORTED_MODULE	Lean.Compiler.LCNF.FloatLetIn
IMPORTED_MODULE	Lean.Compiler.LCNF.ReduceArity
IMPORTED_MODULE	Lean.Compiler.LCNF.ElimDeadBranches
IMPORTED_MODULE	Lean.Compiler.LCNF.Passes
IMPORTED_MODULE	Lean.Compiler.BorrowedAnnotation
IMPORTED_MODULE	Lean.Compiler.LCNF.ToLCNF
IMPORTED_MODULE	Lean.Compiler.LCNF.ToDecl
IMPORTED_MODULE	Lean.Compiler.LCNF.Main
IMPORTED_MODULE	Lean.Compiler.LCNF.Testing
IMPORTED_MODULE	Lean.Compiler.LCNF
IMPORTED_MODULE	Lean.Compiler.Main
IMPORTED_MODULE	Lean.Compiler.AtMostOnce
IMPORTED_MODULE	Lean.Compiler
IMPORTED_MODULE	Lean.Parser.Basic
IMPORTED_MODULE	Lean.BuiltinDocAttr
IMPORTED_MODULE	Lean.Parser.Extension
IMPORTED_MODULE	Lean.Parser.StrInterpolation
IMPORTED_MODULE	Lean.ParserCompiler.Attribute
IMPORTED_MODULE	Lean.KeyedDeclsAttribute
IMPORTED_MODULE	Lean.PrettyPrinter.Basic
IMPORTED_MODULE	Lean.PrettyPrinter.Parenthesizer
IMPORTED_MODULE	Lean.PrettyPrinter.Formatter
IMPORTED_MODULE	Lean.Parser.Extra
IMPORTED_MODULE	Lean.Parser.Level
IMPORTED_MODULE	Lean.Parser.Attr
IMPORTED_MODULE	Lean.Parser.Term.Doc
IMPORTED_MODULE	Lean.Parser.Term
IMPORTED_MODULE	Lean.Parser.Tactic.Doc
IMPORTED_MODULE	Lean.Parser.Tactic
IMPORTED_MODULE	Lean.Parser.Do
IMPORTED_MODULE	Lean.Parser.Command
IMPORTED_MODULE	Lean.Parser.Module
IMPORTED_MODULE	Lean.Parser.Syntax
IMPORTED_MODULE	Lean.Parser
IMPORTED_MODULE	Lean.Util.Paths
IMPORTED_MODULE	Lean.Elab.Import
IMPORTED_MODULE	Lean.Elab.Config
IMPORTED_MODULE	Lean.SubExpr
IMPORTED_MODULE	Lean.PrettyPrinter.Delaborator.SubExpr
IMPORTED_MODULE	Lean.Meta.AbstractMVars
IMPORTED_MODULE	Lean.Meta.Sorry
IMPORTED_MODULE	Lean.Meta.Check
IMPORTED_MODULE	Lean.Meta.SynthInstance
IMPORTED_MODULE	Lean.Util.FindMVar
IMPORTED_MODULE	Lean.Util.FindLevelMVar
IMPORTED_MODULE	Lean.Util.ReplaceLevel
IMPORTED_MODULE	Lean.PrettyPrinter.Delaborator.Attributes
IMPORTED_MODULE	Lean.PrettyPrinter.Delaborator.FieldNotation
IMPORTED_MODULE	Lean.PrettyPrinter.Delaborator.TopDownAnalyze
IMPORTED_MODULE	Lean.Meta.DecLevel
IMPORTED_MODULE	Lean.Meta.AppBuilder
IMPORTED_MODULE	Lean.Meta.Coe
IMPORTED_MODULE	Lean.Util.CollectLevelMVars
IMPORTED_MODULE	Lean.Linter.Basic
IMPORTED_MODULE	Lean.Linter.Deprecated
IMPORTED_MODULE	Lean.Elab.AutoBound
IMPORTED_MODULE	Lean.Elab.Level
IMPORTED_MODULE	Lean.Elab.Util
IMPORTED_MODULE	Lean.Elab.Attributes
IMPORTED_MODULE	Lean.DocString.Add
IMPORTED_MODULE	Lean.Elab.DeclModifiers
IMPORTED_MODULE	Lean.Elab.PreDefinition.TerminationHint
IMPORTED_MODULE	Lean.Elab.DeclarationRange
IMPORTED_MODULE	Lean.Elab.InfoTree.InlayHints
IMPORTED_MODULE	Lean.Elab.Term
IMPORTED_MODULE	Lean.PrettyPrinter.Delaborator.Basic
IMPORTED_MODULE	Lean.Meta.CoeAttr
IMPORTED_MODULE	Lean.Meta.Structure
IMPORTED_MODULE	Lean.PrettyPrinter.Delaborator.Builtins
IMPORTED_MODULE	Lean.PrettyPrinter.Delaborator
IMPORTED_MODULE	Lean.Meta.ReduceEval
IMPORTED_MODULE	Lean.ParserCompiler
IMPORTED_MODULE	Lean.Util.NumObjs
IMPORTED_MODULE	Lean.Util.ShareCommon
IMPORTED_MODULE	Lean.PrettyPrinter
IMPORTED_MODULE	Lean.Meta.Diagnostics
IMPORTED_MODULE	Lean.Elab.Quotation.Util
IMPORTED_MODULE	Lean.Elab.Quotation.Precheck
IMPORTED_MODULE	Lean.Elab.BindersUtil
IMPORTED_MODULE	Lean.Meta.Tactic.Util
IMPORTED_MODULE	Lean.Util.ForEachExpr
IMPORTED_MODULE	Lean.Util.OccursCheck
IMPORTED_MODULE	Lean.Elab.Tactic.Basic
IMPORTED_MODULE	Lean.Elab.SyntheticMVars
IMPORTED_MODULE	Lean.Elab.Binders
IMPORTED_MODULE	Lean.Elab.SetOption
IMPORTED_MODULE	Lean.Elab.Command
IMPORTED_MODULE	Lean.Util.CollectFVars
IMPORTED_MODULE	Lean.HeadIndex
IMPORTED_MODULE	Lean.Meta.KAbstract
IMPORTED_MODULE	Lean.Meta.Tactic.ElimInfo
IMPORTED_MODULE	Lean.Elab.Arg
IMPORTED_MODULE	Lean.Elab.RecAppSyntax
IMPORTED_MODULE	Lean.Elab.App
IMPORTED_MODULE	Lean.Elab.Syntax
IMPORTED_MODULE	Lean.Elab.MacroArgUtil
IMPORTED_MODULE	Lean.Meta.Eqns
IMPORTED_MODULE	Lean.Meta.Tactic.AuxLemma
IMPORTED_MODULE	Lean.DocString
IMPORTED_MODULE	Lean.Meta.Tactic.Simp.SimpTheorems
IMPORTED_MODULE	Lean.Meta.CongrTheorems
IMPORTED_MODULE	Lean.Meta.MatchUtil
IMPORTED_MODULE	Lean.Meta.Tactic.Clear
IMPORTED_MODULE	Lean.Meta.Tactic.Revert
IMPORTED_MODULE	Lean.Meta.Tactic.Intro
IMPORTED_MODULE	Lean.Meta.Tactic.FVarSubst
IMPORTED_MODULE	Lean.Meta.Tactic.Assert
IMPORTED_MODULE	Lean.Meta.Tactic.Replace
IMPORTED_MODULE	Lean.Meta.Tactic.Simp.SimpCongrTheorems
IMPORTED_MODULE	Lean.Meta.Tactic.Simp.Types
IMPORTED_MODULE	Lean.Meta.Tactic.Simp.Simproc
IMPORTED_MODULE	Lean.Meta.Tactic.Simp.Attr
IMPORTED_MODULE	Lean.Meta.Tactic.Simp.RegisterCommand
IMPORTED_MODULE	Lean.Server.InfoUtils
IMPORTED_MODULE	Lean.Linter.Util
IMPORTED_MODULE	Lean.Linter.MissingDocs
IMPORTED_MODULE	Lean.Elab.BinderPredicates
IMPORTED_MODULE	Lean.Elab.LetRec
IMPORTED_MODULE	Lean.Language.Util
IMPORTED_MODULE	Lean.Language.Lean.Types
IMPORTED_MODULE	Lean.Language.Lean
IMPORTED_MODULE	Lean.Server.Utils
IMPORTED_MODULE	Lean.Server.References
IMPORTED_MODULE	Lean.Util.Profiler
IMPORTED_MODULE	Lean.Elab.Frontend
IMPORTED_MODULE	Lean.Meta.Closure
IMPORTED_MODULE	Lean.Meta.Eval
IMPORTED_MODULE	Lean.Elab.Eval
IMPORTED_MODULE	Lean.Elab.BuiltinNotation
IMPORTED_MODULE	Lean.Elab.DeclUtil
IMPORTED_MODULE	Lean.Elab.DeclNameGen
IMPORTED_MODULE	Lean.Elab.DefView
IMPORTED_MODULE	Lean.Meta.RecursorInfo
IMPORTED_MODULE	Lean.Meta.Tactic.Induction
IMPORTED_MODULE	Lean.Meta.Tactic.Subst
IMPORTED_MODULE	Lean.Meta.Tactic.Injection
IMPORTED_MODULE	Lean.Meta.Tactic.UnifyEq
IMPORTED_MODULE	Lean.Meta.ACLt
IMPORTED_MODULE	Lean.Meta.Match.MatchEqsExt
IMPORTED_MODULE	Lean.Util.SortExprs
IMPORTED_MODULE	Lean.Meta.KExprMap
IMPORTED_MODULE	Lean.Meta.Tactic.Simp.Arith.Nat.Basic
IMPORTED_MODULE	Lean.Meta.Tactic.Simp.Arith.Util
IMPORTED_MODULE	Lean.Meta.Tactic.Simp.Arith.Nat.Simp
IMPORTED_MODULE	Lean.Meta.Tactic.Simp.Arith.Nat
IMPORTED_MODULE	Lean.Meta.IntInstTesters
IMPORTED_MODULE	Lean.Meta.Tactic.Simp.Arith.Int.Basic
IMPORTED_MODULE	Lean.Meta.Tactic.Simp.Arith.Int.Simp
IMPORTED_MODULE	Lean.Meta.Tactic.Simp.Arith.Int
IMPORTED_MODULE	Lean.Meta.Tactic.Simp.Arith
IMPORTED_MODULE	Lean.Meta.BinderNameHint
IMPORTED_MODULE	Lean.Meta.Tactic.Simp.Rewrite
IMPORTED_MODULE	Lean.Meta.Tactic.Simp.Diagnostics
IMPORTED_MODULE	Lean.Meta.Match.Value
IMPORTED_MODULE	Lean.Meta.Tactic.Simp.Main
IMPORTED_MODULE	Lean.Meta.Tactic.Acyclic
IMPORTED_MODULE	Lean.Meta.Tactic.Cases
IMPORTED_MODULE	Lean.Meta.Tactic.Assumption
IMPORTED_MODULE	Lean.Meta.Tactic.Apply
IMPORTED_MODULE	Lean.Meta.Tactic.Contradiction
IMPORTED_MODULE	Lean.Meta.GeneralizeTelescope
IMPORTED_MODULE	Lean.Meta.CollectFVars
IMPORTED_MODULE	Lean.Meta.Match.CaseValues
IMPORTED_MODULE	Lean.Meta.Match.CaseArraySizes
IMPORTED_MODULE	Lean.Meta.Match.Basic
IMPORTED_MODULE	Lean.Meta.Match.MatcherApp.Basic
IMPORTED_MODULE	Lean.Meta.Match.Match
IMPORTED_MODULE	Lean.Meta.GeneralizeVars
IMPORTED_MODULE	Lean.Meta.ForEachExpr
IMPORTED_MODULE	Lean.Elab.MatchAltView
IMPORTED_MODULE	Lean.Elab.PatternVar
IMPORTED_MODULE	Lean.Elab.Match
IMPORTED_MODULE	Lean.Elab.Deriving.Basic
IMPORTED_MODULE	Lean.Util.SCC
IMPORTED_MODULE	Lean.Util.NumApps
IMPORTED_MODULE	Lean.Meta.AbstractNestedProofs
IMPORTED_MODULE	Lean.Elab.PreDefinition.Basic
IMPORTED_MODULE	Lean.Elab.PreDefinition.TerminationMeasure
IMPORTED_MODULE	Lean.Elab.PreDefinition.Mutual
IMPORTED_MODULE	Lean.Elab.PreDefinition.Structural.Basic
IMPORTED_MODULE	Lean.Elab.PreDefinition.FixedParams
IMPORTED_MODULE	Lean.Elab.PreDefinition.Structural.IndGroupInfo
IMPORTED_MODULE	Lean.Elab.PreDefinition.Structural.RecArgInfo
IMPORTED_MODULE	Lean.Elab.PreDefinition.Structural.FindRecArg
IMPORTED_MODULE	Lean.Elab.PreDefinition.Structural.Preprocess
IMPORTED_MODULE	Std.Data.HashMap.Raw
IMPORTED_MODULE	Lean.Util.HasConstCache
IMPORTED_MODULE	Lean.Meta.PProdN
IMPORTED_MODULE	Lean.Meta.Reduce
IMPORTED_MODULE	Lean.Meta.Tactic.Refl
IMPORTED_MODULE	Lean.Meta.Tactic.Delta
IMPORTED_MODULE	Lean.Meta.Tactic.SplitIf
IMPORTED_MODULE	Lean.Meta.Match.MatchEqs
IMPORTED_MODULE	Lean.Meta.Match
IMPORTED_MODULE	Lean.Meta.Tactic.Generalize
IMPORTED_MODULE	Lean.Meta.Tactic.Split
IMPORTED_MODULE	Lean.Meta.Match.MatcherApp.Transform
IMPORTED_MODULE	Lean.Elab.PreDefinition.Structural.BRecOn
IMPORTED_MODULE	Lean.Meta.Constructions.CasesOn
IMPORTED_MODULE	Lean.LabelAttribute
IMPORTED_MODULE	Lean.Meta.Iterator
IMPORTED_MODULE	Lean.Meta.Tactic.IndependentOf
IMPORTED_MODULE	Lean.Meta.Tactic.Backtrack
IMPORTED_MODULE	Lean.Meta.Tactic.Constructor
IMPORTED_MODULE	Lean.Meta.Tactic.Repeat
IMPORTED_MODULE	Lean.Meta.Tactic.Symm
IMPORTED_MODULE	Lean.Meta.Tactic.SolveByElim
IMPORTED_MODULE	Lean.Meta.IndPredBelow
IMPORTED_MODULE	Lean.Elab.PreDefinition.Structural.IndPred
IMPORTED_MODULE	Lean.Elab.PreDefinition.Eqns
IMPORTED_MODULE	Lean.Elab.PreDefinition.Structural.Eqns
IMPORTED_MODULE	Lean.Elab.PreDefinition.Structural.SmartUnfolding
IMPORTED_MODULE	Lean.Elab.Do
IMPORTED_MODULE	Lean.Server.FileWorker.ExampleHover
IMPORTED_MODULE	Lean.Server.GoTo
IMPORTED_MODULE	Lean.Server.RequestCancellation
IMPORTED_MODULE	Lean.Server.ServerTask
IMPORTED_MODULE	Lean.Server.FileSource
IMPORTED_MODULE	Lean.Linter.UnusedVariables
IMPORTED_MODULE	Lean.Widget.TaggedText
IMPORTED_MODULE	Lean.Widget.Basic
IMPORTED_MODULE	Lean.Widget.InteractiveCode
IMPORTED_MODULE	Lean.Widget.InteractiveGoal
IMPORTED_MODULE	Lean.Widget.InteractiveDiagnostic
IMPORTED_MODULE	Lean.Server.Snapshots
IMPORTED_MODULE	Lean.Server.AsyncList
IMPORTED_MODULE	Lean.Server.FileWorker.Utils
IMPORTED_MODULE	Std.Sync.Basic
IMPORTED_MODULE	Std.Sync.Mutex
IMPORTED_MODULE	Lean.Server.Requests
IMPORTED_MODULE	Lean.Server.FileWorker.InlayHints
IMPORTED_MODULE	Lean.Server.FileWorker.SemanticHighlighting
IMPORTED_MODULE	Lean.Data.FuzzyMatching
IMPORTED_MODULE	Lean.Elab.Tactic.Doc
IMPORTED_MODULE	Lean.Server.Completion.CompletionItemData
IMPORTED_MODULE	Lean.Server.Completion.CompletionUtils
IMPORTED_MODULE	Lean.Server.Completion.SyntheticCompletion
IMPORTED_MODULE	Lean.Server.Completion.CompletionInfoSelection
IMPORTED_MODULE	Lean.Server.Completion.CompletionResolution
IMPORTED_MODULE	Lean.Meta.CompletionName
IMPORTED_MODULE	Lean.Server.Completion.EligibleHeaderDecls
IMPORTED_MODULE	Lean.Server.Completion.CompletionCollectors
IMPORTED_MODULE	Std.Data.DHashMap.Internal.Raw
IMPORTED_MODULE	Std.Data.DHashMap.Internal.HashesTo
IMPORTED_MODULE	Std.Data.DHashMap.Internal.AssocList.Lemmas
IMPORTED_MODULE	Std.Data.DHashMap.Internal.Model
IMPORTED_MODULE	Std.Data.DHashMap.Internal.WF
IMPORTED_MODULE	Std.Data.DHashMap.Internal.RawLemmas
IMPORTED_MODULE	Std.Data.DHashMap.AdditionalOperations
IMPORTED_MODULE	Std.Data.DHashMap.Lemmas
IMPORTED_MODULE	Std.Data.HashMap.AdditionalOperations
IMPORTED_MODULE	Std.Data.HashMap.Lemmas
IMPORTED_MODULE	Std.Data.HashMap
IMPORTED_MODULE	Lean.Server.Completion
IMPORTED_MODULE	Lean.Widget.Diff
IMPORTED_MODULE	Lean.Server.FileWorker.RequestHandling
IMPORTED_MODULE	Lean.Server.CodeActions.Basic
IMPORTED_MODULE	Lean.Server.CodeActions.Attr
IMPORTED_MODULE	Lean.Elab.Open
IMPORTED_MODULE	Lean.Elab.BuiltinTerm
IMPORTED_MODULE	Lean.Server.CodeActions.Provider
IMPORTED_MODULE	Lean.Server.CodeActions
IMPORTED_MODULE	Lean.Server.Rpc.RequestHandling
IMPORTED_MODULE	Lean.Widget.UserWidget
IMPORTED_MODULE	Lean.Meta.Tactic.ExposeNames
IMPORTED_MODULE	Lean.Meta.Tactic.TryThis
IMPORTED_MODULE	Lean.Elab.PreDefinition.Structural.Main
IMPORTED_MODULE	Lean.Elab.PreDefinition.Structural
IMPORTED_MODULE	Lean.Meta.ArgsPacker.Basic
IMPORTED_MODULE	Lean.Meta.ArgsPacker
IMPORTED_MODULE	Lean.Meta.Tactic.Rewrite
IMPORTED_MODULE	Lean.Elab.PreDefinition.WF.Unfold
IMPORTED_MODULE	Lean.Elab.PreDefinition.WF.Eqns
IMPORTED_MODULE	Lean.Elab.PreDefinition.WF.PackMutual
IMPORTED_MODULE	Lean.Elab.PreDefinition.WF.FloatRecApp
IMPORTED_MODULE	Lean.Meta.Tactic.Rename
IMPORTED_MODULE	Lean.Elab.PreDefinition.WF.Rel
IMPORTED_MODULE	Lean.Data.Array
IMPORTED_MODULE	Lean.Elab.PreDefinition.WF.Basic
IMPORTED_MODULE	Lean.Meta.Tactic.Cleanup
IMPORTED_MODULE	Lean.Elab.PreDefinition.WF.Fix
IMPORTED_MODULE	Lean.Meta.Tactic.Simp.SimpAll
IMPORTED_MODULE	Lean.Meta.Tactic.Simp.BuiltinSimprocs.Core
IMPORTED_MODULE	Lean.Meta.Tactic.Simp.BuiltinSimprocs.Util
IMPORTED_MODULE	Lean.Meta.Tactic.Simp.BuiltinSimprocs.Nat
IMPORTED_MODULE	Lean.Meta.Tactic.Simp.BuiltinSimprocs.Fin
IMPORTED_MODULE	Lean.Meta.Tactic.Simp.BuiltinSimprocs.UInt
IMPORTED_MODULE	Lean.Meta.Tactic.Simp.BuiltinSimprocs.Int
IMPORTED_MODULE	Lean.Meta.Tactic.Simp.BuiltinSimprocs.SInt
IMPORTED_MODULE	Lean.Meta.Tactic.Simp.BuiltinSimprocs.Char
IMPORTED_MODULE	Lean.Meta.Tactic.Simp.BuiltinSimprocs.String
IMPORTED_MODULE	Lean.Meta.Tactic.Simp.BuiltinSimprocs.BitVec
IMPORTED_MODULE	Lean.Meta.Tactic.Simp.BuiltinSimprocs.List
IMPORTED_MODULE	Lean.Meta.Tactic.Simp.BuiltinSimprocs.Array
IMPORTED_MODULE	Lean.Meta.Tactic.Simp.BuiltinSimprocs
IMPORTED_MODULE	Lean.Meta.Tactic.Simp
IMPORTED_MODULE	Lean.Elab.Tactic.Config
IMPORTED_MODULE	Lean.Elab.Tactic.ElabTerm
IMPORTED_MODULE	Lean.Elab.Tactic.Location
IMPORTED_MODULE	Lean.Elab.Tactic.Simp
IMPORTED_MODULE	Lean.Elab.PreDefinition.WF.Preprocess
IMPORTED_MODULE	Lean.Elab.Quotation
IMPORTED_MODULE	Lean.Elab.PreDefinition.WF.GuessLex
IMPORTED_MODULE	Lean.Elab.PreDefinition.WF.Main
IMPORTED_MODULE	Lean.Elab.PreDefinition.MkInhabitant
IMPORTED_MODULE	Lean.Elab.Tactic.BuiltinTactic
IMPORTED_MODULE	Lean.Elab.Tactic.Conv.Basic
IMPORTED_MODULE	Lean.Meta.Tactic.Congr
IMPORTED_MODULE	Lean.Elab.Tactic.Conv.Congr
IMPORTED_MODULE	Lean.Elab.Tactic.Rewrite
IMPORTED_MODULE	Lean.Elab.Tactic.Conv.Rewrite
IMPORTED_MODULE	Lean.Elab.Tactic.Change
IMPORTED_MODULE	Lean.Elab.Tactic.Conv.Change
IMPORTED_MODULE	Lean.Elab.Tactic.Split
IMPORTED_MODULE	Lean.Elab.AuxDef
IMPORTED_MODULE	Lean.Elab.ElabRules
IMPORTED_MODULE	Lean.Elab.Tactic.SimpTrace
IMPORTED_MODULE	Lean.Elab.Tactic.Conv.Simp
IMPORTED_MODULE	Lean.Elab.Tactic.Conv.Pattern
IMPORTED_MODULE	Lean.Elab.Tactic.Delta
IMPORTED_MODULE	Lean.Elab.Tactic.Conv.Delta
IMPORTED_MODULE	Lean.Meta.Tactic.Unfold
IMPORTED_MODULE	Lean.Elab.Tactic.Unfold
IMPORTED_MODULE	Lean.Elab.Tactic.Conv.Unfold
IMPORTED_MODULE	Lean.Elab.Tactic.Conv
IMPORTED_MODULE	Lean.Elab.PreDefinition.PartialFixpoint.Eqns
IMPORTED_MODULE	Lean.Elab.Tactic.Monotonicity
IMPORTED_MODULE	Lean.Elab.PreDefinition.PartialFixpoint.Main
IMPORTED_MODULE	Lean.Meta.Injective
IMPORTED_MODULE	Lean.Elab.PreDefinition.PartialFixpoint.Induction
IMPORTED_MODULE	Lean.Elab.PreDefinition.PartialFixpoint
IMPORTED_MODULE	Lean.Elab.PreDefinition.Main
IMPORTED_MODULE	Lean.Elab.MutualDef
IMPORTED_MODULE	Lean.Meta.Constructions.NoConfusion
IMPORTED_MODULE	Lean.Meta.Constructions.RecOn
IMPORTED_MODULE	Lean.Meta.Constructions.BRecOn
IMPORTED_MODULE	Lean.Meta.Constructions
IMPORTED_MODULE	Lean.Meta.SizeOf
IMPORTED_MODULE	Lean.Elab.ComputedFields
IMPORTED_MODULE	Lean.Elab.MutualInductive
IMPORTED_MODULE	Lean.Elab.Declaration
IMPORTED_MODULE	Lean.Meta.Tactic.FunIndInfo
IMPORTED_MODULE	Lean.Meta.Tactic.FunIndCollect
IMPORTED_MODULE	Lean.Elab.Tactic.Generalize
IMPORTED_MODULE	Lean.Elab.Tactic.Induction
IMPORTED_MODULE	Lean.Elab.Tactic.Injection
IMPORTED_MODULE	Lean.Elab.Tactic.Match
IMPORTED_MODULE	Lean.Elab.Tactic.Simproc
IMPORTED_MODULE	Lean.Elab.Tactic.Meta
IMPORTED_MODULE	Lean.Elab.Calc
IMPORTED_MODULE	Lean.Elab.Tactic.Calc
IMPORTED_MODULE	Lean.Elab.Tactic.Congr
IMPORTED_MODULE	Lean.Elab.Tactic.Guard
IMPORTED_MODULE	Lean.Elab.Tactic.RCases
IMPORTED_MODULE	Lean.Elab.Tactic.Repeat
IMPORTED_MODULE	Lean.Meta.Tactic.Ext
IMPORTED_MODULE	Lean.Elab.Tactic.Ext
IMPORTED_MODULE	Lean.Elab.Tactic.FalseOrByContra
IMPORTED_MODULE	Lean.Meta.Canonicalizer
IMPORTED_MODULE	Lean.Elab.Tactic.Omega.OmegaM
IMPORTED_MODULE	Lean.Elab.Tactic.Omega.MinNatAbs
IMPORTED_MODULE	Lean.Elab.Tactic.Omega.Core
IMPORTED_MODULE	Lean.Elab.Tactic.Omega.Frontend
IMPORTED_MODULE	Lean.Elab.Tactic.Omega
IMPORTED_MODULE	Lean.Elab.Tactic.Simpa
IMPORTED_MODULE	Lean.Meta.Tactic.NormCast
IMPORTED_MODULE	Lean.Elab.Tactic.NormCast
IMPORTED_MODULE	Lean.Elab.Tactic.Symm
IMPORTED_MODULE	Lean.Elab.Tactic.SolveByElim
IMPORTED_MODULE	Lean.Meta.LazyDiscrTree
IMPORTED_MODULE	Lean.Util.Heartbeats
IMPORTED_MODULE	Lean.Meta.Tactic.LibrarySearch
IMPORTED_MODULE	Lean.Elab.Tactic.LibrarySearch
IMPORTED_MODULE	Lean.Elab.Tactic.ShowTerm
IMPORTED_MODULE	Lean.Meta.Tactic.Rfl
IMPORTED_MODULE	Lean.Elab.Tactic.Rfl
IMPORTED_MODULE	Lean.Meta.Tactic.Rewrites
IMPORTED_MODULE	Lean.Elab.Tactic.Rewrites
IMPORTED_MODULE	Lean.Elab.Tactic.DiscrTreeKey
IMPORTED_MODULE	Std.Sat.CNF.Literal
IMPORTED_MODULE	Std.Sat.CNF.Basic
IMPORTED_MODULE	Std.Sat.CNF.Relabel
IMPORTED_MODULE	Std.Sat.CNF.RelabelFin
IMPORTED_MODULE	Std.Sat.CNF.Dimacs
IMPORTED_MODULE	Std.Sat.CNF
IMPORTED_MODULE	Std.Tactic.BVDecide.LRAT.Actions
IMPORTED_MODULE	Lean.Elab.Tactic.BVDecide.LRAT.Trim
IMPORTED_MODULE	Lean.Elab.Tactic.BVDecide.LRAT
IMPORTED_MODULE	Std.Tactic.BVDecide.LRAT.Parser
IMPORTED_MODULE	Lean.Elab.Tactic.BVDecide.External
IMPORTED_MODULE	Std.Tactic.BVDecide.Syntax
IMPORTED_MODULE	Lean.Elab.Tactic.BVDecide.Frontend.Attr
IMPORTED_MODULE	Std.Data.HashSet.Lemmas
IMPORTED_MODULE	Std.Data.HashSet
IMPORTED_MODULE	Std.Sat.AIG.Basic
IMPORTED_MODULE	Std.Sat.AIG.LawfulOperator
IMPORTED_MODULE	Std.Sat.AIG.Lemmas
IMPORTED_MODULE	Std.Sat.AIG.CNF
IMPORTED_MODULE	Std.Sat.AIG.Relabel
IMPORTED_MODULE	Std.Sat.AIG.RelabelNat
IMPORTED_MODULE	Std.Tactic.BVDecide.Bitblast.BoolExpr.Basic
IMPORTED_MODULE	Std.Tactic.BVDecide.Bitblast.BoolExpr
IMPORTED_MODULE	Std.Tactic.BVDecide.Bitblast.BVExpr.Basic
IMPORTED_MODULE	Std.Sat.AIG.Cached
IMPORTED_MODULE	Std.Sat.AIG.CachedLemmas
IMPORTED_MODULE	Std.Sat.AIG.CachedGates
IMPORTED_MODULE	Std.Sat.AIG.CachedGatesLemmas
IMPORTED_MODULE	Std.Sat.AIG.RefVec
IMPORTED_MODULE	Std.Sat.AIG.LawfulVecOperator
IMPORTED_MODULE	Std.Sat.AIG.RefVecOperator.Map
IMPORTED_MODULE	Std.Sat.AIG.RefVecOperator.Zip
IMPORTED_MODULE	Std.Sat.AIG.RefVecOperator.Fold
IMPORTED_MODULE	Std.Sat.AIG.RefVecOperator
IMPORTED_MODULE	Std.Tactic.BVDecide.Bitblast.BVExpr.Circuit.Impl.Operations.Eq
IMPORTED_MODULE	Std.Tactic.BVDecide.Bitblast.BVExpr.Circuit.Impl.Operations.Add
IMPORTED_MODULE	Std.Tactic.BVDecide.Bitblast.BVExpr.Circuit.Impl.Carry
IMPORTED_MODULE	Std.Tactic.BVDecide.Bitblast.BVExpr.Circuit.Impl.Operations.Not
IMPORTED_MODULE	Std.Tactic.BVDecide.Bitblast.BVExpr.Circuit.Impl.Operations.Ult
IMPORTED_MODULE	Std.Tactic.BVDecide.Bitblast.BVExpr.Circuit.Impl.Operations.GetLsbD
IMPORTED_MODULE	Std.Tactic.BVDecide.Bitblast.BVExpr.Circuit.Impl.Var
IMPORTED_MODULE	Std.Tactic.BVDecide.Bitblast.BVExpr.Circuit.Impl.Const
IMPORTED_MODULE	Std.Sat.AIG.If
IMPORTED_MODULE	Std.Tactic.BVDecide.Bitblast.BVExpr.Circuit.Impl.Operations.ShiftLeft
IMPORTED_MODULE	Std.Tactic.BVDecide.Bitblast.BVExpr.Circuit.Impl.Operations.ShiftRight
IMPORTED_MODULE	Std.Tactic.BVDecide.Bitblast.BVExpr.Circuit.Impl.Operations.Append
IMPORTED_MODULE	Std.Tactic.BVDecide.Bitblast.BVExpr.Circuit.Impl.Operations.Replicate
IMPORTED_MODULE	Std.Tactic.BVDecide.Bitblast.BVExpr.Circuit.Impl.Operations.Extract
IMPORTED_MODULE	Std.Tactic.BVDecide.Bitblast.BVExpr.Circuit.Impl.Operations.RotateLeft
IMPORTED_MODULE	Std.Tactic.BVDecide.Bitblast.BVExpr.Circuit.Impl.Operations.RotateRight
IMPORTED_MODULE	Std.Tactic.BVDecide.Bitblast.BVExpr.Circuit.Impl.Operations.Mul
IMPORTED_MODULE	Std.Tactic.BVDecide.Bitblast.BVExpr.Circuit.Impl.Operations.Neg
IMPORTED_MODULE	Std.Tactic.BVDecide.Bitblast.BVExpr.Circuit.Impl.Operations.Sub
IMPORTED_MODULE	Std.Tactic.BVDecide.Bitblast.BVExpr.Circuit.Impl.Operations.ZeroExtend
IMPORTED_MODULE	Std.Tactic.BVDecide.Bitblast.BVExpr.Circuit.Impl.Operations.Udiv
IMPORTED_MODULE	Std.Tactic.BVDecide.Bitblast.BVExpr.Circuit.Impl.Operations.Umod
IMPORTED_MODULE	Std.Tactic.BVDecide.Bitblast.BVExpr.Circuit.Impl.Expr
IMPORTED_MODULE	Std.Tactic.BVDecide.Bitblast.BVExpr.Circuit.Impl.Pred
IMPORTED_MODULE	Std.Tactic.BVDecide.Bitblast.BVExpr.Circuit.Impl.Substructure
IMPORTED_MODULE	Std.Tactic.BVDecide.Bitblast.BVExpr.Circuit.Impl
IMPORTED_MODULE	Std.Tactic.BVDecide.Bitblast.BVExpr.Circuit.Lemmas.Basic
IMPORTED_MODULE	Std.Tactic.BVDecide.Bitblast.BVExpr.Circuit.Lemmas.Operations.Eq
IMPORTED_MODULE	Std.Tactic.BVDecide.Bitblast.BVExpr.Circuit.Lemmas.Operations.Add
IMPORTED_MODULE	Std.Tactic.BVDecide.Bitblast.BVExpr.Circuit.Lemmas.Carry
IMPORTED_MODULE	Std.Tactic.BVDecide.Bitblast.BVExpr.Circuit.Lemmas.Operations.Not
IMPORTED_MODULE	Std.Tactic.BVDecide.Bitblast.BVExpr.Circuit.Lemmas.Operations.Ult
IMPORTED_MODULE	Std.Tactic.BVDecide.Bitblast.BVExpr.Circuit.Lemmas.Operations.GetLsbD
IMPORTED_MODULE	Std.Tactic.BVDecide.Bitblast.BVExpr.Circuit.Lemmas.Const
IMPORTED_MODULE	Std.Tactic.BVDecide.Bitblast.BVExpr.Circuit.Lemmas.Var
IMPORTED_MODULE	Std.Tactic.BVDecide.Bitblast.BVExpr.Circuit.Lemmas.Operations.ShiftLeft
IMPORTED_MODULE	Std.Tactic.BVDecide.Bitblast.BVExpr.Circuit.Lemmas.Operations.ShiftRight
IMPORTED_MODULE	Std.Tactic.BVDecide.Bitblast.BVExpr.Circuit.Lemmas.Operations.Append
IMPORTED_MODULE	Std.Tactic.BVDecide.Bitblast.BVExpr.Circuit.Lemmas.Operations.Replicate
IMPORTED_MODULE	Std.Tactic.BVDecide.Bitblast.BVExpr.Circuit.Lemmas.Operations.Extract
IMPORTED_MODULE	Std.Tactic.BVDecide.Bitblast.BVExpr.Circuit.Lemmas.Operations.RotateLeft
IMPORTED_MODULE	Std.Tactic.BVDecide.Bitblast.BVExpr.Circuit.Lemmas.Operations.RotateRight
IMPORTED_MODULE	Std.Tactic.BVDecide.Bitblast.BVExpr.Circuit.Lemmas.Operations.Mul
IMPORTED_MODULE	Std.Tactic.BVDecide.Bitblast.BVExpr.Circuit.Lemmas.Operations.Neg
IMPORTED_MODULE	Std.Tactic.BVDecide.Bitblast.BVExpr.Circuit.Lemmas.Operations.Sub
IMPORTED_MODULE	Std.Tactic.BVDecide.Bitblast.BVExpr.Circuit.Lemmas.Operations.ZeroExtend
IMPORTED_MODULE	Std.Tactic.BVDecide.Normalize.Bool
IMPORTED_MODULE	Std.Tactic.BVDecide.Normalize.Canonicalize
IMPORTED_MODULE	Std.Tactic.BVDecide.Normalize.BitVec
IMPORTED_MODULE	Std.Tactic.BVDecide.Bitblast.BVExpr.Circuit.Lemmas.Operations.Udiv
IMPORTED_MODULE	Std.Tactic.BVDecide.Bitblast.BVExpr.Circuit.Lemmas.Operations.Umod
IMPORTED_MODULE	Std.Tactic.BVDecide.Bitblast.BVExpr.Circuit.Lemmas.Expr
IMPORTED_MODULE	Std.Tactic.BVDecide.Bitblast.BVExpr.Circuit.Lemmas.Pred
IMPORTED_MODULE	Std.Tactic.BVDecide.Bitblast.BVExpr.Circuit.Lemmas
IMPORTED_MODULE	Std.Tactic.BVDecide.Bitblast.BVExpr.Circuit
IMPORTED_MODULE	Std.Tactic.BVDecide.Bitblast.BVExpr
IMPORTED_MODULE	Std.Tactic.BVDecide.Bitblast
IMPORTED_MODULE	Lean.Elab.Tactic.BVDecide.Frontend.BVDecide.Reflect
IMPORTED_MODULE	Std.Tactic.BVDecide.LRAT.Internal.Entails
IMPORTED_MODULE	Std.Tactic.BVDecide.LRAT.Internal.PosFin
IMPORTED_MODULE	Std.Tactic.BVDecide.LRAT.Internal.Assignment
IMPORTED_MODULE	Std.Tactic.BVDecide.LRAT.Internal.Clause
IMPORTED_MODULE	Std.Tactic.BVDecide.LRAT.Internal.Formula.Class
IMPORTED_MODULE	Std.Tactic.BVDecide.LRAT.Internal.Formula.Implementation
IMPORTED_MODULE	Std.Tactic.BVDecide.LRAT.Internal.CNF
IMPORTED_MODULE	Std.Tactic.BVDecide.LRAT.Internal.Formula.Lemmas
IMPORTED_MODULE	Std.Tactic.BVDecide.LRAT.Internal.Formula.RupAddResult
IMPORTED_MODULE	Std.Tactic.BVDecide.LRAT.Internal.Formula.RupAddSound
IMPORTED_MODULE	Std.Tactic.BVDecide.LRAT.Internal.Formula.RatAddResult
IMPORTED_MODULE	Std.Tactic.BVDecide.LRAT.Internal.Formula.RatAddSound
IMPORTED_MODULE	Std.Tactic.BVDecide.LRAT.Internal.Formula.Instance
IMPORTED_MODULE	Std.Tactic.BVDecide.LRAT.Internal.Formula
IMPORTED_MODULE	Std.Tactic.BVDecide.LRAT.Internal.Convert
IMPORTED_MODULE	Std.Tactic.BVDecide.LRAT.Internal.LRATChecker
IMPORTED_MODULE	Std.Tactic.BVDecide.LRAT.Internal.Actions
IMPORTED_MODULE	Std.Tactic.BVDecide.LRAT.Internal.LRATCheckerSound
IMPORTED_MODULE	Std.Tactic.BVDecide.LRAT.Checker
IMPORTED_MODULE	Std.Tactic.BVDecide.Reflect
IMPORTED_MODULE	Lean.Elab.Tactic.BVDecide.Frontend.BVDecide.ReifiedBVExpr
IMPORTED_MODULE	Lean.Elab.Tactic.BVDecide.Frontend.BVDecide.ReifiedBVPred
IMPORTED_MODULE	Lean.Elab.Tactic.BVDecide.Frontend.BVDecide.ReifiedBVLogical
IMPORTED_MODULE	Lean.Elab.Tactic.BVDecide.Frontend.BVDecide.ReifiedLemmas
IMPORTED_MODULE	Lean.Elab.Tactic.BVDecide.Frontend.BVDecide.Reify
IMPORTED_MODULE	Lean.Elab.Tactic.BVDecide.Frontend.BVDecide.SatAtBVLogical
IMPORTED_MODULE	Lean.Elab.Tactic.BVDecide.Frontend.Normalize.Basic
IMPORTED_MODULE	Lean.Elab.Tactic.BVDecide.Frontend.Normalize.ApplyControlFlow
IMPORTED_MODULE	Std.Tactic.BVDecide.Normalize.Equal
IMPORTED_MODULE	Std.Tactic.BVDecide.Normalize.Prop
IMPORTED_MODULE	Std.Tactic.BVDecide.Normalize
IMPORTED_MODULE	Lean.Elab.Tactic.BVDecide.Frontend.Normalize.Simproc
IMPORTED_MODULE	Lean.Elab.Tactic.BVDecide.Frontend.Normalize.Rewrite
IMPORTED_MODULE	Lean.Elab.Tactic.BVDecide.Frontend.Normalize.AndFlatten
IMPORTED_MODULE	Lean.Elab.Tactic.BVDecide.Frontend.Normalize.EmbeddedConstraint
IMPORTED_MODULE	Lean.Meta.Tactic.AC.Main
IMPORTED_MODULE	Lean.Elab.Tactic.BVDecide.Frontend.Normalize.AC
IMPORTED_MODULE	Lean.Elab.Tactic.BVDecide.Frontend.Normalize.Structures
IMPORTED_MODULE	Lean.Elab.Tactic.BVDecide.Frontend.Normalize.IntToBitVec
IMPORTED_MODULE	Lean.Elab.Tactic.BVDecide.Frontend.Normalize.TypeAnalysis
IMPORTED_MODULE	Lean.Elab.Tactic.BVDecide.Frontend.Normalize.Enums
IMPORTED_MODULE	Lean.Elab.Tactic.BVDecide.Frontend.Normalize.ShortCircuit
IMPORTED_MODULE	Lean.Elab.Tactic.BVDecide.Frontend.Normalize
IMPORTED_MODULE	Lean.Elab.Tactic.BVDecide.Frontend.LRAT
IMPORTED_MODULE	Lean.Elab.Tactic.BVDecide.Frontend.BVDecide
IMPORTED_MODULE	Lean.Elab.Tactic.BVDecide.Frontend.BVCheck
IMPORTED_MODULE	Lean.Elab.Tactic.BVDecide.Frontend.BVTrace
IMPORTED_MODULE	Lean.Elab.Tactic.BVDecide.Frontend
IMPORTED_MODULE	Lean.Elab.Tactic.BVDecide
IMPORTED_MODULE	Lean.Elab.Tactic.BoolToPropSimps
IMPORTED_MODULE	Lean.Elab.Tactic.Classical
IMPORTED_MODULE	Lean.Meta.Tactic.Grind.Util
IMPORTED_MODULE	Lean.Meta.Tactic.Grind.EMatchTheorem
IMPORTED_MODULE	Lean.Meta.Tactic.Grind.Cases
IMPORTED_MODULE	Lean.Meta.Tactic.Grind.Attr
IMPORTED_MODULE	Lean.Meta.Tactic.Grind.RevertAll
IMPORTED_MODULE	Std.Data.TreeSet.Basic
IMPORTED_MODULE	Std.Data.TreeSet.Raw.Basic
IMPORTED_MODULE	Std.Data.TreeSet.AdditionalOperations
IMPORTED_MODULE	Std.Data.DTreeMap.Internal.Lemmas
IMPORTED_MODULE	Std.Data.DTreeMap.Lemmas
IMPORTED_MODULE	Std.Data.TreeMap.Lemmas
IMPORTED_MODULE	Std.Data.TreeSet.Lemmas
IMPORTED_MODULE	Std.Data.TreeSet
IMPORTED_MODULE	Lean.Meta.Tactic.Grind.ENodeKey
IMPORTED_MODULE	Lean.Meta.Tactic.Grind.Arith.Util
IMPORTED_MODULE	Lean.Meta.Tactic.Grind.Arith.Offset.Util
IMPORTED_MODULE	Lean.Meta.Tactic.Grind.Arith.Offset.Types
IMPORTED_MODULE	Std.Internal.Rat
IMPORTED_MODULE	Lean.Meta.Tactic.Grind.Arith.Cutsat.Types
IMPORTED_MODULE	Lean.Meta.Tactic.Grind.Arith.Types
IMPORTED_MODULE	Lean.Meta.Tactic.Grind.Types
IMPORTED_MODULE	Lean.Meta.Tactic.Grind.Injection
IMPORTED_MODULE	Lean.Meta.Tactic.Grind.Proof
IMPORTED_MODULE	Lean.Meta.Tactic.Grind.MatchDiscrOnly
IMPORTED_MODULE	Lean.Meta.Tactic.Grind.MarkNestedProofs
IMPORTED_MODULE	Lean.Util.FVarSubset
IMPORTED_MODULE	Lean.Meta.Tactic.Grind.Canon
IMPORTED_MODULE	Lean.Meta.Tactic.Grind.Simp
IMPORTED_MODULE	Lean.Meta.Tactic.Grind.ProveEq
IMPORTED_MODULE	Lean.Meta.Tactic.Grind.PropagatorAttr
IMPORTED_MODULE	Lean.Meta.Tactic.Grind.MatchCond
IMPORTED_MODULE	Lean.Meta.Tactic.Grind.Arith.Offset.Proof
IMPORTED_MODULE	Lean.Meta.Tactic.Grind.Arith.Offset.Main
IMPORTED_MODULE	Lean.Meta.Tactic.Grind.Arith.Offset
IMPORTED_MODULE	Lean.Meta.Tactic.Grind.Arith.Cutsat.Util
IMPORTED_MODULE	Lean.Meta.Tactic.Grind.Arith.Cutsat.Nat
IMPORTED_MODULE	Lean.Meta.Tactic.Grind.Arith.Cutsat.Var
IMPORTED_MODULE	Lean.Meta.Tactic.Grind.Arith.Cutsat.Inv
IMPORTED_MODULE	Lean.Meta.Tactic.Grind.Arith.Inv
IMPORTED_MODULE	Lean.Meta.Tactic.Grind.Inv
IMPORTED_MODULE	Lean.Meta.Tactic.Grind.Arith.Offset.Model
IMPORTED_MODULE	Lean.Meta.Tactic.Grind.Arith.Cutsat.Model
IMPORTED_MODULE	Lean.Meta.Tactic.Grind.Arith.Model
IMPORTED_MODULE	Lean.Meta.Tactic.Grind.PP
IMPORTED_MODULE	Lean.Meta.Tactic.Grind.Ctor
IMPORTED_MODULE	Lean.Meta.Tactic.Grind.Beta
IMPORTED_MODULE	Lean.Meta.Tactic.Grind.Diseq
IMPORTED_MODULE	Lean.Meta.Tactic.Grind.Arith.Cutsat.Proof
IMPORTED_MODULE	Lean.Meta.Tactic.Grind.Arith.Cutsat.Norm
IMPORTED_MODULE	Lean.Meta.Tactic.Grind.Arith.Cutsat.DvdCnstr
IMPORTED_MODULE	Lean.Meta.Tactic.Grind.Arith.Cutsat.LeCnstr
IMPORTED_MODULE	Lean.Meta.Tactic.Grind.Arith.Cutsat.EqCnstr
IMPORTED_MODULE	Lean.Meta.Tactic.Grind.Arith.Internalize
IMPORTED_MODULE	Lean.Meta.Tactic.Grind.Internalize
IMPORTED_MODULE	Lean.Meta.Tactic.Grind.Core
IMPORTED_MODULE	Lean.Meta.Tactic.Grind.Ext
IMPORTED_MODULE	Lean.Meta.Tactic.Grind.Propagate
IMPORTED_MODULE	Lean.Meta.Tactic.Grind.Parser
IMPORTED_MODULE	Lean.Meta.Match.MatcherApp
IMPORTED_MODULE	Lean.Meta.Tactic.Grind.CasesMatch
IMPORTED_MODULE	Lean.Meta.Tactic.Grind.Combinators
IMPORTED_MODULE	Lean.Meta.Tactic.Grind.Intro
IMPORTED_MODULE	Lean.Meta.Tactic.Grind.EMatch
IMPORTED_MODULE	Lean.Meta.Tactic.Grind.Proj
IMPORTED_MODULE	Lean.Meta.Tactic.Grind.EqResolution
IMPORTED_MODULE	Lean.Meta.Tactic.Grind.ForallProp
IMPORTED_MODULE	Lean.Meta.Tactic.Grind.Split
IMPORTED_MODULE	Lean.Meta.Tactic.Grind.Arith.Cutsat.SearchM
IMPORTED_MODULE	Lean.Meta.Tactic.Grind.Arith.Cutsat.Search
IMPORTED_MODULE	Lean.Meta.Tactic.Grind.Arith.Main
IMPORTED_MODULE	Lean.Meta.Tactic.Grind.MBTC
IMPORTED_MODULE	Lean.Meta.Tactic.Grind.Arith.Cutsat.MBTC
IMPORTED_MODULE	Lean.Meta.Tactic.Grind.Arith.Cutsat
IMPORTED_MODULE	Lean.Meta.Tactic.Grind.Arith
IMPORTED_MODULE	Lean.Meta.Tactic.Grind.Solve
IMPORTED_MODULE	Lean.Meta.Tactic.Grind.SimpUtil
IMPORTED_MODULE	Lean.Meta.Tactic.Grind.Main
IMPORTED_MODULE	Lean.Meta.Tactic.Grind
IMPORTED_MODULE	Lean.Elab.Tactic.Grind
IMPORTED_MODULE	Lean.Meta.Tactic.Try.Collect
IMPORTED_MODULE	Lean.Meta.Tactic.Try
IMPORTED_MODULE	Lean.Elab.Tactic.Try
IMPORTED_MODULE	Lean.Elab.Tactic.AsAuxLemma
IMPORTED_MODULE	Lean.Elab.Tactic.TreeTacAttr
IMPORTED_MODULE	Lean.Elab.Tactic.ExposeNames
IMPORTED_MODULE	Lean.Elab.Tactic.SimpArith
IMPORTED_MODULE	Lean.Elab.Tactic
IMPORTED_MODULE	Lean.Elab.StructInst
IMPORTED_MODULE	Lean.Elab.Inductive
IMPORTED_MODULE	Lean.Elab.Structure
IMPORTED_MODULE	Lean.Util.CollectAxioms
IMPORTED_MODULE	Lean.Elab.Print
IMPORTED_MODULE	Lean.Elab.PreDefinition.WF
IMPORTED_MODULE	Lean.Elab.PreDefinition.Nonrec.Eqns
IMPORTED_MODULE	Lean.Elab.PreDefinition.EqUnfold
IMPORTED_MODULE	Lean.Elab.PreDefinition
IMPORTED_MODULE	Lean.Elab.Deriving.Util
IMPORTED_MODULE	Lean.Elab.Deriving.Inhabited
IMPORTED_MODULE	Lean.Elab.Deriving.Nonempty
IMPORTED_MODULE	Lean.Elab.Deriving.TypeName
IMPORTED_MODULE	Lean.Elab.Deriving.BEq
IMPORTED_MODULE	Lean.Meta.Inductive
IMPORTED_MODULE	Lean.Elab.Deriving.DecEq
IMPORTED_MODULE	Lean.Elab.Deriving.Repr
IMPORTED_MODULE	Lean.Elab.Deriving.FromToJson
IMPORTED_MODULE	Lean.Elab.Deriving.SizeOf
IMPORTED_MODULE	Lean.Elab.Deriving.Hashable
IMPORTED_MODULE	Lean.Elab.Deriving.Ord
IMPORTED_MODULE	Lean.Elab.Deriving.ToExpr
IMPORTED_MODULE	Lean.Elab.Deriving
IMPORTED_MODULE	Lean.Elab.Extra
IMPORTED_MODULE	Lean.Elab.GenInjective
IMPORTED_MODULE	Lean.Elab.Macro
IMPORTED_MODULE	Lean.Elab.Notation
IMPORTED_MODULE	Lean.Elab.Mixfix
IMPORTED_MODULE	Lean.Elab.MacroRules
IMPORTED_MODULE	Lean.Elab.BuiltinCommand
IMPORTED_MODULE	Lean.Elab.BuiltinEvalCommand
IMPORTED_MODULE	Lean.Elab.InheritDoc
IMPORTED_MODULE	Lean.Elab.ParseImportsFast
IMPORTED_MODULE	Lean.Util.Diff
IMPORTED_MODULE	Lean.Elab.GuardMsgs
IMPORTED_MODULE	Lean.Meta.CheckTactic
IMPORTED_MODULE	Lean.Elab.CheckTactic
IMPORTED_MODULE	Lean.Elab.MatchExpr
IMPORTED_MODULE	Lean.Elab.Time
IMPORTED_MODULE	Lean.Elab.RecommendedSpelling
IMPORTED_MODULE	Lean.Elab.InfoTrees
IMPORTED_MODULE	Lean.Elab
IMPORTED_MODULE	Lean.Meta.LevelDefEq
IMPORTED_MODULE	Lean.Meta.UnificationHint
IMPORTED_MODULE	Lean.Meta.ExprDefEq
IMPORTED_MODULE	Lean.Meta.Tactic.AC
IMPORTED_MODULE	Lean.Meta.Tactic.FunInd
IMPORTED_MODULE	Lean.Meta.Tactic
IMPORTED_MODULE	Lean.Meta.ExprLens
IMPORTED_MODULE	Lean.Meta.ExprTraverse
IMPORTED_MODULE	Lean.Meta
IMPORTED_MODULE	Lean.Util.TestExtern
IMPORTED_MODULE	Lean.Util.LeanOptions
IMPORTED_MODULE	Lean.Util.FileSetupInfo
IMPORTED_MODULE	Lean.Util.SearchPath
IMPORTED_MODULE	Lean.Util
IMPORTED_MODULE	Lean.Server.Watchdog
IMPORTED_MODULE	Std.Sync.Channel
IMPORTED_MODULE	Lean.Server.FileWorker.WidgetRequests
IMPORTED_MODULE	Lean.Util.LakePath
IMPORTED_MODULE	Lean.Server.FileWorker.SetupFile
IMPORTED_MODULE	Lean.Server.Completion.ImportCompletion
IMPORTED_MODULE	Lean.Server.FileWorker
IMPORTED_MODULE	Lean.Server.Rpc.Deriving
IMPORTED_MODULE	Lean.Server.Rpc
IMPORTED_MODULE	Lean.Server.Test.Cancel
IMPORTED_MODULE	Lean.Widget
IMPORTED_MODULE	Lean.Server.Test.Runner
IMPORTED_MODULE	Lean.Server.Test
IMPORTED_MODULE	Lean.Server
IMPORTED_MODULE	Lean.Linter.Builtin
IMPORTED_MODULE	Lean.Linter.ConstructorAsVariable
IMPORTED_MODULE	Lean.Linter.Omit
IMPORTED_MODULE	Lean.Linter.List
IMPORTED_MODULE	Lean.Linter
IMPORTED_MODULE	Lean.Replay
IMPORTED_MODULE	Lean.PremiseSelection
IMPORTED_MODULE	Lean
OWNED	dangerous	ControlUnsafe	body=true	axioms=#[]
OWNED	dangerous._cstage2	ControlUnsafe	body=true	axioms=#[]
OWNED	dangerous._cstage1	ControlUnsafe	body=true	axioms=#[]
AuditControlUnsafe.lean:5:0: error: AUDIT_REJECT unsafe declaration dangerous
