ℹ [2359/2360] Built Main
info: .\.\.\.\Main.lean:426:0: 'Conjecture4027.second00' depends on axioms: [propext, Classical.choice, Quot.sound]
info: .\.\.\.\Main.lean:427:0: 'Conjecture4027.second01' depends on axioms: [propext, Classical.choice, Quot.sound]
info: .\.\.\.\Main.lean:428:0: 'Conjecture4027.second10' depends on axioms: [propext, Classical.choice, Quot.sound]
info: .\.\.\.\Main.lean:429:0: 'Conjecture4027.second11' depends on axioms: [propext, Classical.choice, Quot.sound]
info: .\.\.\.\Main.lean:430:0: 'Conjecture4027.repeated_second_formula' depends on axioms: [propext, Classical.choice, Quot.sound]
info: .\.\.\.\Main.lean:431:0: 'Conjecture4027.whole_second_level_mean_zero' depends on axioms: [propext, Classical.choice, Quot.sound]
info: .\.\.\.\Main.lean:432:0: 'Conjecture4027.positive_probability' depends on axioms: [propext, Classical.choice, Quot.sound]
info: .\.\.\.\Main.lean:433:0: 'Conjecture4027.negative_probability' depends on axioms: [propext, Classical.choice, Quot.sound]
info: .\.\.\.\Main.lean:434:0: 'Conjecture4027.no_symmetric_limiting_sign_law' depends on axioms: [propext, Classical.choice, Quot.sound]
info: .\.\.\.\Main.lean:435:0: 'Conjecture4027.PureArea.genuine_weak_geometric_rough_path' depends on axioms: [propext, Classical.choice, Quot.sound]
info: .\.\.\.\Main.lean:436:0: 'Conjecture4027.PureArea.all_time_whole_tensor_mean_zero' depends on axioms: [propext, Classical.choice, Quot.sound]
info: .\.\.\.\Main.lean:437:0: 'Conjecture4027.PureArea.sign_law_constant' depends on axioms: [propext, Classical.choice, Quot.sound]
info: .\.\.\.\Main.lean:438:0: 'Conjecture4027.PureArea.positive_sign_mass' depends on axioms: [propext, Classical.choice, Quot.sound]
info: .\.\.\.\Main.lean:439:0: 'Conjecture4027.PureArea.negative_sign_mass' depends on axioms: [propext, Classical.choice, Quot.sound]
info: .\.\.\.\Main.lean:440:0: 'Conjecture4027.PureArea.sign_law_not_reflection_symmetric' depends on axioms: [propext, Classical.choice, Quot.sound]
info: .\.\.\.\Main.lean:441:0: 'Conjecture4027.PureArea.no_symmetric_limit_along_any_intervals' depends on axioms: [propext,
 Classical.choice,
 Quot.sound]
info: .\.\.\.\Main.lean:442:0: 'Conjecture4027.PureArea.no_mean_only_asymmetry_functional' depends on axioms: [propext, Classical.choice, Quot.sound]
info: .\.\.\.\Main.lean:443:0: 'Conjecture4027.PureArea.counterexample' depends on axioms: [propext, Classical.choice, Quot.sound]
Build completed successfully.
