'Conjecture4027.second00' depends on axioms: [propext, Classical.choice, Quot.sound]
'Conjecture4027.second01' depends on axioms: [propext, Classical.choice, Quot.sound]
'Conjecture4027.second10' depends on axioms: [propext, Classical.choice, Quot.sound]
'Conjecture4027.second11' depends on axioms: [propext, Classical.choice, Quot.sound]
'Conjecture4027.repeated_second_formula' depends on axioms: [propext, Classical.choice, Quot.sound]
'Conjecture4027.whole_second_level_mean_zero' depends on axioms: [propext, Classical.choice, Quot.sound]
'Conjecture4027.positive_probability' depends on axioms: [propext, Classical.choice, Quot.sound]
'Conjecture4027.negative_probability' depends on axioms: [propext, Classical.choice, Quot.sound]
'Conjecture4027.no_symmetric_limiting_sign_law' depends on axioms: [propext, Classical.choice, Quot.sound]
'Conjecture4027.PureArea.genuine_weak_geometric_rough_path' depends on axioms: [propext, Classical.choice, Quot.sound]
'Conjecture4027.PureArea.all_time_whole_tensor_mean_zero' depends on axioms: [propext, Classical.choice, Quot.sound]
'Conjecture4027.PureArea.sign_law_constant' depends on axioms: [propext, Classical.choice, Quot.sound]
'Conjecture4027.PureArea.positive_sign_mass' depends on axioms: [propext, Classical.choice, Quot.sound]
'Conjecture4027.PureArea.negative_sign_mass' depends on axioms: [propext, Classical.choice, Quot.sound]
'Conjecture4027.PureArea.sign_law_not_reflection_symmetric' depends on axioms: [propext, Classical.choice, Quot.sound]
'Conjecture4027.PureArea.no_symmetric_limit_along_any_intervals' depends on axioms: [propext,
 Classical.choice,
 Quot.sound]
'Conjecture4027.PureArea.no_mean_only_asymmetry_functional' depends on axioms: [propext, Classical.choice, Quot.sound]
'Conjecture4027.PureArea.counterexample' depends on axioms: [propext, Classical.choice, Quot.sound]
