COMMAND: lake env lean ReviewerAudit.lean
EXIT: 0
STDOUT:
'Conjecture1735.solutionSet' depends on axioms: [propext]
'Conjecture1735.solutionCount' depends on axioms: [propext, Quot.sound]
'Conjecture1735.zero_fiber' depends on axioms: [propext, Classical.choice, Quot.sound]
'Conjecture1735.solutionSet_zero' depends on axioms: [propext, Classical.choice, Quot.sound]
'Conjecture1735.solutionCount_zero' depends on axioms: [propext, Classical.choice, Quot.sound]
'Conjecture1735.scaleSolution' depends on axioms: [propext, Quot.sound]
'Conjecture1735.scaleSolution_injective' depends on axioms: [propext, Classical.choice, Quot.sound]
'Conjecture1735.solutionCount_le_scaled' depends on axioms: [propext, Classical.choice, Quot.sound]
'Conjecture1735.scaled_is_maximizer' depends on axioms: [propext, Classical.choice, Quot.sound]
'Conjecture1735.scaled_rhs_injective' depends on axioms: [propext, Classical.choice, Quot.sound]
'Conjecture1735.infinite_maximizers_of_nonzero_maximizer' depends on axioms: [propext, Classical.choice, Quot.sound]
'Conjecture1735.MaximumIsTwelve' depends on axioms: [propext, Quot.sound]
'Conjecture1735.Conjecture' depends on axioms: [propext, Quot.sound]
'Conjecture1735.twelve_solution_rhs_ne_zero' depends on axioms: [propext, Classical.choice, Quot.sound]
'Conjecture1735.maximum_twelve_implies_infinite_maximizers' depends on axioms: [propext, Classical.choice, Quot.sound]
'Conjecture1735.conjecture_false' depends on axioms: [propext, Classical.choice, Quot.sound]
'Conjecture1735.NonzeroConjecture' depends on axioms: [propext, Quot.sound]
'Conjecture1735.nonzero_conjecture_false' depends on axioms: [propext, Classical.choice, Quot.sound]

STDERR:
