Conjecture161.GeneralLinear (n : Nat) (p : Conjecture161.PrimeIndex) : Type
'Conjecture161.GeneralLinear' depends on axioms: [propext, Classical.choice, Quot.sound]
Conjecture161.LargePrimeFactor (n : Nat) (C : Real) (p : Conjecture161.PrimeIndex)
  (A : Conjecture161.GeneralLinear n p) : Prop
'Conjecture161.LargePrimeFactor' depends on axioms: [propext, Classical.choice, Quot.sound]
Conjecture161.OriginalClaim : Prop
'Conjecture161.OriginalClaim' depends on axioms: [propext, Classical.choice, Quot.sound]
Conjecture161.PrimeIndex : Type
'Conjecture161.PrimeIndex' depends on axioms: [propext]
Conjecture161.conjecture_false : Not Conjecture161.OriginalClaim
'Conjecture161.conjecture_false' depends on axioms: [propext, Classical.choice, Quot.sound]
Conjecture161.conjecture_false._proof_1 :
  Not (@LE.le.{0} Nat instLENat (@OfNat.ofNat.{0} Nat 2 (instOfNatNat 2)) (@OfNat.ofNat.{0} Nat 4 (instOfNatNat 4))) →
    False
'Conjecture161.conjecture_false._proof_1' depends on axioms: [propext, Quot.sound]
Conjecture161.no_largePrimeFactor_four {C : Real}
  (hC : @LT.lt.{0} Real Real.instLT (@OfNat.ofNat.{0} Real 0 (@Zero.toOfNat0.{0} Real Real.instZero)) C)
  (p : Conjecture161.PrimeIndex)
  (hp :
    @LE.le.{0} Real Real.instLE
      (@HMul.hMul.{0, 0, 0} Real Real Real (@instHMul.{0} Real Real.instMul)
        (@OfNat.ofNat.{0} Real 3
          (@instOfNatAtLeastTwo.{0} Real 3 Real.instNatCast
            (@instNatAtLeastTwo (@OfNat.ofNat.{0} Nat 1 (instOfNatNat 1)))))
        C)
      (@Nat.cast.{0} Real Real.instNatCast (@Subtype.val.{1} Nat (fun p => Nat.Prime p) p)))
  (A : Conjecture161.GeneralLinear (@OfNat.ofNat.{0} Nat 4 (instOfNatNat 4)) p) :
  Not (Conjecture161.LargePrimeFactor (@OfNat.ofNat.{0} Nat 4 (instOfNatNat 4)) C p A)
'Conjecture161.no_largePrimeFactor_four' depends on axioms: [propext, Classical.choice, Quot.sound]
Conjecture161.no_positive_denominator_function :
  Not
    (∃ D,
      And
        (∀ (n : Nat),
          @LE.le.{0} Nat instLENat (@OfNat.ofNat.{0} Nat 2 (instOfNatNat 2)) n →
            @LT.lt.{0} Real Real.instLT (@OfNat.ofNat.{0} Real 0 (@Zero.toOfNat0.{0} Real Real.instZero)) (D n))
        (∀ (n : Nat),
          @LE.le.{0} Nat instLENat (@OfNat.ofNat.{0} Nat 2 (instOfNatNat 2)) n →
            @Filter.Tendsto.{0, 0} Conjecture161.PrimeIndex Real (Conjecture161.successProbability n (D n))
              (@Filter.atTop.{0} Conjecture161.PrimeIndex
                (@Subtype.preorder.{0} Nat Nat.instPreorder fun p => Nat.Prime p))
              (@nhds.{0} Real
                (@UniformSpace.toTopologicalSpace.{0} Real
                  (@PseudoMetricSpace.toUniformSpace.{0} Real Real.pseudoMetricSpace))
                (@OfNat.ofNat.{0} Real 1 (@One.toOfNat1.{0} Real Real.instOne)))))
'Conjecture161.no_positive_denominator_function' depends on axioms: [propext, Classical.choice, Quot.sound]
Conjecture161.no_positive_denominator_function._proof_1 :
  Not (@LE.le.{0} Nat instLENat (@OfNat.ofNat.{0} Nat 2 (instOfNatNat 2)) (@OfNat.ofNat.{0} Nat 4 (instOfNatNat 4))) →
    False
'Conjecture161.no_positive_denominator_function._proof_1' depends on axioms: [propext, Quot.sound]
Conjecture161.primeIndexInhabited : Inhabited.{1} Conjecture161.PrimeIndex
'Conjecture161.primeIndexInhabited' depends on axioms: [propext, Classical.choice, Quot.sound]
Conjecture161.prime_divisor_order_le (p : Conjecture161.PrimeIndex)
  (A : Conjecture161.GeneralLinear (@OfNat.ofNat.{0} Nat 4 (instOfNatNat 4)) p) {r : Nat} (hr : Nat.Prime r)
  (hdvd :
    @Dvd.dvd.{0} Nat Nat.instDvd r
      (@orderOf.{0} (Conjecture161.GeneralLinear (@OfNat.ofNat.{0} Nat 4 (instOfNatNat 4)) p)
        (@Units.instMonoid.{0}
          (Matrix.{0, 0, 0} (Fin (@OfNat.ofNat.{0} Nat 4 (instOfNatNat 4)))
            (Fin (@OfNat.ofNat.{0} Nat 4 (instOfNatNat 4))) (ZMod (@Subtype.val.{1} Nat (fun p => Nat.Prime p) p)))
          (@MonoidWithZero.toMonoid.{0}
            (Matrix.{0, 0, 0} (Fin (@OfNat.ofNat.{0} Nat 4 (instOfNatNat 4)))
              (Fin (@OfNat.ofNat.{0} Nat 4 (instOfNatNat 4))) (ZMod (@Subtype.val.{1} Nat (fun p => Nat.Prime p) p)))
            (@Semiring.toMonoidWithZero.{0}
              (Matrix.{0, 0, 0} (Fin (@OfNat.ofNat.{0} Nat 4 (instOfNatNat 4)))
                (Fin (@OfNat.ofNat.{0} Nat 4 (instOfNatNat 4))) (ZMod (@Subtype.val.{1} Nat (fun p => Nat.Prime p) p)))
              (@Matrix.semiring.{0, 0} (Fin (@OfNat.ofNat.{0} Nat 4 (instOfNatNat 4)))
                (ZMod (@Subtype.val.{1} Nat (fun p => Nat.Prime p) p))
                (@CommSemiring.toSemiring.{0} (ZMod (@Subtype.val.{1} Nat (fun p => Nat.Prime p) p))
                  (@CommRing.toCommSemiring.{0} (ZMod (@Subtype.val.{1} Nat (fun p => Nat.Prime p) p))
                    (ZMod.commRing (@Subtype.val.{1} Nat (fun p => Nat.Prime p) p))))
                (Fin.fintype (@OfNat.ofNat.{0} Nat 4 (instOfNatNat 4)))
                (instDecidableEqFin (@OfNat.ofNat.{0} Nat 4 (instOfNatNat 4)))))))
        A)) :
  @LE.le.{0} Nat instLENat r
    (@HAdd.hAdd.{0, 0, 0} Nat Nat Nat (@instHAdd.{0} Nat instAddNat)
      (@HAdd.hAdd.{0, 0, 0} Nat Nat Nat (@instHAdd.{0} Nat instAddNat)
        (@HPow.hPow.{0, 0, 0} Nat Nat Nat (@instHPow.{0, 0} Nat Nat (@Monoid.toNatPow.{0} Nat Nat.instMonoid))
          (@Subtype.val.{1} Nat (fun p => Nat.Prime p) p) (@OfNat.ofNat.{0} Nat 2 (instOfNatNat 2)))
        (@Subtype.val.{1} Nat (fun p => Nat.Prime p) p))
      (@OfNat.ofNat.{0} Nat 1 (instOfNatNat 1)))
'Conjecture161.prime_divisor_order_le' depends on axioms: [propext, Classical.choice, Quot.sound]
Conjecture161.prime_index_neBot :
  @Filter.NeBot.{0} Conjecture161.PrimeIndex
    (@Filter.atTop.{0} Conjecture161.PrimeIndex (@Subtype.preorder.{0} Nat Nat.instPreorder fun p => Nat.Prime p))
'Conjecture161.prime_index_neBot' depends on axioms: [propext, Classical.choice, Quot.sound]
Conjecture161.prime_le_of_dvd_gl4_card_product {p r : Nat}
  (hp : @LE.le.{0} Nat instLENat (@OfNat.ofNat.{0} Nat 2 (instOfNatNat 2)) p) (hr : Nat.Prime r)
  (hdvd :
    @Dvd.dvd.{0} Nat Nat.instDvd r
      (∏ i,
        @HSub.hSub.{0, 0, 0} Nat Nat Nat (@instHSub.{0} Nat instSubNat)
          (@HPow.hPow.{0, 0, 0} Nat Nat Nat (@instHPow.{0, 0} Nat Nat (@Monoid.toNatPow.{0} Nat Nat.instMonoid)) p
            (@OfNat.ofNat.{0} Nat 4 (instOfNatNat 4)))
          (@HPow.hPow.{0, 0, 0} Nat Nat Nat (@instHPow.{0, 0} Nat Nat (@Monoid.toNatPow.{0} Nat Nat.instMonoid)) p
            (@Fin.val (@OfNat.ofNat.{0} Nat 4 (instOfNatNat 4)) i)))) :
  @LE.le.{0} Nat instLENat r
    (@HAdd.hAdd.{0, 0, 0} Nat Nat Nat (@instHAdd.{0} Nat instAddNat)
      (@HAdd.hAdd.{0, 0, 0} Nat Nat Nat (@instHAdd.{0} Nat instAddNat)
        (@HPow.hPow.{0, 0, 0} Nat Nat Nat (@instHPow.{0, 0} Nat Nat (@Monoid.toNatPow.{0} Nat Nat.instMonoid)) p
          (@OfNat.ofNat.{0} Nat 2 (instOfNatNat 2)))
        p)
      (@OfNat.ofNat.{0} Nat 1 (instOfNatNat 1)))
'Conjecture161.prime_le_of_dvd_gl4_card_product' depends on axioms: [propext, Classical.choice, Quot.sound]
Conjecture161.prime_le_of_dvd_gl4_card_product._proof_1 {r : Nat} (q : Nat)
  (hp :
    @LE.le.{0} Nat instLENat (@OfNat.ofNat.{0} Nat 2 (instOfNatNat 2))
      (@HAdd.hAdd.{0, 0, 0} Nat Nat Nat (@instHAdd.{0} Nat instAddNat) (@OfNat.ofNat.{0} Nat 2 (instOfNatNat 2)) q)) :
  Not
      (@LT.lt.{0} Nat instLTNat (@OfNat.ofNat.{0} Nat 0 (instOfNatNat 0))
        (@HAdd.hAdd.{0, 0, 0} Nat Nat Nat (@instHAdd.{0} Nat instAddNat) (@OfNat.ofNat.{0} Nat 2 (instOfNatNat 2)) q)) →
    False
'Conjecture161.prime_le_of_dvd_gl4_card_product._proof_1' depends on axioms: [propext, Classical.choice, Quot.sound]
Conjecture161.prime_le_of_dvd_gl4_card_product._proof_2 {r : Nat} (q : Nat)
  (hp :
    @LE.le.{0} Nat instLENat (@OfNat.ofNat.{0} Nat 2 (instOfNatNat 2))
      (@HAdd.hAdd.{0, 0, 0} Nat Nat Nat (@instHAdd.{0} Nat instAddNat) (@OfNat.ofNat.{0} Nat 2 (instOfNatNat 2)) q)) :
  Not
      (@LT.lt.{0} Nat instLTNat (@OfNat.ofNat.{0} Nat 0 (instOfNatNat 0))
        (@HAdd.hAdd.{0, 0, 0} Nat Nat Nat (@instHAdd.{0} Nat instAddNat) q (@OfNat.ofNat.{0} Nat 1 (instOfNatNat 1)))) →
    False
'Conjecture161.prime_le_of_dvd_gl4_card_product._proof_2' depends on axioms: [propext, Classical.choice, Quot.sound]
Conjecture161.prime_le_of_dvd_gl4_card_product._proof_3 {r : Nat} (q : Nat)
  (hp :
    @LE.le.{0} Nat instLENat (@OfNat.ofNat.{0} Nat 2 (instOfNatNat 2))
      (@HAdd.hAdd.{0, 0, 0} Nat Nat Nat (@instHAdd.{0} Nat instAddNat) (@OfNat.ofNat.{0} Nat 2 (instOfNatNat 2)) q)) :
  Not
      (@LT.lt.{0} Nat instLTNat (@OfNat.ofNat.{0} Nat 0 (instOfNatNat 0))
        (@HAdd.hAdd.{0, 0, 0} Nat Nat Nat (@instHAdd.{0} Nat instAddNat) q (@OfNat.ofNat.{0} Nat 3 (instOfNatNat 3)))) →
    False
'Conjecture161.prime_le_of_dvd_gl4_card_product._proof_3' depends on axioms: [propext, Classical.choice, Quot.sound]
Conjecture161.prime_le_of_dvd_gl4_card_product._proof_4 {r : Nat} (q : Nat) :
  Not
      (@LT.lt.{0} Nat instLTNat (@OfNat.ofNat.{0} Nat 0 (instOfNatNat 0))
        (@HAdd.hAdd.{0, 0, 0} Nat Nat Nat (@instHAdd.{0} Nat instAddNat)
          (@HPow.hPow.{0, 0, 0} Nat Nat Nat (@instHPow.{0, 0} Nat Nat (@Monoid.toNatPow.{0} Nat Nat.instMonoid))
            (@HAdd.hAdd.{0, 0, 0} Nat Nat Nat (@instHAdd.{0} Nat instAddNat) (@OfNat.ofNat.{0} Nat 2 (instOfNatNat 2))
              q)
            (@OfNat.ofNat.{0} Nat 2 (instOfNatNat 2)))
          (@OfNat.ofNat.{0} Nat 1 (instOfNatNat 1)))) →
    False
'Conjecture161.prime_le_of_dvd_gl4_card_product._proof_4' depends on axioms: [propext, Classical.choice, Quot.sound]
Conjecture161.prime_le_of_dvd_gl4_card_product._proof_5 {r : Nat} (q : Nat)
  (hp :
    @LE.le.{0} Nat instLENat (@OfNat.ofNat.{0} Nat 2 (instOfNatNat 2))
      (@HAdd.hAdd.{0, 0, 0} Nat Nat Nat (@instHAdd.{0} Nat instAddNat) (@OfNat.ofNat.{0} Nat 2 (instOfNatNat 2)) q))
  (hle :
    @LE.le.{0} Nat instLENat r
      (@HAdd.hAdd.{0, 0, 0} Nat Nat Nat (@instHAdd.{0} Nat instAddNat)
        (@HPow.hPow.{0, 0, 0} Nat Nat Nat (@instHPow.{0, 0} Nat Nat (@Monoid.toNatPow.{0} Nat Nat.instMonoid))
          (@HAdd.hAdd.{0, 0, 0} Nat Nat Nat (@instHAdd.{0} Nat instAddNat) (@OfNat.ofNat.{0} Nat 2 (instOfNatNat 2)) q)
          (@OfNat.ofNat.{0} Nat 2 (instOfNatNat 2)))
        (@OfNat.ofNat.{0} Nat 1 (instOfNatNat 1)))) :
  Not
      (@LE.le.{0} Nat instLENat r
        (@HAdd.hAdd.{0, 0, 0} Nat Nat Nat (@instHAdd.{0} Nat instAddNat)
          (@HAdd.hAdd.{0, 0, 0} Nat Nat Nat (@instHAdd.{0} Nat instAddNat)
            (@HPow.hPow.{0, 0, 0} Nat Nat Nat (@instHPow.{0, 0} Nat Nat (@Monoid.toNatPow.{0} Nat Nat.instMonoid))
              (@HAdd.hAdd.{0, 0, 0} Nat Nat Nat (@instHAdd.{0} Nat instAddNat) (@OfNat.ofNat.{0} Nat 2 (instOfNatNat 2))
                q)
              (@OfNat.ofNat.{0} Nat 2 (instOfNatNat 2)))
            (@HAdd.hAdd.{0, 0, 0} Nat Nat Nat (@instHAdd.{0} Nat instAddNat) (@OfNat.ofNat.{0} Nat 2 (instOfNatNat 2))
              q))
          (@OfNat.ofNat.{0} Nat 1 (instOfNatNat 1)))) →
    False
'Conjecture161.prime_le_of_dvd_gl4_card_product._proof_5' depends on axioms: [propext, Classical.choice, Quot.sound]
Conjecture161.prime_le_of_dvd_gl4_card_product._proof_6 {r : Nat} (q : Nat)
  (hp :
    @LE.le.{0} Nat instLENat (@OfNat.ofNat.{0} Nat 2 (instOfNatNat 2))
      (@HAdd.hAdd.{0, 0, 0} Nat Nat Nat (@instHAdd.{0} Nat instAddNat) (@OfNat.ofNat.{0} Nat 2 (instOfNatNat 2)) q)) :
  Not
      (@LT.lt.{0} Nat instLTNat (@OfNat.ofNat.{0} Nat 0 (instOfNatNat 0))
        (@HAdd.hAdd.{0, 0, 0} Nat Nat Nat (@instHAdd.{0} Nat instAddNat)
          (@HAdd.hAdd.{0, 0, 0} Nat Nat Nat (@instHAdd.{0} Nat instAddNat)
            (@HPow.hPow.{0, 0, 0} Nat Nat Nat (@instHPow.{0, 0} Nat Nat (@Monoid.toNatPow.{0} Nat Nat.instMonoid))
              (@HAdd.hAdd.{0, 0, 0} Nat Nat Nat (@instHAdd.{0} Nat instAddNat) (@OfNat.ofNat.{0} Nat 2 (instOfNatNat 2))
                q)
              (@OfNat.ofNat.{0} Nat 2 (instOfNatNat 2)))
            (@HAdd.hAdd.{0, 0, 0} Nat Nat Nat (@instHAdd.{0} Nat instAddNat) (@OfNat.ofNat.{0} Nat 2 (instOfNatNat 2))
              q))
          (@OfNat.ofNat.{0} Nat 1 (instOfNatNat 1)))) →
    False
'Conjecture161.prime_le_of_dvd_gl4_card_product._proof_6' depends on axioms: [propext, Classical.choice, Quot.sound]
Conjecture161.primes_tendsto_nat_atTop :
  @Filter.Tendsto.{0, 0} Conjecture161.PrimeIndex Nat (fun p => @Subtype.val.{1} Nat (fun p => Nat.Prime p) p)
    (@Filter.atTop.{0} Conjecture161.PrimeIndex (@Subtype.preorder.{0} Nat Nat.instPreorder fun p => Nat.Prime p))
    (@Filter.atTop.{0} Nat Nat.instPreorder)
'Conjecture161.primes_tendsto_nat_atTop' depends on axioms: [propext, Classical.choice, Quot.sound]
Conjecture161.sampleSpace_card_pos (n : Nat) (p : Conjecture161.PrimeIndex) :
  @LT.lt.{0} Nat instLTNat (@OfNat.ofNat.{0} Nat 0 (instOfNatNat 0)) (Nat.card.{0} (Conjecture161.GeneralLinear n p))
'Conjecture161.sampleSpace_card_pos' depends on axioms: [propext, Classical.choice, Quot.sound]
Conjecture161.successProbability (n : Nat) (C : Real) (p : Conjecture161.PrimeIndex) : Real
'Conjecture161.successProbability' depends on axioms: [propext, Classical.choice, Quot.sound]
Conjecture161.successProbability.eq_1 (n : Nat) (C : Real) (p : Conjecture161.PrimeIndex) :
  @Eq.{1} Real (Conjecture161.successProbability n C p)
    (@HDiv.hDiv.{0, 0, 0} Real Real Real (@instHDiv.{0} Real (@DivInvMonoid.toDiv.{0} Real Real.instDivInvMonoid))
      (@Nat.cast.{0} Real Real.instNatCast
        (Nat.card.{0} (@Subtype.{1} (Conjecture161.GeneralLinear n p) fun A => Conjecture161.LargePrimeFactor n C p A)))
      (@Nat.cast.{0} Real Real.instNatCast (Nat.card.{0} (Conjecture161.GeneralLinear n p))))
'Conjecture161.successProbability.eq_1' depends on axioms: [propext, Classical.choice, Quot.sound]
Conjecture161.successProbability_four_eq_zero {C : Real}
  (hC : @LT.lt.{0} Real Real.instLT (@OfNat.ofNat.{0} Real 0 (@Zero.toOfNat0.{0} Real Real.instZero)) C)
  (p : Conjecture161.PrimeIndex)
  (hp :
    @LE.le.{0} Real Real.instLE
      (@HMul.hMul.{0, 0, 0} Real Real Real (@instHMul.{0} Real Real.instMul)
        (@OfNat.ofNat.{0} Real 3
          (@instOfNatAtLeastTwo.{0} Real 3 Real.instNatCast
            (@instNatAtLeastTwo (@OfNat.ofNat.{0} Nat 1 (instOfNatNat 1)))))
        C)
      (@Nat.cast.{0} Real Real.instNatCast (@Subtype.val.{1} Nat (fun p => Nat.Prime p) p))) :
  @Eq.{1} Real (Conjecture161.successProbability (@OfNat.ofNat.{0} Nat 4 (instOfNatNat 4)) C p)
    (@OfNat.ofNat.{0} Real 0 (@Zero.toOfNat0.{0} Real Real.instZero))
'Conjecture161.successProbability_four_eq_zero' depends on axioms: [propext, Classical.choice, Quot.sound]
Conjecture161.successProbability_four_eventually_zero {C : Real}
  (hC : @LT.lt.{0} Real Real.instLT (@OfNat.ofNat.{0} Real 0 (@Zero.toOfNat0.{0} Real Real.instZero)) C) :
  @Filter.Eventually.{0} Conjecture161.PrimeIndex
    (fun p =>
      @Eq.{1} Real (Conjecture161.successProbability (@OfNat.ofNat.{0} Nat 4 (instOfNatNat 4)) C p)
        (@OfNat.ofNat.{0} Real 0 (@Zero.toOfNat0.{0} Real Real.instZero)))
    (@Filter.atTop.{0} Conjecture161.PrimeIndex (@Subtype.preorder.{0} Nat Nat.instPreorder fun p => Nat.Prime p))
'Conjecture161.successProbability_four_eventually_zero' depends on axioms: [propext, Classical.choice, Quot.sound]
Conjecture161.successProbability_four_not_tendsto_one {C : Real}
  (hC : @LT.lt.{0} Real Real.instLT (@OfNat.ofNat.{0} Real 0 (@Zero.toOfNat0.{0} Real Real.instZero)) C) :
  Not
    (@Filter.Tendsto.{0, 0} Conjecture161.PrimeIndex Real
      (Conjecture161.successProbability (@OfNat.ofNat.{0} Nat 4 (instOfNatNat 4)) C)
      (@Filter.atTop.{0} Conjecture161.PrimeIndex (@Subtype.preorder.{0} Nat Nat.instPreorder fun p => Nat.Prime p))
      (@nhds.{0} Real
        (@UniformSpace.toTopologicalSpace.{0} Real (@PseudoMetricSpace.toUniformSpace.{0} Real Real.pseudoMetricSpace))
        (@OfNat.ofNat.{0} Real 1 (@One.toOfNat1.{0} Real Real.instOne))))
'Conjecture161.successProbability_four_not_tendsto_one' depends on axioms: [propext, Classical.choice, Quot.sound]
Conjecture161.successProbability_four_tendsto_zero {C : Real}
  (hC : @LT.lt.{0} Real Real.instLT (@OfNat.ofNat.{0} Real 0 (@Zero.toOfNat0.{0} Real Real.instZero)) C) :
  @Filter.Tendsto.{0, 0} Conjecture161.PrimeIndex Real
    (Conjecture161.successProbability (@OfNat.ofNat.{0} Nat 4 (instOfNatNat 4)) C)
    (@Filter.atTop.{0} Conjecture161.PrimeIndex (@Subtype.preorder.{0} Nat Nat.instPreorder fun p => Nat.Prime p))
    (@nhds.{0} Real
      (@UniformSpace.toTopologicalSpace.{0} Real (@PseudoMetricSpace.toUniformSpace.{0} Real Real.pseudoMetricSpace))
      (@OfNat.ofNat.{0} Real 0 (@Zero.toOfNat0.{0} Real Real.instZero)))
'Conjecture161.successProbability_four_tendsto_zero' depends on axioms: [propext, Classical.choice, Quot.sound]
Conjecture161.successProbability_mem_Icc (n : Nat) (C : Real) (p : Conjecture161.PrimeIndex) :
  @Membership.mem.{0, 0} Real (Set.{0} Real) (@Set.instMembership.{0} Real)
    (@Set.Icc.{0} Real Real.instPreorder (@OfNat.ofNat.{0} Real 0 (@Zero.toOfNat0.{0} Real Real.instZero))
      (@OfNat.ofNat.{0} Real 1 (@One.toOfNat1.{0} Real Real.instOne)))
    (Conjecture161.successProbability n C p)
'Conjecture161.successProbability_mem_Icc' depends on axioms: [propext, Classical.choice, Quot.sound]
Conjecture161.threshold_dominates {C x : Real}
  (hC : @LT.lt.{0} Real Real.instLT (@OfNat.ofNat.{0} Real 0 (@Zero.toOfNat0.{0} Real Real.instZero)) C)
  (hx : @LE.le.{0} Real Real.instLE (@OfNat.ofNat.{0} Real 1 (@One.toOfNat1.{0} Real Real.instOne)) x)
  (hCx :
    @LE.le.{0} Real Real.instLE
      (@HMul.hMul.{0, 0, 0} Real Real Real (@instHMul.{0} Real Real.instMul)
        (@OfNat.ofNat.{0} Real 3
          (@instOfNatAtLeastTwo.{0} Real 3 Real.instNatCast
            (@instNatAtLeastTwo (@OfNat.ofNat.{0} Nat 1 (instOfNatNat 1)))))
        C)
      x) :
  @LE.le.{0} Real Real.instLE
    (@HAdd.hAdd.{0, 0, 0} Real Real Real (@instHAdd.{0} Real Real.instAdd)
      (@HAdd.hAdd.{0, 0, 0} Real Real Real (@instHAdd.{0} Real Real.instAdd)
        (@HPow.hPow.{0, 0, 0} Real Nat Real (@instHPow.{0, 0} Real Nat (@Monoid.toNatPow.{0} Real Real.instMonoid)) x
          (@OfNat.ofNat.{0} Nat 2 (instOfNatNat 2)))
        x)
      (@OfNat.ofNat.{0} Real 1 (@One.toOfNat1.{0} Real Real.instOne)))
    (@HDiv.hDiv.{0, 0, 0} Real Real Real (@instHDiv.{0} Real (@DivInvMonoid.toDiv.{0} Real Real.instDivInvMonoid))
      (@HPow.hPow.{0, 0, 0} Real Nat Real (@instHPow.{0, 0} Real Nat (@Monoid.toNatPow.{0} Real Real.instMonoid)) x
        (@OfNat.ofNat.{0} Nat 3 (instOfNatNat 3)))
      C)
'Conjecture161.threshold_dominates' depends on axioms: [propext, Classical.choice, Quot.sound]
@[reducible] def Conjecture161.PrimeIndex : Type :=
@Subtype.{1} Nat fun p => Nat.Prime p
@[reducible] def Conjecture161.GeneralLinear : Nat → Conjecture161.PrimeIndex → Type :=
fun n p =>
  @Matrix.GeneralLinearGroup.{0, 0} (Fin n) (ZMod (@Subtype.val.{1} Nat (fun p => Nat.Prime p) p))
    (instDecidableEqFin n) (Fin.fintype n) (ZMod.commRing (@Subtype.val.{1} Nat (fun p => Nat.Prime p) p))
def Conjecture161.LargePrimeFactor : (n : Nat) →
  Real → (p : Conjecture161.PrimeIndex) → Conjecture161.GeneralLinear n p → Prop :=
fun n C p A =>
  ∃ r,
    And (Nat.Prime r)
      (And
        (@Dvd.dvd.{0} Nat Nat.instDvd r
          (@orderOf.{0} (Conjecture161.GeneralLinear n p)
            (@Units.instMonoid.{0}
              (Matrix.{0, 0, 0} (Fin n) (Fin n) (ZMod (@Subtype.val.{1} Nat (fun p => Nat.Prime p) p)))
              (@MonoidWithZero.toMonoid.{0}
                (Matrix.{0, 0, 0} (Fin n) (Fin n) (ZMod (@Subtype.val.{1} Nat (fun p => Nat.Prime p) p)))
                (@Semiring.toMonoidWithZero.{0}
                  (Matrix.{0, 0, 0} (Fin n) (Fin n) (ZMod (@Subtype.val.{1} Nat (fun p => Nat.Prime p) p)))
                  (@Matrix.semiring.{0, 0} (Fin n) (ZMod (@Subtype.val.{1} Nat (fun p => Nat.Prime p) p))
                    (@CommSemiring.toSemiring.{0} (ZMod (@Subtype.val.{1} Nat (fun p => Nat.Prime p) p))
                      (@CommRing.toCommSemiring.{0} (ZMod (@Subtype.val.{1} Nat (fun p => Nat.Prime p) p))
                        (ZMod.commRing (@Subtype.val.{1} Nat (fun p => Nat.Prime p) p))))
                    (Fin.fintype n) (instDecidableEqFin n)))))
            A))
        (@LT.lt.{0} Real Real.instLT
          (@HDiv.hDiv.{0, 0, 0} Real Real Real (@instHDiv.{0} Real (@DivInvMonoid.toDiv.{0} Real Real.instDivInvMonoid))
            (@HPow.hPow.{0, 0, 0} Real Nat Real (@instHPow.{0, 0} Real Nat (@Monoid.toNatPow.{0} Real Real.instMonoid))
              (@Nat.cast.{0} Real Real.instNatCast (@Subtype.val.{1} Nat (fun p => Nat.Prime p) p))
              (@HSub.hSub.{0, 0, 0} Nat Nat Nat (@instHSub.{0} Nat instSubNat) n
                (@OfNat.ofNat.{0} Nat 1 (instOfNatNat 1))))
            C)
          (@Nat.cast.{0} Real Real.instNatCast r)))
def Conjecture161.successProbability : Nat → Real → Conjecture161.PrimeIndex → Real :=
fun n C p =>
  @HDiv.hDiv.{0, 0, 0} Real Real Real (@instHDiv.{0} Real (@DivInvMonoid.toDiv.{0} Real Real.instDivInvMonoid))
    (@Nat.cast.{0} Real Real.instNatCast
      (Nat.card.{0} (@Subtype.{1} (Conjecture161.GeneralLinear n p) fun A => Conjecture161.LargePrimeFactor n C p A)))
    (@Nat.cast.{0} Real Real.instNatCast (Nat.card.{0} (Conjecture161.GeneralLinear n p)))
def Conjecture161.OriginalClaim : Prop :=
∃ P,
  And
    (∀ (n : Nat),
      @LE.le.{0} Nat instLENat (@OfNat.ofNat.{0} Nat 2 (instOfNatNat 2)) n →
        @LT.lt.{0} Real Real.instLT (@OfNat.ofNat.{0} Real 0 (@Zero.toOfNat0.{0} Real Real.instZero))
          (@Polynomial.eval.{0} Real Real.semiring (@Nat.cast.{0} Real Real.instNatCast n) P))
    (∀ (n : Nat),
      @LE.le.{0} Nat instLENat (@OfNat.ofNat.{0} Nat 2 (instOfNatNat 2)) n →
        @Filter.Tendsto.{0, 0} Conjecture161.PrimeIndex Real
          (Conjecture161.successProbability n
            (@Polynomial.eval.{0} Real Real.semiring (@Nat.cast.{0} Real Real.instNatCast n) P))
          (@Filter.atTop.{0} Conjecture161.PrimeIndex (@Subtype.preorder.{0} Nat Nat.instPreorder fun p => Nat.Prime p))
          (@nhds.{0} Real
            (@UniformSpace.toTopologicalSpace.{0} Real
              (@PseudoMetricSpace.toUniformSpace.{0} Real Real.pseudoMetricSpace))
            (@OfNat.ofNat.{0} Real 1 (@One.toOfNat1.{0} Real Real.instOne))))
def Conjecture161.primeIndexInhabited : Inhabited.{1} Conjecture161.PrimeIndex :=
@Inhabited.mk.{1} Conjecture161.PrimeIndex
  (@Subtype.mk.{1} Nat (fun p => Nat.Prime p) (@OfNat.ofNat.{0} Nat 2 (instOfNatNat 2)) Nat.prime_two)
