OWNED	Conjecture1663.unlabelled._rarg._cstage2	Conjecture1663.Definitions	#[]
OWNED	Conjecture1663.not_reconstructionRigidity	Conjecture1663.Proof	#[Quot.sound, propext, Classical.choice]
OWNED	Conjecture1663.deletionIso	Conjecture1663.Challenges	#[Quot.sound, propext]
OWNED	Conjecture1663.different_labels	Conjecture1663.Challenges	#[propext, Classical.choice, Quot.sound]
OWNED	Conjecture1663.every_graph_violates_rigidity	Conjecture1663.Proof	#[Quot.sound, propext, Classical.choice]
OWNED	Conjecture1663.deck._closed_1._cstage2	Conjecture1663.Definitions	#[]
OWNED	Conjecture1663.relabelledEdgeIso	Conjecture1663.Challenges	#[Quot.sound, propext, Classical.choice]
OWNED	Conjecture1663.empty_not_iso_oneEdge	Conjecture1663.Challenges	#[Quot.sound, propext, Classical.choice]
OWNED	Conjecture1663.single_edge_cost_one._proof_9	Conjecture1663.Challenges	#[propext]
OWNED	Conjecture1663.oneEdge	Conjecture1663.Challenges	#[propext, Classical.choice, Quot.sound]
OWNED	Conjecture1663.unlabelled._cstage2	Conjecture1663.Definitions	#[]
OWNED	Conjecture1663.Reconstruction	Conjecture1663.Definitions	#[Quot.sound, propext, Classical.choice]
OWNED	Conjecture1663.oneEdge._proof_6	Conjecture1663.Challenges	#[propext]
OWNED	Conjecture1663.full_claim_false_even_if_reconstruction	Conjecture1663.Challenges	#[Quot.sound, propext, Classical.choice]
OWNED	Conjecture1663.editDistance_attained	Conjecture1663.Definitions	#[propext, Quot.sound, Classical.choice]
OWNED	Equiv.swapCore._at.Conjecture1663.relabelledEdge._spec_1._cstage2	Conjecture1663.Challenges	#[]
OWNED	Conjecture1663.deleteVertex.eq_1	Conjecture1663.Challenges	#[]
OWNED	Conjecture1663.deck	Conjecture1663.Definitions	#[Quot.sound, propext, Classical.choice]
OWNED	Conjecture1663.oneEdge._proof_4	Conjecture1663.Challenges	#[propext, Quot.sound]
OWNED	Conjecture1663.unlabelled	Conjecture1663.Definitions	#[Quot.sound, propext]
OWNED	Conjecture1663.edgeEditCost.eq_1	Conjecture1663.Proof	#[propext, Quot.sound, Classical.choice]
OWNED	Conjecture1663.deleteVertex	Conjecture1663.Definitions	#[]
OWNED	Conjecture1663.oneEdge.eq_1	Conjecture1663.Challenges	#[propext, Classical.choice, Quot.sound]
OWNED	Conjecture1663.distinct_labelled_counterexample	Conjecture1663.Challenges	#[propext, Classical.choice, Quot.sound]
OWNED	Verification1663.exact_original_negation	Verification	#[Quot.sound, propext, Classical.choice]
OWNED	Conjecture1663.deck._cstage2	Conjecture1663.Definitions	#[]
scripts/Audit.lean:5:0: error: Forbidden axiom lcProof in owned declaration Conjecture1663.oneEdge._cstage1
