✖ [2802/2804] Building Conjecture1663.Challenges
trace: .> LEAN_PATH=././.lake/packages/Cli/.lake/build/lib/lean:././.lake/packages/batteries/.lake/build/lib/lean:././.lake/packages/Qq/.lake/build/lib/lean:././.lake/packages/aesop/.lake/build/lib/lean:././.lake/packages/proofwidgets/.lake/build/lib/lean:././.lake/packages/importGraph/.lake/build/lib/lean:././.lake/packages/LeanSearchClient/.lake/build/lib/lean:././.lake/packages/plausible/.lake/build/lib/lean:././.lake/packages/mathlib/.lake/build/lib/lean:././.lake/build/lib/lean /private/tmp/tlmc310-runtime/lean-4.19.0-darwin_aarch64/bin/lean -DwarningAsError=true ././././Conjecture1663/Challenges.lean -R ./././. -o ././.lake/build/lib/lean/Conjecture1663/Challenges.olean -i ././.lake/build/lib/lean/Conjecture1663/Challenges.ilean -c ././.lake/build/ir/Conjecture1663/Challenges.c --json
error: ././././Conjecture1663/Challenges.lean:49:6: type mismatch
  Eq.symm (Multiset.map_map ?m.7719 ?m.7720 ?m.7721)
has type
  Multiset.map (?m.7719 ∘ ?m.7720) ?m.7721 = Multiset.map ?m.7719 (Multiset.map ?m.7720 ?m.7721) : Prop
but is expected to have type
  Multiset.map (fun v => unlabelled (deleteVertex H (e v))) Finset.univ.val =
    Multiset.map (fun v => unlabelled (deleteVertex H v)) (Multiset.map (⇑e.toEquiv) Finset.univ.val) : Prop
error: ././././Conjecture1663/Challenges.lean:92:35: failed to synthesize
  Decidable (oneEdge.Adj 0 1)

Additional diagnostic information may be available using the `set_option diagnostics true` command.
error: ././././Conjecture1663/Challenges.lean:94:2: try 'simp at h01' instead of 'simpa using h01'
note: this linter can be disabled with `set_option linter.unnecessarySimpa false`
error: ././././Conjecture1663/Challenges.lean:110:45: unsolved goals
case h.mk.«0».«0»
⊢ ¬0 = (0, 1)

case h.mk.«1».«1»
⊢ ¬1 = (0, 1)
error: ././././Conjecture1663/Challenges.lean:118:2: try 'simp at h' instead of 'simpa using h'
note: this linter can be disabled with `set_option linter.unnecessarySimpa false`
error: ././././Conjecture1663/Challenges.lean:129:45: invalid constructor ⟨...⟩, expected type must be an inductive type 
  ∀ (n : ℕ), 2 ≤ n → ∀ (G H : Graph (n + 1)), deck G = deck H → 2 ≤ editDistance G H
error: Lean exited with code 1
Some required builds logged failures:
- Conjecture1663.Challenges
error: build failed
