{
  "status": "VERIFIED",
  "receipt": "/private/tmp/tlmc1663-author/evidence/negative-controls/case-giijawgm/evidence/runs/run-49ea2a7a73e44cb59cdd1b70a65acb3f-ns0oa_qn/receipt.json",
  "audit": {
    "owned_declarations": 62,
    "reachable_declarations": 4575,
    "axioms": [
      "Classical.choice",
      "Quot.sound",
      "propext"
    ]
  }
}
{
  "status": "NEGATIVE_CONTROLS_OK",
  "controls": [
    {
      "control": "changed_original",
      "status": "REJECTED_AS_REQUIRED",
      "reason": "Protected input changed: source/ORIGINAL.md"
    },
    {
      "control": "changed_mathematical_source",
      "status": "REJECTED_AS_REQUIRED",
      "reason": "Protected input changed: Conjecture1663/Proof.lean"
    },
    {
      "control": "changed_toolchain",
      "status": "REJECTED_AS_REQUIRED",
      "reason": "Protected input changed: lean-toolchain"
    },
    {
      "control": "changed_dependency_manifest",
      "status": "REJECTED_AS_REQUIRED",
      "reason": "Protected input changed: lake-manifest.json"
    },
    {
      "control": "changed_import_object_pins",
      "status": "REJECTED_AS_REQUIRED",
      "reason": "Protected input changed: IMPORTS.lock.json"
    },
    {
      "control": "changed_runtime_pins",
      "status": "REJECTED_AS_REQUIRED",
      "reason": "Protected input changed: RUNTIME.lock.json"
    },
    {
      "control": "changed_pin_registry",
      "status": "REJECTED_AS_REQUIRED",
      "reason": "Protected pin registry changed"
    },
    {
      "control": "changed_audit_program",
      "status": "REJECTED_AS_REQUIRED",
      "reason": "Protected input changed: scripts/Audit.lean"
    },
    {
      "control": "preexisting_success_cannot_replace_replay",
      "status": "FRESH_RUN_EXECUTED",
      "receipt": "/private/tmp/tlmc1663-author/evidence/negative-controls/case-giijawgm/evidence/runs/run-49ea2a7a73e44cb59cdd1b70a65acb3f-ns0oa_qn/receipt.json",
      "run_id": "49ea2a7a73e44cb59cdd1b70a65acb3f"
    },
    {
      "control": "stale_or_modified_audit_evidence",
      "status": "REJECTED_AS_REQUIRED",
      "reason": "Stale or changed evidence: audit.log"
    },
    {
      "control": "modified_owned_compiled_object",
      "status": "REJECTED_AS_REQUIRED",
      "reason": "Changed owned compiled object: .lake/build/lib/lean/Conjecture1663/Challenges.olean"
    }
  ],
  "root": "/private/tmp/tlmc1663-author/evidence/negative-controls/case-giijawgm"
}
